Archive member included to satisfy reference by file (symbol)

C:/devkitPro/nflib/lib\libnflib.a(nf_2d.o)
                              NFInitialisation.o (NF_Set2D)
C:/devkitPro/nflib/lib\libnflib.a(nf_basic.o)
                              C:/devkitPro/nflib/lib\libnflib.a(nf_2d.o) (NF_Error)
C:/devkitPro/nflib/lib\libnflib.a(nf_sprite256.o)
                              NFInitialisation.o (NF_InitSpriteBuffers)
C:/devkitPro/nflib/lib\libnflib.a(nf_tiledbg.o)
                              NFInitialisation.o (NF_InitTiledBgBuffers)
C:/devkitPro/libnds/lib\libfilesystem.a(nitrofs.o)
                              NFInitialisation.o (nitroFSInit)
C:/devkitPro/libnds/lib\libfat.a(libfat.o)
                              C:/devkitPro/libnds/lib\libfilesystem.a(nitrofs.o) (fatInitDefault)
C:/devkitPro/libnds/lib\libfat.a(disc.o)
                              C:/devkitPro/libnds/lib\libfat.a(libfat.o) (_FAT_disc_interfaces)
C:/devkitPro/libnds/lib\libfat.a(fatfile.o)
                              C:/devkitPro/libnds/lib\libfat.a(libfat.o) (_FAT_open_r)
C:/devkitPro/libnds/lib\libfat.a(cache.o)
                              C:/devkitPro/libnds/lib\libfat.a(fatfile.o) (_FAT_cache_readSectors)
C:/devkitPro/libnds/lib\libfat.a(fatdir.o)
                              C:/devkitPro/libnds/lib\libfat.a(libfat.o) (_FAT_stat_r)
C:/devkitPro/libnds/lib\libfat.a(directory.o)
                              C:/devkitPro/libnds/lib\libfat.a(fatfile.o) (_FAT_directory_entryGetCluster)
C:/devkitPro/libnds/lib\libfat.a(partition.o)
                              C:/devkitPro/libnds/lib\libfat.a(libfat.o) (_FAT_partition_destructor)
C:/devkitPro/libnds/lib\libfat.a(lock.o)
                              C:/devkitPro/libnds/lib\libfat.a(partition.o) (_FAT_lock_init)
C:/devkitPro/libnds/lib\libfat.a(filetime.o)
                              C:/devkitPro/libnds/lib\libfat.a(fatfile.o) (_FAT_filetime_getTimeFromRTC)
C:/devkitPro/libnds/lib\libfat.a(file_allocation_table.o)
                              C:/devkitPro/libnds/lib\libfat.a(fatfile.o) (_FAT_fat_nextCluster)
C:/devkitPro/libnds/lib\libdswifi9.a(sgIP_Hub.o)
                              ControlRoomLevel.o (htons)
C:/devkitPro/libnds/lib\libdswifi9.a(sgIP_memblock.o)
                              C:/devkitPro/libnds/lib\libdswifi9.a(sgIP_Hub.o) (sgIP_memblock_free)
C:/devkitPro/libnds/lib\libdswifi9.a(sgIP_sockets.o)
                              ControlRoomLevel.o (socket)
C:/devkitPro/libnds/lib\libdswifi9.a(wifi_arm9.o)
                              C:/devkitPro/libnds/lib\libdswifi9.a(sgIP_sockets.o) (sgIP_IntrWaitEvent)
C:/devkitPro/libnds/lib\libdswifi9.a(sgIP_ARP.o)
                              C:/devkitPro/libnds/lib\libdswifi9.a(wifi_arm9.o) (sgIP_ARP_FlushInterface)
C:/devkitPro/libnds/lib\libdswifi9.a(sgIP.o)
                              C:/devkitPro/libnds/lib\libdswifi9.a(wifi_arm9.o) (sgIP_Init)
C:/devkitPro/libnds/lib\libdswifi9.a(sgIP_UDP.o)
                              C:/devkitPro/libnds/lib\libdswifi9.a(sgIP.o) (sgIP_UDP_Init)
C:/devkitPro/libnds/lib\libdswifi9.a(sgIP_DHCP.o)
                              C:/devkitPro/libnds/lib\libdswifi9.a(sgIP.o) (sgIP_DHCP_Init)
C:/devkitPro/libnds/lib\libdswifi9.a(spinlock.o)
                              C:/devkitPro/libnds/lib\libdswifi9.a(wifi_arm9.o) (SLasm_Acquire)
C:/devkitPro/libnds/lib\libdswifi9.a(sgIP_DNS.o)
                              C:/devkitPro/libnds/lib\libdswifi9.a(sgIP.o) (sgIP_DNS_Init)
C:/devkitPro/libnds/lib\libdswifi9.a(sgIP_TCP.o)
                              C:/devkitPro/libnds/lib\libdswifi9.a(sgIP.o) (sgIP_TCP_Init)
C:/devkitPro/libnds/lib\libdswifi9.a(sgIP_IP.o)
                              C:/devkitPro/libnds/lib\libdswifi9.a(sgIP.o) (sgIP_IP_ReceivePacket)
C:/devkitPro/libnds/lib\libdswifi9.a(sgIP_ICMP.o)
                              C:/devkitPro/libnds/lib\libdswifi9.a(sgIP_IP.o) (sgIP_ICMP_ReceivePacket)
C:/devkitPro/libnds/lib\libnds9.a(console.o)
                              main.o (consoleDemoInit)
C:/devkitPro/libnds/lib\libnds9.a(keys.o)
                              InputHandler.o (scanKeys)
C:/devkitPro/libnds/lib\libnds9.a(sprite.o)
                              C:/devkitPro/nflib/lib\libnflib.a(nf_sprite256.o) (oamInit)
C:/devkitPro/libnds/lib\libnds9.a(trig.o)
                              C:/devkitPro/libnds/lib\libnds9.a(sprite.o) (sinLerp)
C:/devkitPro/libnds/lib\libnds9.a(video.o)
                              C:/devkitPro/nflib/lib\libnflib.a(nf_basic.o) (setBrightness)
C:/devkitPro/libnds/lib\libnds9.a(dldi.o)
                              C:/devkitPro/libnds/lib\libfat.a(disc.o) (dldiGetInternal)
C:/devkitPro/libnds/lib\libnds9.a(sd.twl.o)
                              C:/devkitPro/libnds/lib\libnds9.a(dldi.o) (__io_dsisd)
C:/devkitPro/libnds/lib\libnds9.a(initSystem.o)
                              C:/devkitPro/devkitARM/bin/../lib/gcc/arm-none-eabi/14.2.0/../../../../arm-none-eabi/lib/ds_arm9_crt0.o (initSystem)
C:/devkitPro/libnds/lib\libnds9.a(securearea.o)
[...]
Memory Configuration

Name             Origin             Length             Attributes
ewram            0x02000000         0x00380000
dtcm             0x02ff0000         0x00004000
vectors          0x01000000         0x00000100
itcm             0x01000100         0x00007f00
*default*        0x00000000         0xffffffff

Linker script and memory map

                0x020082dc                        __sync_synchronize = __sync_synchronize_none
                0x02380000                        __ewram_end = (ORIGIN (ewram) + LENGTH (ewram))
                0x02380000                        __eheap_end = (ORIGIN (ewram) + LENGTH (ewram))
                0x02ff4000                        __dtcm_top = (ORIGIN (dtcm) + LENGTH (dtcm))
                0x02ff3ff8                        __irq_flags = (__dtcm_top - 0x8)
                0x02ff3ffc                        __irq_vector = (__dtcm_top - 0x4)
                0x02ff3f00                        __sp_svc = (__dtcm_top - 0x100)
                0x02ff3e00                        __sp_irq = (__sp_svc - 0x100)
                0x02ff3d00                        __sp_usr = (__sp_irq - 0x100)

.secure         0x02000000      0x800
 *(.secure)
 .secure        0x02000000      0x800 C:/devkitPro/libnds/lib\libnds9.a(securearea.o)
                0x02000000                __secure_area__

.crt0           0x02000800      0x300
                0x02000800                        __text_start = .
 *(.crt0)
 .crt0          0x02000800      0x300 C:/devkitPro/devkitARM/bin/../lib/gcc/arm-none-eabi/14.2.0/../../../../arm-none-eabi/lib/ds_arm9_crt0.o
                0x02000800                _start
                0x02000b00                        . = ALIGN (0x4)

.plt
 *(.plt)

.init           0x02000b00       0x18
 *(SORT_NONE(.init))
 .init          0x02000b00        0xc C:/devkitPro/devkitARM/bin/../lib/gcc/arm-none-eabi/14.2.0/crti.o
                0x02000b00                _init
 .init          0x02000b0c        0xc C:/devkitPro/devkitARM/bin/../lib/gcc/arm-none-eabi/14.2.0/crtn.o

.text           0x02000b40    0x2b5d0
 *(EXCLUDE_FILE(*.twl* *.vectors* *.itcm*) .text)
 .text          0x02000b40      0x204 ControlRoomLevel.o
                0x02000b40                ControlRoomLevel::postRender()
                0x02000b40                ControlRoomLevel::render()
                0x02000b40                ControlRoomLevel::update()
                0x02000b44                ControlRoomLevel::handleInput(InputHandler&)
                0x02000b8c                ControlRoomLevel::unload()
                0x02000bc8                ControlRoomLevel::load()
                0x02000cd8                ControlRoomLevel::networkInit()
 .text          0x02000d44       0x3c InputHandler.o
                0x02000d44                InputHandler::updateKeys()
                0x02000d64                InputHandler::getKeysLastFrame()
                0x02000d6c                InputHandler::getKeysThisFrame()
                0x02000d74                InputHandler::getKeysPressed()
 .text          0x02000d80       0x5c NFInitialisation.o
                0x02000d80                initGFX()
 .text          0x02000ddc      0x65c C:/devkitPro/nflib/lib\libnflib.a(nf_2d.o)
                0x02000ddc                NF_Set2D
                0x02000e40                NF_ShowBg
                0x02000eb4                NF_HideBg
                0x02000f50                NF_ScrollBg
                0x0200124c                NF_SpriteFrame
                0x02001304                NF_EnableSpriteRotScale
                0x02001370                NF_DisableSpriteRotScale
                0x020013cc                NF_SpriteRotScale
 .text          0x02001438      0x624 C:/devkitPro/nflib/lib\libnflib.a(nf_basic.o)
                0x02001438                NF_Error
                0x02001720                NF_SetRootFolder
                0x020018fc                NF_DmaMemCopy
                0x02001980                NF_FileLoad
                0x02001a2c                NF_FileExists
 .text          0x02001a5c      0xf6c C:/devkitPro/nflib/lib\libnflib.a(nf_sprite256.o)
                0x02001a5c                NF_InitSpriteBuffers
                0x02001ab8                NF_ResetSpriteBuffers
                0x02001aec                NF_InitSpriteSys
                0x02001cf0                NF_LoadSpriteGfx
                0x02001d88                NF_UnloadSpriteGfx
                0x02001dec                NF_LoadSpritePal
                0x02001e6c                NF_UnloadSpritePal
                0x02001ec8                NF_VramSpriteGfx
                0x02002160                NF_VramSpriteGfxDefrag
                0x0200237c                NF_FreeSpriteGfx
                0x02002458                NF_VramSpritePal
                0x02002508                NF_CreateSprite
                0x020026d0                NF_DeleteSprite
                0x02002750                NF_SpriteOamSet
                0x02002814                NF_SpriteSetPalColor
                0x02002894                NF_SpriteEditPalColor
                0x020028e8                NF_SpriteUpdatePalette
                0x02002970                NF_SpriteGetPalColor
 .text          0x020029c8     0x154c C:/devkitPro/nflib/lib\libnflib.a(nf_tiledbg.o)
                0x020029c8                NF_InitTiledBgBuffers
                0x02002a5c                NF_ResetTiledBgBuffers
                0x02002ab8                NF_InitTiledBgSys
                0x02002c18                NF_LoadTiledBg
                0x02002dc4                NF_LoadTilesForBg
                0x02002f98                NF_UnloadTiledBg
                0x02003034                NF_DeleteTiledBg
                0x020031c0                NF_CreateTiledBg
                0x0200372c                NF_GetTileMapAddress
                0x020037b4                NF_GetTileOfMap
                0x020037f0                NF_SetTileOfMap
                0x02003830                NF_UpdateVramMap
                0x02003928                NF_BgSetPalColor
                0x020039bc                NF_BgEditPalColor
                0x02003a28                NF_BgUpdatePalette
                0x02003acc                NF_BgGetPalColor
                0x02003b3c                NF_GetTilePal
                0x02003b70                NF_SetTilePal
                0x02003bb0                NF_LoadExBgPal
                0x02003c10                NF_UnloadExBgPal
                0x02003c54                NF_VramExBgPal
                0x02003ce0                NF_SetExBgPal
                0x02003da0                NF_SetTileHflip
                0x02003dd8                NF_SetTileVflip
                0x02003e10                NF_RotateTileGfx
 .text          0x02003f14       0x5c C:/devkitPro/libnds/lib\libdswifi9.a(spinlock.o)
                0x02003f14                SLasm_Acquire
                0x02003f48                SLasm_Release
 *fill*         0x02003f70       0x10 ff
 .text          0x02003f80     0x4000 C:/devkitPro/libnds/lib\libnds9.a(dldi_stub.o)
                0x02003f80                _io_dldi_stub
 .text          0x02007f80       0x14 C:/devkitPro/devkitARM/bin/../lib/gcc/arm-none-eabi/14.2.0\libgcc.a(_thumb1_case_uqi.o)
                0x02007f80                __gnu_thumb1_case_uqi
 .text          0x02007f94       0x14 C:/devkitPro/devkitARM/bin/../lib/gcc/arm-none-eabi/14.2.0\libgcc.a(_thumb1_case_uhi.o)
                0x02007f94                __gnu_thumb1_case_uhi
 .text          0x02007fa8      0x114 C:/devkitPro/devkitARM/bin/../lib/gcc/arm-none-eabi/14.2.0\libgcc.a(_udivsi3.o)
                0x02007fa8                __aeabi_uidiv
                0x02007fa8                __udivsi3
                0x0200809c                __aeabi_uidivmod
 .text          0x020080bc      0x148 C:/devkitPro/devkitARM/bin/../lib/gcc/arm-none-eabi/14.2.0\libgcc.a(_divsi3.o)
                0x020080bc                __divsi3
                0x020080bc                __aeabi_idiv
                0x020081e4                __aeabi_idivmod
 .text          0x02008204        0x4 C:/devkitPro/devkitARM/bin/../lib/gcc/arm-none-eabi/14.2.0\libgcc.a(_dvmd_tls.o)
                0x02008204                __aeabi_idiv0
                0x02008204                __aeabi_ldiv0
 .text          0x02008208       0xd4 C:/devkitPro/devkitARM/bin/../lib/gcc/arm-none-eabi/14.2.0\libgcc.a(_aeabi_ldivmod.o)
                0x02008208                __aeabi_ldivmod
 .text          0x020082dc        0x4 C:/devkitPro/devkitARM/bin/../lib/gcc/arm-none-eabi/14.2.0\libgcc.a(_sync_none.o)
                0x020082dc                __sync_synchronize_none
 .text          0x020082e0      0x1b0 C:/devkitPro/devkitARM/bin/../lib/gcc/arm-none-eabi/14.2.0\libgcc.a(libunwind.o)
                0x020082e0                __restore_core_regs
                0x020082e0                restore_core_regs
                0x020082fc                __gnu_Unwind_Restore_VFP
                0x02008304                __gnu_Unwind_Save_VFP
                0x0200830c                __gnu_Unwind_Restore_VFP_D
                0x02008314                __gnu_Unwind_Save_VFP_D
                0x0200831c                __gnu_Unwind_Restore_VFP_D_16_to_31
                0x02008324                __gnu_Unwind_Save_VFP_D_16_to_31
                0x0200832c                __gnu_Unwind_Restore_WMMXD
                0x02008370                __gnu_Unwind_Save_WMMXD
                0x020083b4                __gnu_Unwind_Restore_WMMXC
                0x020083c8                __gnu_Unwind_Save_WMMXC
                0x020083dc                ___Unwind_RaiseException
                0x020083dc                _Unwind_RaiseException
                0x02008400                _Unwind_Resume
                0x02008400                ___Unwind_Resume
                0x02008424                _Unwind_Resume_or_Rethrow
                0x02008424                ___Unwind_Resume_or_Rethrow
                0x02008448                _Unwind_ForcedUnwind
                0x02008448                ___Unwind_ForcedUnwind
                0x0200846c                ___Unwind_Backtrace
                0x0200846c                _Unwind_Backtrace
 .text          0x02008490       0x28 C:/devkitPro/devkitARM/bin/../lib/gcc/arm-none-eabi/14.2.0\libgcc.a(_clzdi2.o)
                0x02008490                __clzdi2
 .text          0x020084b8       0x48 C:/devkitPro/devkitARM/bin/../lib/gcc/arm-none-eabi/14.2.0\libgcc.a(_clzsi2.o)
                0x020084b8                __clzsi2
 .text          0x02008500      0x224 C:/devkitPro/devkitARM/bin/../lib/gcc/arm-none-eabi/14.2.0/../../../../arm-none-eabi/lib\libg.a(libc_a-strcmp.o)
                0x02008500                strcmp
 .text          0x02008724      0x424 C:/devkitPro/devkitARM/bin/../lib/gcc/arm-none-eabi/14.2.0\libgcc.a(_arm_addsubdf3.o)
                0x02008724                __aeabi_drsub
                0x0200872c                __aeabi_dsub
                0x0200872c                __subdf3
                0x02008730                __aeabi_dadd
                0x02008730                __adddf3
                0x02008a40                __floatunsidf
                0x02008a40                __aeabi_ui2d
                0x02008a64                __floatsidf
                0x02008a64                __aeabi_i2d
                0x02008a8c                __aeabi_f2d
                0x02008a8c                __extendsfdf2
                0x02008ad4                __floatundidf
                0x02008ad4                __aeabi_ul2d
                0x02008ae8                __floatdidf
                0x02008ae8                __aeabi_l2d
 .text          0x02008b48      0x49c C:/devkitPro/devkitARM/bin/../lib/gcc/arm-none-eabi/14.2.0\libgcc.a(_arm_muldivdf3.o)
                0x02008b48                __aeabi_dmul
                0x02008b48                __muldf3
                0x02008dd8                __divdf3
                0x02008dd8                __aeabi_ddiv
 .text          0x02008fe4      0x144 C:/devkitPro/devkitARM/bin/../lib/gcc/arm-none-eabi/14.2.0\libgcc.a(_arm_cmpdf2.o)
                0x02008fe4                __gtdf2
                0x02008fe4                __gedf2
                0x02008fec                __ltdf2
                0x02008fec                __ledf2
                0x02008ff4                __nedf2
                0x02008ff4                __eqdf2
                0x02008ff4                __cmpdf2
                0x0200907c                __aeabi_cdrcmple
                0x02009098                __aeabi_cdcmpeq
                0x02009098                __aeabi_cdcmple
                0x020090b0                __aeabi_dcmpeq
                0x020090c8                __aeabi_dcmplt
                0x020090e0                __aeabi_dcmple
                0x020090f8                __aeabi_dcmpge
                0x02009110                __aeabi_dcmpgt
 .text          0x02009128       0x38 C:/devkitPro/devkitARM/bin/../lib/gcc/arm-none-eabi/14.2.0\libgcc.a(_arm_unorddf2.o)
                0x02009128                __unorddf2
                0x02009128                __aeabi_dcmpun
 .text          0x02009160       0x5c C:/devkitPro/devkitARM/bin/../lib/gcc/arm-none-eabi/14.2.0\libgcc.a(_arm_fixdfsi.o)
                0x02009160                __aeabi_d2iz
                0x02009160                __fixdfsi
 .text          0x020091bc       0x3c C:/devkitPro/devkitARM/bin/../lib/gcc/arm-none-eabi/14.2.0\libgcc.a(_aeabi_uldivmod.o)
                0x020091bc                __aeabi_uldivmod
 *(EXCLUDE_FILE(*.twl* *.vectors* *.itcm*) .stub)
 *(EXCLUDE_FILE(*.twl* *.vectors* *.itcm*) .text.*)
 .text.__do_global_dtors_aux
                0x020091f8       0x40 C:/devkitPro/devkitARM/bin/../lib/gcc/arm-none-eabi/14.2.0/crtbegin.o
 .text.frame_dummy
                0x02009238       0x30 C:/devkitPro/devkitARM/bin/../lib/gcc/arm-none-eabi/14.2.0/crtbegin.o
 .text.startup  0x02009268      0x100 main.o
                0x02009268                main
 .text.nitroFSDirClose
                0x02009368        0x4 C:/devkitPro/libnds/lib\libfilesystem.a(nitrofs.o)
 .text.nitroFSSeek
                0x0200936c       0x78 C:/devkitPro/libnds/lib\libfilesystem.a(nitrofs.o)
 .text.nitroFSFstat
                0x020093e4       0x10 C:/devkitPro/libnds/lib\libfilesystem.a(nitrofs.o)
 .text.nitroSubReadBlock
                0x020093f4       0x54 C:/devkitPro/libnds/lib\libfilesystem.a(nitrofs.o)
 .text.nitroSubReadCard
                0x02009448       0xb0 C:/devkitPro/libnds/lib\libfilesystem.a(nitrofs.o)
 .text.nitroFSClose
                0x020094f8        0x4 C:/devkitPro/libnds/lib\libfilesystem.a(nitrofs.o)
 .text.nitroDirReset
                0x020094fc       0x9c C:/devkitPro/libnds/lib\libfilesystem.a(nitrofs.o)
 .text.nitroFSRead
                0x02009598       0xbc C:/devkitPro/libnds/lib\libfilesystem.a(nitrofs.o)
 .text.nitroFSDirNext
                0x02009654      0x30c C:/devkitPro/libnds/lib\libfilesystem.a(nitrofs.o)
 .text.nitroFSDirOpen
                0x02009960       0xe0 C:/devkitPro/libnds/lib\libfilesystem.a(nitrofs.o)
 .text.nitroFSChdir
                0x02009a40       0x30 C:/devkitPro/libnds/lib\libfilesystem.a(nitrofs.o)
 .text.nitroFSOpen
                0x02009a70       0xc4 C:/devkitPro/libnds/lib\libfilesystem.a(nitrofs.o)
 .text.nitroFSstat
                0x02009b34       0x68 C:/devkitPro/libnds/lib\libfilesystem.a(nitrofs.o)
 .text.nitroFSInit
                0x02009b9c      0x12c C:/devkitPro/libnds/lib\libfilesystem.a(nitrofs.o)
                0x02009b9c                nitroFSInit
 .text.fatMount.part.0
                0x02009cc8       0xa0 C:/devkitPro/libnds/lib\libfat.a(libfat.o)
 .text.fatMount
                0x02009d68       0x3c C:/devkitPro/libnds/lib\libfat.a(libfat.o)
                0x02009d68                fatMount
 .text.fatInit  0x02009da4      0x130 C:/devkitPro/libnds/lib\libfat.a(libfat.o)
                0x02009da4                fatInit
 .text.fatInitDefault
                0x02009ed4        0xc C:/devkitPro/libnds/lib\libfat.a(libfat.o)
                0x02009ed4                fatInitDefault
 .text._FAT_check_position_for_next_cluster.part.0
                0x02009ee0       0x68 C:/devkitPro/libnds/lib\libfat.a(fatfile.o)
 .text._FAT_syncToDisc.part.0
                0x02009f48       0xd4 C:/devkitPro/libnds/lib\libfat.a(fatfile.o)
 .text._FAT_file_extend_r
                0x0200a01c      0x208 C:/devkitPro/libnds/lib\libfat.a(fatfile.o)
 .text._FAT_open_r
                0x0200a224      0x2d4 C:/devkitPro/libnds/lib\libfat.a(fatfile.o)
                0x0200a224                _FAT_open_r
 .text._FAT_close_r
                0x0200a4f8       0x74 C:/devkitPro/libnds/lib\libfat.a(fatfile.o)
                0x0200a4f8                _FAT_close_r
 .text._FAT_read_r
                0x0200a56c      0x398 C:/devkitPro/libnds/lib\libfat.a(fatfile.o)
                0x0200a56c                _FAT_read_r
 .text._FAT_write_r
                0x0200a904      0x53c C:/devkitPro/libnds/lib\libfat.a(fatfile.o)
                0x0200a904                _FAT_write_r
 .text._FAT_seek_r
                0x0200ae40      0x194 C:/devkitPro/libnds/lib\libfat.a(fatfile.o)
                0x0200ae40                _FAT_seek_r
 .text._FAT_fstat_r
                0x0200afd4       0x8c C:/devkitPro/libnds/lib\libfat.a(fatfile.o)
                0x0200afd4                _FAT_fstat_r
 .text._FAT_ftruncate_r
                0x0200b060      0x16c C:/devkitPro/libnds/lib\libfat.a(fatfile.o)
                0x0200b060                _FAT_ftruncate_r
 .text._FAT_fsync_r
                0x0200b1cc       0x44 C:/devkitPro/libnds/lib\libfat.a(fatfile.o)
                0x0200b1cc                _FAT_fsync_r
 .text._FAT_cache_getPage
                0x0200b210       0xf0 C:/devkitPro/libnds/lib\libfat.a(cache.o)
 .text._FAT_cache_constructor
                0x0200b300       0x90 C:/devkitPro/libnds/lib\libfat.a(cache.o)
                0x0200b300                _FAT_cache_constructor
 .text._FAT_cache_readSectors
                0x0200b390       0x60 C:/devkitPro/libnds/lib\libfat.a(cache.o)
                0x0200b390                _FAT_cache_readSectors
 .text._FAT_cache_readPartialSector
                0x0200b3f0       0x3c C:/devkitPro/libnds/lib\libfat.a(cache.o)
                0x0200b3f0                _FAT_cache_readPartialSector
 .text._FAT_cache_readLittleEndianValue
                0x0200b42c       0x70 C:/devkitPro/libnds/lib\libfat.a(cache.o)
                0x0200b42c                _FAT_cache_readLittleEndianValue
 .text._FAT_cache_writePartialSector
                0x0200b49c       0x4c C:/devkitPro/libnds/lib\libfat.a(cache.o)
                0x0200b49c                _FAT_cache_writePartialSector
 .text._FAT_cache_writeLittleEndianValue
                0x0200b4e8       0x8c C:/devkitPro/libnds/lib\libfat.a(cache.o)
                0x0200b4e8                _FAT_cache_writeLittleEndianValue
 .text._FAT_cache_eraseWritePartialSector
                0x0200b574       0x60 C:/devkitPro/libnds/lib\libfat.a(cache.o)
                0x0200b574                _FAT_cache_eraseWritePartialSector
 .text._FAT_cache_writeSectors
                0x0200b5d4       0x80 C:/devkitPro/libnds/lib\libfat.a(cache.o)
                0x0200b5d4                _FAT_cache_writeSectors
 .text._FAT_cache_flush
                0x0200b654       0x40 C:/devkitPro/libnds/lib\libfat.a(cache.o)
                0x0200b654                _FAT_cache_flush
 .text._FAT_stat_r
                0x0200b694       0x90 C:/devkitPro/libnds/lib\libfat.a(fatdir.o)
                0x0200b694                _FAT_stat_r
 .text._FAT_link_r
                0x0200b724        0xc C:/devkitPro/libnds/lib\libfat.a(fatdir.o)
                0x0200b724                _FAT_link_r
 .text._FAT_unlink_r
                0x0200b730      0x184 C:/devkitPro/libnds/lib\libfat.a(fatdir.o)
                0x0200b730                _FAT_unlink_r
 .text._FAT_chdir_r
                0x0200b8b4       0x70 C:/devkitPro/libnds/lib\libfat.a(fatdir.o)
                0x0200b8b4                _FAT_chdir_r
 .text._FAT_rename_r
                0x0200b924      0x1c4 C:/devkitPro/libnds/lib\libfat.a(fatdir.o)
                0x0200b924                _FAT_rename_r
 .text._FAT_mkdir_r
                0x0200bae8      0x244 C:/devkitPro/libnds/lib\libfat.a(fatdir.o)
                0x0200bae8                _FAT_mkdir_r
 .text._FAT_statvfs_r
                0x0200bd2c       0x78 C:/devkitPro/libnds/lib\libfat.a(fatdir.o)
                0x0200bd2c                _FAT_statvfs_r
 .text._FAT_diropen_r
                0x0200bda4       0xb0 C:/devkitPro/libnds/lib\libfat.a(fatdir.o)
                0x0200bda4                _FAT_diropen_r
 .text._FAT_dirreset_r
                0x0200be54       0x4c C:/devkitPro/libnds/lib\libfat.a(fatdir.o)
                0x0200be54                _FAT_dirreset_r
 .text._FAT_dirnext_r
                0x0200bea0       0x7c C:/devkitPro/libnds/lib\libfat.a(fatdir.o)
                0x0200bea0                _FAT_dirnext_r
 .text._FAT_dirclose_r
                0x0200bf1c       0x20 C:/devkitPro/libnds/lib\libfat.a(fatdir.o)
                0x0200bf1c                _FAT_dirclose_r
 .text._FAT_directory_entryGetAlias
                0x0200bf3c       0xc8 C:/devkitPro/libnds/lib\libfat.a(directory.o)
 .text._FAT_directory_incrementDirEntryPosition
                0x0200c004       0x80 C:/devkitPro/libnds/lib\libfat.a(directory.o)
 .text._FAT_directory_mbsncasecmp
                0x0200c084       0xa8 C:/devkitPro/libnds/lib\libfat.a(directory.o)
 .text._FAT_directory_ucs2tombs.constprop.0
                0x0200c12c       0x90 C:/devkitPro/libnds/lib\libfat.a(directory.o)
 .text._FAT_directory_entryGetCluster
                0x0200c1bc       0x20 C:/devkitPro/libnds/lib\libfat.a(directory.o)
                0x0200c1bc                _FAT_directory_entryGetCluster
 .text._FAT_directory_getNextEntry
                0x0200c1dc      0x23c C:/devkitPro/libnds/lib\libfat.a(directory.o)
                0x0200c1dc                _FAT_directory_getNextEntry
 .text._FAT_directory_entryExists
                0x0200c418       0x80 C:/devkitPro/libnds/lib\libfat.a(directory.o)
 .text._FAT_directory_getFirstEntry
                0x0200c498       0x20 C:/devkitPro/libnds/lib\libfat.a(directory.o)
                0x0200c498                _FAT_directory_getFirstEntry
 .text._FAT_directory_getRootEntry
                0x0200c4b8       0x60 C:/devkitPro/libnds/lib\libfat.a(directory.o)
                0x0200c4b8                _FAT_directory_getRootEntry
 .text._FAT_directory_entryFromPosition
                0x0200c518      0x150 C:/devkitPro/libnds/lib\libfat.a(directory.o)
                0x0200c518                _FAT_directory_entryFromPosition
 .text._FAT_directory_entryFromPath
                0x0200c668      0x248 C:/devkitPro/libnds/lib\libfat.a(directory.o)
                0x0200c668                _FAT_directory_entryFromPath
 .text._FAT_directory_removeEntry
                0x0200c8b0       0xd8 C:/devkitPro/libnds/lib\libfat.a(directory.o)
                0x0200c8b0                _FAT_directory_removeEntry
 .text._FAT_directory_addEntry
                0x0200c988      0x808 C:/devkitPro/libnds/lib\libfat.a(directory.o)
                0x0200c988                _FAT_directory_addEntry
 .text._FAT_directory_chdir
                0x0200d190       0x3c C:/devkitPro/libnds/lib\libfat.a(directory.o)
                0x0200d190                _FAT_directory_chdir
 .text._FAT_directory_entryStat
                0x0200d1cc       0xe4 C:/devkitPro/libnds/lib\libfat.a(directory.o)
                0x0200d1cc                _FAT_directory_entryStat
 .text.isValidMBR
                0x0200d2b0       0x5c C:/devkitPro/libnds/lib\libfat.a(partition.o)
 .text._FAT_updateFS_INFO
                0x0200d30c       0x54 C:/devkitPro/libnds/lib\libfat.a(partition.o)
 .text.FindFirstValidPartition_buf.part.0
                0x0200d360      0x11c C:/devkitPro/libnds/lib\libfat.a(partition.o)
 .text._FAT_partition_getPartitionFromPath
                0x0200d47c       0x10 C:/devkitPro/libnds/lib\libfat.a(partition.o)
                0x0200d47c                _FAT_partition_getPartitionFromPath
 .text._FAT_partition_createFSinfo
                0x0200d48c       0x50 C:/devkitPro/libnds/lib\libfat.a(partition.o)
                0x0200d48c                _FAT_partition_createFSinfo
 .text._FAT_partition_readFSinfo.part.0
                0x0200d4dc       0x74 C:/devkitPro/libnds/lib\libfat.a(partition.o)
 .text._FAT_partition_constructor_buf
                0x0200d550      0x2e8 C:/devkitPro/libnds/lib\libfat.a(partition.o)
                0x0200d550                _FAT_partition_constructor_buf
 .text._FAT_partition_constructor
                0x0200d838       0x40 C:/devkitPro/libnds/lib\libfat.a(partition.o)
                0x0200d838                _FAT_partition_constructor
 .text._FAT_partition_readFSinfo
                0x0200d878       0x10 C:/devkitPro/libnds/lib\libfat.a(partition.o)
                0x0200d878                _FAT_partition_readFSinfo
 .text._FAT_lock_init
                0x0200d888        0x4 C:/devkitPro/libnds/lib\libfat.a(lock.o)
                0x0200d888                _FAT_lock_init
 .text._FAT_lock
                0x0200d88c        0x4 C:/devkitPro/libnds/lib\libfat.a(lock.o)
                0x0200d88c                _FAT_lock
 .text._FAT_unlock
                0x0200d890        0x4 C:/devkitPro/libnds/lib\libfat.a(lock.o)
                0x0200d890                _FAT_unlock
 .text._FAT_filetime_getTimeFromRTC
                0x0200d894       0x44 C:/devkitPro/libnds/lib\libfat.a(filetime.o)
                0x0200d894                _FAT_filetime_getTimeFromRTC
 .text._FAT_filetime_getDateFromRTC
                0x0200d8d8       0x44 C:/devkitPro/libnds/lib\libfat.a(filetime.o)
                0x0200d8d8                _FAT_filetime_getDateFromRTC
 .text._FAT_filetime_to_time_t
                0x0200d91c       0x38 C:/devkitPro/libnds/lib\libfat.a(filetime.o)
                0x0200d91c                _FAT_filetime_to_time_t
 .text._FAT_fat_writeFatEntry.part.0.isra.0
                0x0200d954      0x12c C:/devkitPro/libnds/lib\libfat.a(file_allocation_table.o)
 .text._FAT_fat_nextCluster
                0x0200da80      0x108 C:/devkitPro/libnds/lib\libfat.a(file_allocation_table.o)
                0x0200da80                _FAT_fat_nextCluster
 .text._FAT_fat_linkFreeCluster
                0x0200db88       0xac C:/devkitPro/libnds/lib\libfat.a(file_allocation_table.o)
                0x0200db88                _FAT_fat_linkFreeCluster
 .text._FAT_fat_linkFreeClusterCleared
                0x0200dc34       0x68 C:/devkitPro/libnds/lib\libfat.a(file_allocation_table.o)
                0x0200dc34                _FAT_fat_linkFreeClusterCleared
 .text._FAT_fat_clearLinks
                0x0200dc9c       0x7c C:/devkitPro/libnds/lib\libfat.a(file_allocation_table.o)
                0x0200dc9c                _FAT_fat_clearLinks
 .text._FAT_fat_trimChain
                0x0200dd18       0x80 C:/devkitPro/libnds/lib\libfat.a(file_allocation_table.o)
                0x0200dd18                _FAT_fat_trimChain
 .text._FAT_fat_lastCluster
                0x0200dd98       0x34 C:/devkitPro/libnds/lib\libfat.a(file_allocation_table.o)
                0x0200dd98                _FAT_fat_lastCluster
 .text._FAT_fat_freeClusterCount
                0x0200ddcc       0x2c C:/devkitPro/libnds/lib\libfat.a(file_allocation_table.o)
                0x0200ddcc                _FAT_fat_freeClusterCount
 .text.sgIP_Hub_Init
                0x0200ddf8       0x14 C:/devkitPro/libnds/lib\libdswifi9.a(sgIP_Hub.o)
                0x0200ddf8                sgIP_Hub_Init
 .text.sgIP_Hub_AddProtocolInterface
                0x0200de0c       0x3c C:/devkitPro/libnds/lib\libdswifi9.a(sgIP_Hub.o)
                0x0200de0c                sgIP_Hub_AddProtocolInterface
 .text.sgIP_Hub_AddHardwareInterface
                0x0200de48       0x3c C:/devkitPro/libnds/lib\libdswifi9.a(sgIP_Hub.o)
                0x0200de48                sgIP_Hub_AddHardwareInterface
 .text.sgIP_Hub_ReceiveHardwarePacket
                0x0200de84       0x5c C:/devkitPro/libnds/lib\libdswifi9.a(sgIP_Hub.o)
                0x0200de84                sgIP_Hub_ReceiveHardwarePacket
 .text.sgIP_Hub_SendProtocolPacket
                0x0200dee0       0x40 C:/devkitPro/libnds/lib\libdswifi9.a(sgIP_Hub.o)
                0x0200dee0                sgIP_Hub_SendProtocolPacket
 .text.sgIP_Hub_SendRawPacket
                0x0200df20       0x24 C:/devkitPro/libnds/lib\libdswifi9.a(sgIP_Hub.o)
                0x0200df20                sgIP_Hub_SendRawPacket
 .text.sgIP_Hub_IPMaxMessageSize
                0x0200df44        0x8 C:/devkitPro/libnds/lib\libdswifi9.a(sgIP_Hub.o)
                0x0200df44                sgIP_Hub_IPMaxMessageSize
 .text.sgIP_Hub_GetCompatibleIP
                0x0200df4c       0x14 C:/devkitPro/libnds/lib\libdswifi9.a(sgIP_Hub.o)
                0x0200df4c                sgIP_Hub_GetCompatibleIP
 .text.sgIP_Hub_GetDefaultInterface
                0x0200df60       0x14 C:/devkitPro/libnds/lib\libdswifi9.a(sgIP_Hub.o)
                0x0200df60                sgIP_Hub_GetDefaultInterface
 .text.htons    0x0200df74        0xc C:/devkitPro/libnds/lib\libdswifi9.a(sgIP_Hub.o)
                0x0200df74                htons
 .text.htonl    0x0200df80       0x1c C:/devkitPro/libnds/lib\libdswifi9.a(sgIP_Hub.o)
                0x0200df80                htonl
 .text.sgIP_memblock_Init
                0x0200df9c        0x2 C:/devkitPro/libnds/lib\libdswifi9.a(sgIP_memblock.o)
                0x0200df9c                sgIP_memblock_Init
 .text.sgIP_memblock_allocHW
                0x0200df9e       0x24 C:/devkitPro/libnds/lib\libdswifi9.a(sgIP_memblock.o)
                0x0200df9e                sgIP_memblock_allocHW
 .text.sgIP_memblock_alloc
                0x0200dfc2        0xc C:/devkitPro/libnds/lib\libdswifi9.a(sgIP_memblock.o)
                0x0200dfc2                sgIP_memblock_alloc
 *fill*         0x0200dfce        0x2 ff
 .text.sgIP_memblock_free
                0x0200dfd0       0x28 C:/devkitPro/libnds/lib\libdswifi9.a(sgIP_memblock.o)
                0x0200dfd0                sgIP_memblock_free
 .text.sgIP_memblock_exposeheader
                0x0200dff8       0x26 C:/devkitPro/libnds/lib\libdswifi9.a(sgIP_memblock.o)
                0x0200dff8                sgIP_memblock_exposeheader
 .text.sgIP_memblock_trimsize
                0x0200e01e       0x2e C:/devkitPro/libnds/lib\libdswifi9.a(sgIP_memblock.o)
                0x0200e01e                sgIP_memblock_trimsize
 .text.sgIP_memblock_IPChecksum
                0x0200e04c       0x92 C:/devkitPro/libnds/lib\libdswifi9.a(sgIP_memblock.o)
                0x0200e04c                sgIP_memblock_IPChecksum
 .text.sgIP_memblock_CopyToLinear
                0x0200e0de       0x5c C:/devkitPro/libnds/lib\libdswifi9.a(sgIP_memblock.o)
                0x0200e0de                sgIP_memblock_CopyToLinear
 .text.sgIP_memblock_CopyFromLinear
                0x0200e13a       0x5c C:/devkitPro/libnds/lib\libdswifi9.a(sgIP_memblock.o)
                0x0200e13a                sgIP_memblock_CopyFromLinear
 *fill*         0x0200e196        0x2 ff
 .text.sgIP_sockets_Init
                0x0200e198       0x18 C:/devkitPro/libnds/lib\libdswifi9.a(sgIP_sockets.o)
                0x0200e198                sgIP_sockets_Init
 .text.socket   0x0200e1b0       0x90 C:/devkitPro/libnds/lib\libdswifi9.a(sgIP_sockets.o)
                0x0200e1b0                socket
 .text.forceclosesocket
                0x0200e240       0x5c C:/devkitPro/libnds/lib\libdswifi9.a(sgIP_sockets.o)
                0x0200e240                forceclosesocket
 .text.sgIP_sockets_Timer1000ms
                0x0200e29c       0x50 C:/devkitPro/libnds/lib\libdswifi9.a(sgIP_sockets.o)
                0x0200e29c                sgIP_sockets_Timer1000ms
 .text.bind     0x0200e2ec       0x68 C:/devkitPro/libnds/lib\libdswifi9.a(sgIP_sockets.o)
                0x0200e2ec                bind
 .text.connect  0x0200e354       0xb4 C:/devkitPro/libnds/lib\libdswifi9.a(sgIP_sockets.o)
                0x0200e354                connect
 .text.send     0x0200e408       0x94 C:/devkitPro/libnds/lib\libdswifi9.a(sgIP_sockets.o)
                0x0200e408                send
 .text.sendto   0x0200e49c       0x74 C:/devkitPro/libnds/lib\libdswifi9.a(sgIP_sockets.o)
                0x0200e49c                sendto
 .text.recvfrom
                0x0200e510       0xac C:/devkitPro/libnds/lib\libdswifi9.a(sgIP_sockets.o)
                0x0200e510                recvfrom
 .text.shutdown
                0x0200e5bc       0x5c C:/devkitPro/libnds/lib\libdswifi9.a(sgIP_sockets.o)
                0x0200e5bc                shutdown
 .text.closesocket
                0x0200e618       0x94 C:/devkitPro/libnds/lib\libdswifi9.a(sgIP_sockets.o)
                0x0200e618                closesocket
 .text.ioctl    0x0200e6ac       0xac C:/devkitPro/libnds/lib\libdswifi9.a(sgIP_sockets.o)
                0x0200e6ac                ioctl
 .text.gethostbyname
                0x0200e758        0x8 C:/devkitPro/libnds/lib\libdswifi9.a(sgIP_sockets.o)
                0x0200e758                gethostbyname
 .text.Wifi_Interface_Init
                0x0200e760       0x4c C:/devkitPro/libnds/lib\libdswifi9.a(wifi_arm9.o)
                0x0200e760                Wifi_Interface_Init
 .text.arm9_synctoarm7
                0x0200e7ac        0xc C:/devkitPro/libnds/lib\libdswifi9.a(wifi_arm9.o)
                0x0200e7ac                arm9_synctoarm7
 .text.sgIP_IntrWaitEvent
                0x0200e7b8        0x2 C:/devkitPro/libnds/lib\libdswifi9.a(wifi_arm9.o)
                0x0200e7b8                sgIP_IntrWaitEvent
 *fill*         0x0200e7ba        0x2 ff
 .text.wHeapAllocInit
                0x0200e7bc       0x2c C:/devkitPro/libnds/lib\libdswifi9.a(wifi_arm9.o)
                0x0200e7bc                wHeapAllocInit
 .text.wHeapAlloc
                0x0200e7e8       0xac C:/devkitPro/libnds/lib\libdswifi9.a(wifi_arm9.o)
                0x0200e7e8                wHeapAlloc
 .text.wHeapFree
                0x0200e894       0x1c C:/devkitPro/libnds/lib\libdswifi9.a(wifi_arm9.o)
                0x0200e894                wHeapFree
 .text.sgIP_malloc
                0x0200e8b0        0x8 C:/devkitPro/libnds/lib\libdswifi9.a(wifi_arm9.o)
                0x0200e8b0                sgIP_malloc
 .text.sgIP_free
                0x0200e8b8        0x8 C:/devkitPro/libnds/lib\libdswifi9.a(wifi_arm9.o)
                0x0200e8b8                sgIP_free
 .text.erasemem
                0x0200e8c0       0x10 C:/devkitPro/libnds/lib\libdswifi9.a(wifi_arm9.o)
                0x0200e8c0                erasemem
 .text.Wifi_CmpMacAddr
                0x0200e8d0       0x22 C:/devkitPro/libnds/lib\libdswifi9.a(wifi_arm9.o)
                0x0200e8d0                Wifi_CmpMacAddr
 *fill*         0x0200e8f2        0x2 ff
 .text.Wifi_TxBufferWordsAvailable
                0x0200e8f4       0x28 C:/devkitPro/libnds/lib\libdswifi9.a(wifi_arm9.o)
                0x0200e8f4                Wifi_TxBufferWordsAvailable
 .text.Wifi_TxBufferWrite
                0x0200e91c       0x4c C:/devkitPro/libnds/lib\libdswifi9.a(wifi_arm9.o)
                0x0200e91c                Wifi_TxBufferWrite
 .text.Wifi_TransmitFunction
                0x0200e968      0x200 C:/devkitPro/libnds/lib\libdswifi9.a(wifi_arm9.o)
                0x0200e968                Wifi_TransmitFunction
 .text.Wifi_RxRawReadPacket
                0x0200eb68       0x68 C:/devkitPro/libnds/lib\libdswifi9.a(wifi_arm9.o)
                0x0200eb68                Wifi_RxRawReadPacket
 .text.Wifi_RxReadOffset
                0x0200ebd0       0x2c C:/devkitPro/libnds/lib\libdswifi9.a(wifi_arm9.o)
                0x0200ebd0                Wifi_RxReadOffset
 .text.Wifi_GetNumAP
                0x0200ebfc       0x28 C:/devkitPro/libnds/lib\libdswifi9.a(wifi_arm9.o)
                0x0200ebfc                Wifi_GetNumAP
 .text.Wifi_GetAPData
                0x0200ec24       0x88 C:/devkitPro/libnds/lib\libdswifi9.a(wifi_arm9.o)
                0x0200ec24                Wifi_GetAPData
 .text.Wifi_FindMatchingAP
                0x0200ecac       0xc6 C:/devkitPro/libnds/lib\libdswifi9.a(wifi_arm9.o)
                0x0200ecac                Wifi_FindMatchingAP
 *fill*         0x0200ed72        0x2 ff
 .text.Wifi_AutoConnect
                0x0200ed74       0x2c C:/devkitPro/libnds/lib\libdswifi9.a(wifi_arm9.o)
                0x0200ed74                Wifi_AutoConnect
 .text.Wifi_DisconnectAP
                0x0200eda0       0x2c C:/devkitPro/libnds/lib\libdswifi9.a(wifi_arm9.o)
                0x0200eda0                Wifi_DisconnectAP
 .text.Wifi_Init
                0x0200edcc       0x7c C:/devkitPro/libnds/lib\libdswifi9.a(wifi_arm9.o)
                0x0200edcc                Wifi_Init
 .text.Wifi_CheckInit
                0x0200ee48       0x20 C:/devkitPro/libnds/lib\libdswifi9.a(wifi_arm9.o)
                0x0200ee48                Wifi_CheckInit
 .text.Wifi_Update
                0x0200ee68      0x238 C:/devkitPro/libnds/lib\libdswifi9.a(wifi_arm9.o)
                0x0200ee68                Wifi_Update
 .text.Wifi_Timer
                0x0200f0a0       0x10 C:/devkitPro/libnds/lib\libdswifi9.a(wifi_arm9.o)
                0x0200f0a0                Wifi_Timer
 .text.Timer_50ms
                0x0200f0b0        0xa C:/devkitPro/libnds/lib\libdswifi9.a(wifi_arm9.o)
                0x0200f0b0                Timer_50ms
 *fill*         0x0200f0ba        0x2 ff
 .text.Wifi_SetIP
                0x0200f0bc       0x24 C:/devkitPro/libnds/lib\libdswifi9.a(wifi_arm9.o)
                0x0200f0bc                Wifi_SetIP
 .text.Wifi_AssocStatus
                0x0200f0e0      0x30c C:/devkitPro/libnds/lib\libdswifi9.a(wifi_arm9.o)
                0x0200f0e0                Wifi_AssocStatus
 .text.Wifi_Sync
                0x0200f3ec       0x1c C:/devkitPro/libnds/lib\libdswifi9.a(wifi_arm9.o)
                0x0200f3ec                Wifi_Sync
 .text.wifiValue32Handler
                0x0200f408        0xc C:/devkitPro/libnds/lib\libdswifi9.a(wifi_arm9.o)
                0x0200f408                wifiValue32Handler
 .text.Wifi_InitDefault
                0x0200f414       0x8c C:/devkitPro/libnds/lib\libdswifi9.a(wifi_arm9.o)
                0x0200f414                Wifi_InitDefault
 .text.sgIP_FindArpSlot
                0x0200f4a0       0x2c C:/devkitPro/libnds/lib\libdswifi9.a(sgIP_ARP.o)
                0x0200f4a0                sgIP_FindArpSlot
 .text.sgIP_GetArpSlot
                0x0200f4cc       0x48 C:/devkitPro/libnds/lib\libdswifi9.a(sgIP_ARP.o)
                0x0200f4cc                sgIP_GetArpSlot
 .text.sgIP_ARP_Init
                0x0200f514       0x1c C:/devkitPro/libnds/lib\libdswifi9.a(sgIP_ARP.o)
                0x0200f514                sgIP_ARP_Init
 .text.sgIP_ARP_FlushInterface
                0x0200f530       0x24 C:/devkitPro/libnds/lib\libdswifi9.a(sgIP_ARP.o)
                0x0200f530                sgIP_ARP_FlushInterface
 .text.sgIP_ARP_SendARPResponse
                0x0200f554       0xd4 C:/devkitPro/libnds/lib\libdswifi9.a(sgIP_ARP.o)
                0x0200f554                sgIP_ARP_SendARPResponse
 .text.sgIP_ARP_SendGratARP
                0x0200f628       0xd4 C:/devkitPro/libnds/lib\libdswifi9.a(sgIP_ARP.o)
                0x0200f628                sgIP_ARP_SendGratARP
 .text.sgIP_ARP_SendARPRequest
                0x0200f6fc       0xc0 C:/devkitPro/libnds/lib\libdswifi9.a(sgIP_ARP.o)
                0x0200f6fc                sgIP_ARP_SendARPRequest
 .text.sgIP_ARP_Timer100ms
                0x0200f7bc       0x58 C:/devkitPro/libnds/lib\libdswifi9.a(sgIP_ARP.o)
                0x0200f7bc                sgIP_ARP_Timer100ms
 .text.sgIP_ARP_SendProtocolFrame
                0x0200f814       0xe8 C:/devkitPro/libnds/lib\libdswifi9.a(sgIP_ARP.o)
                0x0200f814                sgIP_ARP_SendProtocolFrame
 .text.sgIP_ARP_ProcessARPFrame
                0x0200f8fc       0xdc C:/devkitPro/libnds/lib\libdswifi9.a(sgIP_ARP.o)
                0x0200f8fc                sgIP_ARP_ProcessARPFrame
 .text.sgIP_Init
                0x0200f9d8       0x3c C:/devkitPro/libnds/lib\libdswifi9.a(sgIP.o)
                0x0200f9d8                sgIP_Init
 .text.sgIP_Timer
                0x0200fa14       0x6c C:/devkitPro/libnds/lib\libdswifi9.a(sgIP.o)
                0x0200fa14                sgIP_Timer
 .text.sgIP_UDP_Init
                0x0200fa80       0x1c C:/devkitPro/libnds/lib\libdswifi9.a(sgIP_UDP.o)
                0x0200fa80                sgIP_UDP_Init
 .text.sgIP_UDP_GetUnusedOutgoingPort
                0x0200fa9c       0x58 C:/devkitPro/libnds/lib\libdswifi9.a(sgIP_UDP.o)
                0x0200fa9c                sgIP_UDP_GetUnusedOutgoingPort
 .text.sgIP_UDP_CalcChecksum
                0x0200faf4       0x68 C:/devkitPro/libnds/lib\libdswifi9.a(sgIP_UDP.o)
                0x0200faf4                sgIP_UDP_CalcChecksum
 .text.sgIP_UDP_ReceivePacket
                0x0200fb5c       0x9c C:/devkitPro/libnds/lib\libdswifi9.a(sgIP_UDP.o)
                0x0200fb5c                sgIP_UDP_ReceivePacket
 .text.sgIP_UDP_SendPacket
                0x0200fbf8       0xd0 C:/devkitPro/libnds/lib\libdswifi9.a(sgIP_UDP.o)
                0x0200fbf8                sgIP_UDP_SendPacket
 .text.sgIP_UDP_AllocRecord
                0x0200fcc8       0x34 C:/devkitPro/libnds/lib\libdswifi9.a(sgIP_UDP.o)
                0x0200fcc8                sgIP_UDP_AllocRecord
 .text.sgIP_UDP_FreeRecord
                0x0200fcfc       0x4c C:/devkitPro/libnds/lib\libdswifi9.a(sgIP_UDP.o)
                0x0200fcfc                sgIP_UDP_FreeRecord
 .text.sgIP_UDP_Bind
                0x0200fd48       0x38 C:/devkitPro/libnds/lib\libdswifi9.a(sgIP_UDP.o)
                0x0200fd48                sgIP_UDP_Bind
 .text.sgIP_UDP_RecvFrom
                0x0200fd80       0xc0 C:/devkitPro/libnds/lib\libdswifi9.a(sgIP_UDP.o)
                0x0200fd80                sgIP_UDP_RecvFrom
 .text.sgIP_UDP_SendTo
                0x0200fe40        0xe C:/devkitPro/libnds/lib\libdswifi9.a(sgIP_UDP.o)
                0x0200fe40                sgIP_UDP_SendTo
 *fill*         0x0200fe4e        0x2 ff
 .text.sgIP_DHCP_Init
                0x0200fe50       0x40 C:/devkitPro/libnds/lib\libdswifi9.a(sgIP_DHCP.o)
                0x0200fe50                sgIP_DHCP_Init
 .text.sgIP_DHCP_SendDgram
                0x0200fe90       0x6c C:/devkitPro/libnds/lib\libdswifi9.a(sgIP_DHCP.o)
                0x0200fe90                sgIP_DHCP_SendDgram
 .text.sgIP_DHCP_BeginDgram
                0x0200fefc      0x1cc C:/devkitPro/libnds/lib\libdswifi9.a(sgIP_DHCP.o)
                0x0200fefc                sgIP_DHCP_BeginDgram
 .text.sgIP_DHCP_Terminate
                0x020100c8       0x34 C:/devkitPro/libnds/lib\libdswifi9.a(sgIP_DHCP.o)
                0x020100c8                sgIP_DHCP_Terminate
 .text.sgIP_DHCP_Start
                0x020100fc       0xc0 C:/devkitPro/libnds/lib\libdswifi9.a(sgIP_DHCP.o)
                0x020100fc                sgIP_DHCP_Start
 .text.sgIP_DHCP_Update
                0x020101bc      0x3d8 C:/devkitPro/libnds/lib\libdswifi9.a(sgIP_DHCP.o)
                0x020101bc                sgIP_DHCP_Update
 .text.gethostname
                0x02010594       0x34 C:/devkitPro/libnds/lib\libdswifi9.a(sgIP_DHCP.o)
                0x02010594                gethostname
 .text.sgIP_ntoa
                0x020105c8       0x70 C:/devkitPro/libnds/lib\libdswifi9.a(sgIP_DNS.o)
 .text.sgIP_DNS_Init
                0x02010638       0x38 C:/devkitPro/libnds/lib\libdswifi9.a(sgIP_DNS.o)
                0x02010638                sgIP_DNS_Init
 .text.sgIP_DNS_Timer1000ms
                0x02010670       0x3c C:/devkitPro/libnds/lib\libdswifi9.a(sgIP_DNS.o)
                0x02010670                sgIP_DNS_Timer1000ms
 .text.sgIP_DNS_isipaddress
                0x020106ac      0x180 C:/devkitPro/libnds/lib\libdswifi9.a(sgIP_DNS.o)
                0x020106ac                sgIP_DNS_isipaddress
 .text.sgIP_DNS_FindDNSRecord
                0x0201082c       0xbc C:/devkitPro/libnds/lib\libdswifi9.a(sgIP_DNS.o)
                0x0201082c                sgIP_DNS_FindDNSRecord
 .text.sgIP_DNS_GetUnusedRecord
                0x020108e8       0x88 C:/devkitPro/libnds/lib\libdswifi9.a(sgIP_DNS.o)
                0x020108e8                sgIP_DNS_GetUnusedRecord
 .text.sgIP_DNS_GenerateHostent
                0x02010970       0xb0 C:/devkitPro/libnds/lib\libdswifi9.a(sgIP_DNS.o)
                0x02010970                sgIP_DNS_GenerateHostent
 .text.sgIP_DNS_CopyAliasAt
                0x02010a20       0x5c C:/devkitPro/libnds/lib\libdswifi9.a(sgIP_DNS.o)
                0x02010a20                sgIP_DNS_CopyAliasAt
 .text.sgIP_DNS_gethostbyname
                0x02010a7c      0x3b0 C:/devkitPro/libnds/lib\libdswifi9.a(sgIP_DNS.o)
                0x02010a7c                sgIP_DNS_gethostbyname
 .text.sgIP_TCP_Init
                0x02010e2c       0x34 C:/devkitPro/libnds/lib\libdswifi9.a(sgIP_TCP.o)
                0x02010e2c                sgIP_TCP_Init
 .text.sgIP_TCP_support_seqhash
                0x02010e60       0x58 C:/devkitPro/libnds/lib\libdswifi9.a(sgIP_TCP.o)
                0x02010e60                sgIP_TCP_support_seqhash
 .text.sgIP_TCP_GetUnusedOutgoingPort
                0x02010eb8       0x60 C:/devkitPro/libnds/lib\libdswifi9.a(sgIP_TCP.o)
                0x02010eb8                sgIP_TCP_GetUnusedOutgoingPort
 .text.sgIP_TCP_CalcChecksum
                0x02010f18       0x58 C:/devkitPro/libnds/lib\libdswifi9.a(sgIP_TCP.o)
                0x02010f18                sgIP_TCP_CalcChecksum
 .text.sgIP_TCP_GenHeader
                0x02010f70       0x98 C:/devkitPro/libnds/lib\libdswifi9.a(sgIP_TCP.o)
                0x02010f70                sgIP_TCP_GenHeader
 .text.sgIP_TCP_FixChecksum
                0x02011008       0x60 C:/devkitPro/libnds/lib\libdswifi9.a(sgIP_TCP.o)
                0x02011008                sgIP_TCP_FixChecksum
 .text.sgIP_TCP_SendPacket
                0x02011068       0xc0 C:/devkitPro/libnds/lib\libdswifi9.a(sgIP_TCP.o)
                0x02011068                sgIP_TCP_SendPacket
 .text.sgIP_TCP_SendSynReply
                0x02011128       0x9c C:/devkitPro/libnds/lib\libdswifi9.a(sgIP_TCP.o)
                0x02011128                sgIP_TCP_SendSynReply
 .text.sgIP_TCP_Timer
                0x020111c4      0x1d0 C:/devkitPro/libnds/lib\libdswifi9.a(sgIP_TCP.o)
                0x020111c4                sgIP_TCP_Timer
 .text.sgIP_TCP_AllocRecord
                0x02011394       0x48 C:/devkitPro/libnds/lib\libdswifi9.a(sgIP_TCP.o)
                0x02011394                sgIP_TCP_AllocRecord
 .text.sgIP_TCP_ReceivePacket
                0x020113dc      0x4e8 C:/devkitPro/libnds/lib\libdswifi9.a(sgIP_TCP.o)
                0x020113dc                sgIP_TCP_ReceivePacket
 .text.sgIP_TCP_FreeRecord
                0x020118c4       0xcc C:/devkitPro/libnds/lib\libdswifi9.a(sgIP_TCP.o)
                0x020118c4                sgIP_TCP_FreeRecord
 .text.sgIP_TCP_Bind
                0x02011990       0x28 C:/devkitPro/libnds/lib\libdswifi9.a(sgIP_TCP.o)
                0x02011990                sgIP_TCP_Bind
 .text.sgIP_TCP_Close
                0x020119b8       0x30 C:/devkitPro/libnds/lib\libdswifi9.a(sgIP_TCP.o)
                0x020119b8                sgIP_TCP_Close
 .text.sgIP_TCP_Connect
                0x020119e8       0x7c C:/devkitPro/libnds/lib\libdswifi9.a(sgIP_TCP.o)
                0x020119e8                sgIP_TCP_Connect
 .text.sgIP_TCP_Send
                0x02011a64       0xf8 C:/devkitPro/libnds/lib\libdswifi9.a(sgIP_TCP.o)
                0x02011a64                sgIP_TCP_Send
 .text.sgIP_IP_ReceivePacket
                0x02011b5c       0x94 C:/devkitPro/libnds/lib\libdswifi9.a(sgIP_IP.o)
                0x02011b5c                sgIP_IP_ReceivePacket
 .text.sgIP_IP_MaxContentsSize
                0x02011bf0        0xa C:/devkitPro/libnds/lib\libdswifi9.a(sgIP_IP.o)
                0x02011bf0                sgIP_IP_MaxContentsSize
 .text.sgIP_IP_RequiredHeaderSize
                0x02011bfa        0x4 C:/devkitPro/libnds/lib\libdswifi9.a(sgIP_IP.o)
                0x02011bfa                sgIP_IP_RequiredHeaderSize
 *fill*         0x02011bfe        0x2 ff
 .text.sgIP_IP_SendViaIP
                0x02011c00       0x88 C:/devkitPro/libnds/lib\libdswifi9.a(sgIP_IP.o)
                0x02011c00                sgIP_IP_SendViaIP
 .text.sgIP_IP_GetLocalBindAddr
                0x02011c88        0xe C:/devkitPro/libnds/lib\libdswifi9.a(sgIP_IP.o)
                0x02011c88                sgIP_IP_GetLocalBindAddr
 *fill*         0x02011c96        0x2 ff
 .text.sgIP_ICMP_ReceivePacket
                0x02011c98       0x58 C:/devkitPro/libnds/lib\libdswifi9.a(sgIP_ICMP.o)
                0x02011c98                sgIP_ICMP_ReceivePacket
 .text.newRow   0x02011cf0       0xdc C:/devkitPro/libnds/lib\libnds9.a(console.o)
 .text.consolePrintChar
                0x02011dcc       0xe0 C:/devkitPro/libnds/lib\libnds9.a(console.o)
                0x02011dcc                consolePrintChar
 .text.con_write
                0x02011eac      0x320 C:/devkitPro/libnds/lib\libnds9.a(console.o)
                0x02011eac                con_write
 .text.consoleLoadFont
                0x020121cc      0x2a8 C:/devkitPro/libnds/lib\libnds9.a(console.o)
                0x020121cc                consoleLoadFont
 .text.consoleInit
                0x02012474      0x18c C:/devkitPro/libnds/lib\libnds9.a(console.o)
                0x02012474                consoleInit
 .text.consoleDemoInit
                0x02012600       0x40 C:/devkitPro/libnds/lib\libnds9.a(console.o)
                0x02012600                consoleDemoInit
 .text.scanKeys
                0x02012640       0x8c C:/devkitPro/libnds/lib\libnds9.a(keys.o)
                0x02012640                scanKeys
 .text.keysCurrent
                0x020126cc       0x38 C:/devkitPro/libnds/lib\libnds9.a(keys.o)
                0x020126cc                keysCurrent
 .text.oamInit  0x02012704      0x114 C:/devkitPro/libnds/lib\libnds9.a(sprite.o)
                0x02012704                oamInit
 .text.oamGfxPtrToOffset
                0x02012818       0x34 C:/devkitPro/libnds/lib\libnds9.a(sprite.o)
                0x02012818                oamGfxPtrToOffset
 .text.oamSet   0x0201284c      0x104 C:/devkitPro/libnds/lib\libnds9.a(sprite.o)
                0x0201284c                oamSet
 .text.oamUpdate
                0x02012950       0x60 C:/devkitPro/libnds/lib\libnds9.a(sprite.o)
                0x02012950                oamUpdate
 .text.oamRotateScale
                0x020129b0       0x4c C:/devkitPro/libnds/lib\libnds9.a(sprite.o)
                0x020129b0                oamRotateScale
 .text.sinLutLookup
                0x020129fc       0x4c C:/devkitPro/libnds/lib\libnds9.a(trig.o)
                0x020129fc                sinLutLookup
 .text.sinLerp  0x02012a48       0x38 C:/devkitPro/libnds/lib\libnds9.a(trig.o)
                0x02012a48                sinLerp
 .text.cosLerp  0x02012a80       0x48 C:/devkitPro/libnds/lib\libnds9.a(trig.o)
                0x02012a80                cosLerp
 .text.setBrightness
                0x02012ac8       0x40 C:/devkitPro/libnds/lib\libnds9.a(video.o)
                0x02012ac8                setBrightness
 .text.vramDefault
                0x02012b08       0xd0 C:/devkitPro/libnds/lib\libnds9.a(video.o)
                0x02012b08                vramDefault
 .text.dldiGetInternal
                0x02012bd8       0x34 C:/devkitPro/libnds/lib\libnds9.a(dldi.o)
                0x02012bd8                dldiGetInternal
 .text.get_io_dsisd
                0x02012c0c       0x24 C:/devkitPro/libnds/lib\libnds9.a(dldi.o)
                0x02012c0c                get_io_dsisd
 .text.__syscall_gettod_r
                0x02012c30       0x28 C:/devkitPro/libnds/lib\libnds9.a(initSystem.o)
                0x02012c30                __syscall_gettod_r
 .text.__syscall_exit
                0x02012c58        0x8 C:/devkitPro/libnds/lib\libnds9.a(initSystem.o)
                0x02012c58                __syscall_exit
 .text.initSystem
                0x02012c60      0x180 C:/devkitPro/libnds/lib\libnds9.a(initSystem.o)
                0x02012c60                initSystem
 .text.cardPolledTransfer
                0x02012de0       0x54 C:/devkitPro/libnds/lib\libnds9.a(card.o)
                0x02012de0                cardPolledTransfer
 .text.cardParamCommand
                0x02012e34       0x30 C:/devkitPro/libnds/lib\libnds9.a(card.o)
                0x02012e34                cardParamCommand
 .text.fifo_queueBlock
                0x02012e64       0x40 C:/devkitPro/libnds/lib\libnds9.a(fifosystem.o)
 .text.fifo_waitBlock
                0x02012ea4       0x7c C:/devkitPro/libnds/lib\libnds9.a(fifosystem.o)
 .text.fifoInternalSend.part.0
                0x02012f20       0xcc C:/devkitPro/libnds/lib\libnds9.a(fifosystem.o)
 .text.fifoInternalSendInterrupt
                0x02012fec       0xb0 C:/devkitPro/libnds/lib\libnds9.a(fifosystem.o)
 .text.fifoSetValue32Handler
                0x0201309c       0xd4 C:/devkitPro/libnds/lib\libnds9.a(fifosystem.o)
                0x0201309c                fifoSetValue32Handler
 .text.fifoSendAddress
                0x02013170       0x3c C:/devkitPro/libnds/lib\libnds9.a(fifosystem.o)
                0x02013170                fifoSendAddress
 .text.fifoSendValue32
                0x020131ac       0x58 C:/devkitPro/libnds/lib\libnds9.a(fifosystem.o)
                0x020131ac                fifoSendValue32
 .text.fifoSendDatamsg
                0x02013204       0x94 C:/devkitPro/libnds/lib\libnds9.a(fifosystem.o)
                0x02013204                fifoSendDatamsg
 .text.fifoGetValue32
                0x02013298       0x70 C:/devkitPro/libnds/lib\libnds9.a(fifosystem.o)
                0x02013298                fifoGetValue32
 .text.fifoGetDatamsg
                0x02013308       0xfc C:/devkitPro/libnds/lib\libnds9.a(fifosystem.o)
                0x02013308                fifoGetDatamsg
 .text.fifoInternalRecvInterrupt
                0x02013404      0x37c C:/devkitPro/libnds/lib\libnds9.a(fifosystem.o)
 .text.fifoSetDatamsgHandler
                0x02013780       0x9c C:/devkitPro/libnds/lib\libnds9.a(fifosystem.o)
                0x02013780                fifoSetDatamsgHandler
 .text.fifoCheckValue32
                0x0201381c       0x24 C:/devkitPro/libnds/lib\libnds9.a(fifosystem.o)
                0x0201381c                fifoCheckValue32
 .text.fifoInit
                0x02013840      0x114 C:/devkitPro/libnds/lib\libnds9.a(fifosystem.o)
                0x02013840                fifoInit
 .text.irqDummy
                0x02013954        0x4 C:/devkitPro/libnds/lib\libnds9.a(interrupts.o)
                0x02013954                irqDummy
 .text.irqSet   0x02013958       0x78 C:/devkitPro/libnds/lib\libnds9.a(interrupts.o)
                0x02013958                irqSet
 .text.irqInit  0x020139d0       0x50 C:/devkitPro/libnds/lib\libnds9.a(interrupts.o)
                0x020139d0                irqInit
 .text.irqEnable
                0x02013a20       0x64 C:/devkitPro/libnds/lib\libnds9.a(interrupts.o)
                0x02013a20                irqEnable
 .text.systemErrorExit
                0x02013a84        0x4 C:/devkitPro/libnds/lib\libnds9.a(libnds_exit.arm.o)
                0x02013a84                systemErrorExit
 .text.__libnds_exit
                0x02013a88       0x5c C:/devkitPro/libnds/lib\libnds9.a(libnds_exit.arm.o)
                0x02013a88                __libnds_exit
 .text.DC_FlushAll
                0x02013ae4       0x2c C:/devkitPro/libnds/lib\libnds9.a(dcache.o)
                0x02013ae4                DC_FlushAll
 .text.DC_FlushRange
                0x02013b10       0x24 C:/devkitPro/libnds/lib\libnds9.a(dcache.o)
                0x02013b10                DC_FlushRange
 .text.DC_InvalidateRange
                0x02013b34       0x2c C:/devkitPro/libnds/lib\libnds9.a(dcache.o)
                0x02013b34                DC_InvalidateRange
 .text.setCpuClock
                0x02013b60       0x50 C:/devkitPro/libnds/lib\libnds9.a(cpu_clock.o)
                0x02013b60                setCpuClock
 .text.swiWaitForVBlank
                0x02013bb0        0x8 C:/devkitPro/libnds/lib\libnds9.a(IntrWait.o)
                0x02013bb0                swiWaitForVBlank
 .text.swiIntrWait
                0x02013bb8       0x70 C:/devkitPro/libnds/lib\libnds9.a(IntrWait.o)
                0x02013bb8                swiIntrWait
 .text.__libnds_mpu_setup
                0x02013c28      0x174 C:/devkitPro/libnds/lib\libnds9.a(mpu_setup.o)
                0x02013c28                __libnds_mpu_setup
 .text.memUncached
                0x02013d9c       0x20 C:/devkitPro/libnds/lib\libnds9.a(mpu_setup.o)
                0x02013d9c                memUncached
 .text.swiDelay
                0x02013dbc        0x4 C:/devkitPro/libnds/lib\libnds9.a(biosCalls.o)
                0x02013dbc                swiDelay
 .text.swiSoftReset
                0x02013dc0       0x2c C:/devkitPro/libnds/lib\libnds9.a(swiSoftReset.o)
                0x02013dc0                swiSoftReset
 .text.checkIfText
                0x02013dec       0x6c C:/devkitPro/libnds/lib\libnds9.a(background.o)
                0x02013dec                checkIfText
 .text.bgUpdate
                0x02013e58       0xf4 C:/devkitPro/libnds/lib\libnds9.a(background.o)
                0x02013e58                bgUpdate
 .text.bgInit_call
                0x02013f4c       0xb0 C:/devkitPro/libnds/lib\libnds9.a(background.o)
                0x02013f4c                bgInit_call
 .text.bgInitSub_call
                0x02013ffc       0xb8 C:/devkitPro/libnds/lib\libnds9.a(background.o)
                0x02013ffc                bgInitSub_call
 .text.oamAllocReset
                0x020140b4       0x1c C:/devkitPro/libnds/lib\libnds9.a(sprite_alloc.o)
                0x020140b4                oamAllocReset
 .text.systemValueHandler
                0x020140d0       0x48 C:/devkitPro/libnds/lib\libnds9.a(system.o)
                0x020140d0                systemValueHandler
 .text.systemMsgHandler
                0x02014118       0x50 C:/devkitPro/libnds/lib\libnds9.a(system.o)
                0x02014118                systemMsgHandler
 .text.powerOn  0x02014168       0x2c C:/devkitPro/libnds/lib\libnds9.a(system.o)
                0x02014168                powerOn
 .text._Znwj    0x02014194       0x68 C:/devkitPro/devkitARM/bin/../lib/gcc/arm-none-eabi/14.2.0/../../../../arm-none-eabi/lib\libstdc++.a(new_op.o)
                0x02014194                operator new(unsigned int)
 .text._ZNKSt9bad_alloc4whatEv
                0x020141fc        0xc C:/devkitPro/devkitARM/bin/../lib/gcc/arm-none-eabi/14.2.0/../../../../arm-none-eabi/lib\libstdc++.a(bad_alloc.o)
                0x020141fc                std::bad_alloc::what() const
 .text._ZNSt9bad_allocD2Ev
                0x02014208       0x24 C:/devkitPro/devkitARM/bin/../lib/gcc/arm-none-eabi/14.2.0/../../../../arm-none-eabi/lib\libstdc++.a(bad_alloc.o)
                0x02014208                std::bad_alloc::~bad_alloc()
                0x02014208                std::bad_alloc::~bad_alloc()
 .text._ZNSt9bad_allocD0Ev
                0x0201422c       0x30 C:/devkitPro/devkitARM/bin/../lib/gcc/arm-none-eabi/14.2.0/../../../../arm-none-eabi/lib\libstdc++.a(bad_alloc.o)
                0x0201422c                std::bad_alloc::~bad_alloc()
 .text._ZdlPvj  0x0201425c       0x10 C:/devkitPro/devkitARM/bin/../lib/gcc/arm-none-eabi/14.2.0/../../../../arm-none-eabi/lib\libstdc++.a(del_ops.o)
                0x0201425c                operator delete(void*, unsigned int)
 .text._ZNK9__gnu_cxx24__concurrence_lock_error4whatEv
                0x0201426c        0xc C:/devkitPro/devkitARM/bin/../lib/gcc/arm-none-eabi/14.2.0/../../../../arm-none-eabi/lib\libstdc++.a(eh_alloc.o)
                0x0201426c                __gnu_cxx::__concurrence_lock_error::what() const
 .text._ZNK9__gnu_cxx26__concurrence_unlock_error4whatEv
                0x02014278        0xc C:/devkitPro/devkitARM/bin/../lib/gcc/arm-none-eabi/14.2.0/../../../../arm-none-eabi/lib\libstdc++.a(eh_alloc.o)
                0x02014278                __gnu_cxx::__concurrence_unlock_error::what() const
 .text._ZN9__gnu_cxx24__concurrence_lock_errorD2Ev
                0x02014284       0x24 C:/devkitPro/devkitARM/bin/../lib/gcc/arm-none-eabi/14.2.0/../../../../arm-none-eabi/lib\libstdc++.a(eh_alloc.o)
                0x02014284                __gnu_cxx::__concurrence_lock_error::~__concurrence_lock_error()
                0x02014284                __gnu_cxx::__concurrence_lock_error::~__concurrence_lock_error()
 .text._ZN9__gnu_cxx24__concurrence_lock_errorD0Ev
                0x020142a8       0x30 C:/devkitPro/devkitARM/bin/../lib/gcc/arm-none-eabi/14.2.0/../../../../arm-none-eabi/lib\libstdc++.a(eh_alloc.o)
                0x020142a8                __gnu_cxx::__concurrence_lock_error::~__concurrence_lock_error()
 .text._ZN9__gnu_cxx26__concurrence_unlock_errorD2Ev
                0x020142d8       0x24 C:/devkitPro/devkitARM/bin/../lib/gcc/arm-none-eabi/14.2.0/../../../../arm-none-eabi/lib\libstdc++.a(eh_alloc.o)
                0x020142d8                __gnu_cxx::__concurrence_unlock_error::~__concurrence_unlock_error()
                0x020142d8                __gnu_cxx::__concurrence_unlock_error::~__concurrence_unlock_error()
 .text._ZN9__gnu_cxx26__concurrence_unlock_errorD0Ev
                0x020142fc       0x30 C:/devkitPro/devkitARM/bin/../lib/gcc/arm-none-eabi/14.2.0/../../../../arm-none-eabi/lib\libstdc++.a(eh_alloc.o)
                0x020142fc                __gnu_cxx::__concurrence_unlock_error::~__concurrence_unlock_error()
 .text.unlikely._ZN9__gnu_cxx30__throw_concurrence_lock_errorEv
                0x0201432c       0x2c C:/devkitPro/devkitARM/bin/../lib/gcc/arm-none-eabi/14.2.0/../../../../arm-none-eabi/lib\libstdc++.a(eh_alloc.o)
                0x0201432c                __gnu_cxx::__throw_concurrence_lock_error()
 .text.unlikely._ZN9__gnu_cxx32__throw_concurrence_unlock_errorEv
                0x02014358       0x2c C:/devkitPro/devkitARM/bin/../lib/gcc/arm-none-eabi/14.2.0/../../../../arm-none-eabi/lib\libstdc++.a(eh_alloc.o)
                0x02014358                __gnu_cxx::__throw_concurrence_unlock_error()
 .text._ZN12_GLOBAL__N_14pool4freeEPv.constprop.0
                0x02014384      0x124 C:/devkitPro/devkitARM/bin/../lib/gcc/arm-none-eabi/14.2.0/../../../../arm-none-eabi/lib\libstdc++.a(eh_alloc.o)
 .text._ZN12_GLOBAL__N_14pool8allocateEj.constprop.0
                0x020144a8       0xdc C:/devkitPro/devkitARM/bin/../lib/gcc/arm-none-eabi/14.2.0/../../../../arm-none-eabi/lib\libstdc++.a(eh_alloc.o)
 .text.__cxa_allocate_exception
                0x02014584       0x48 C:/devkitPro/devkitARM/bin/../lib/gcc/arm-none-eabi/14.2.0/../../../../arm-none-eabi/lib\libstdc++.a(eh_alloc.o)
                0x02014584                __cxa_allocate_exception
 .text.__cxa_free_exception
                0x020145cc       0x38 C:/devkitPro/devkitARM/bin/../lib/gcc/arm-none-eabi/14.2.0/../../../../arm-none-eabi/lib\libstdc++.a(eh_alloc.o)
                0x020145cc                __cxa_free_exception
 .text.startup._GLOBAL__sub_I__ZN9__gnu_cxx9__freeresEv
                0x02014604      0x1b8 C:/devkitPro/devkitARM/bin/../lib/gcc/arm-none-eabi/14.2.0/../../../../arm-none-eabi/lib\libstdc++.a(eh_alloc.o)
 .text._ZNSt9exceptionD2Ev
                0x020147bc        0x4 C:/devkitPro/devkitARM/bin/../lib/gcc/arm-none-eabi/14.2.0/../../../../arm-none-eabi/lib\libstdc++.a(eh_exception.o)
                0x020147bc                std::exception::~exception()
                0x020147bc                std::exception::~exception()
 .text._ZNSt13bad_exceptionD2Ev
                0x020147c0        0x4 C:/devkitPro/devkitARM/bin/../lib/gcc/arm-none-eabi/14.2.0/../../../../arm-none-eabi/lib\libstdc++.a(eh_exception.o)
                0x020147c0                std::bad_exception::~bad_exception()
                0x020147c0                std::bad_exception::~bad_exception()
 .text._ZNKSt9exception4whatEv
                0x020147c4        0xc C:/devkitPro/devkitARM/bin/../lib/gcc/arm-none-eabi/14.2.0/../../../../arm-none-eabi/lib\libstdc++.a(eh_exception.o)
                0x020147c4                std::exception::what() const
                0x020147c4                transaction clone for std::exception::what() const
 .text._ZNKSt13bad_exception4whatEv
                0x020147d0        0xc C:/devkitPro/devkitARM/bin/../lib/gcc/arm-none-eabi/14.2.0/../../../../arm-none-eabi/lib\libstdc++.a(eh_exception.o)
                0x020147d0                std::bad_exception::what() const
                0x020147d0                transaction clone for std::bad_exception::what() const
 .text._ZNSt13bad_exceptionD0Ev
                0x020147dc       0x1c C:/devkitPro/devkitARM/bin/../lib/gcc/arm-none-eabi/14.2.0/../../../../arm-none-eabi/lib\libstdc++.a(eh_exception.o)
                0x020147dc                std::bad_exception::~bad_exception()
 .text._ZL28read_encoded_value_with_basehjPKhPj
                0x020147f8      0x150 C:/devkitPro/devkitARM/bin/../lib/gcc/arm-none-eabi/14.2.0/../../../../arm-none-eabi/lib\libstdc++.a(eh_personality.o)
 .text._ZL21base_of_encoded_valuehP15_Unwind_Context
                0x02014948       0x7c C:/devkitPro/devkitARM/bin/../lib/gcc/arm-none-eabi/14.2.0/../../../../arm-none-eabi/lib\libstdc++.a(eh_personality.o)
 .text._ZL17parse_lsda_headerP15_Unwind_ContextPKhP16lsda_header_info
                0x020149c4       0xd8 C:/devkitPro/devkitARM/bin/../lib/gcc/arm-none-eabi/14.2.0/../../../../arm-none-eabi/lib\libstdc++.a(eh_personality.o)
 .text.__gxx_personality_v0
                0x02014a9c      0x71c C:/devkitPro/devkitARM/bin/../lib/gcc/arm-none-eabi/14.2.0/../../../../arm-none-eabi/lib\libstdc++.a(eh_personality.o)
                0x02014a9c                __gxx_personality_v0
 .text._ZN10__cxxabiv111__terminateEPFvvE
                0x020151b8       0x18 C:/devkitPro/devkitARM/bin/../lib/gcc/arm-none-eabi/14.2.0/../../../../arm-none-eabi/lib\libstdc++.a(eh_terminate.o)
                0x020151b8                __cxxabiv1::__terminate(void (*)())
 .text._ZSt13get_terminatev
                0x020151d0       0x60 C:/devkitPro/devkitARM/bin/../lib/gcc/arm-none-eabi/14.2.0/../../../../arm-none-eabi/lib\libstdc++.a(eh_terminate.o)
                0x020151d0                std::get_terminate()
 .text.unlikely._ZSt9terminatev
                0x02015230        0xc C:/devkitPro/devkitARM/bin/../lib/gcc/arm-none-eabi/14.2.0/../../../../arm-none-eabi/lib\libstdc++.a(eh_terminate.o)
                0x02015230                std::terminate()
 .text._ZN10__cxxabiv112__unexpectedEPFvvE
                0x0201523c       0x10 C:/devkitPro/devkitARM/bin/../lib/gcc/arm-none-eabi/14.2.0/../../../../arm-none-eabi/lib\libstdc++.a(eh_terminate.o)
                0x0201523c                __cxxabiv1::__unexpected(void (*)())
 .text._ZSt14get_unexpectedv
                0x0201524c       0x60 C:/devkitPro/devkitARM/bin/../lib/gcc/arm-none-eabi/14.2.0/../../../../arm-none-eabi/lib\libstdc++.a(eh_terminate.o)
                0x0201524c                std::get_unexpected()
 .text.unlikely._ZSt10unexpectedv
                0x020152ac        0xc C:/devkitPro/devkitARM/bin/../lib/gcc/arm-none-eabi/14.2.0/../../../../arm-none-eabi/lib\libstdc++.a(eh_terminate.o)
                0x020152ac                std::unexpected()
 .text.startup._GLOBAL__sub_I__ZN10__cxxabiv111__terminateEPFvvE
                0x020152b8       0x20 C:/devkitPro/devkitARM/bin/../lib/gcc/arm-none-eabi/14.2.0/../../../../arm-none-eabi/lib\libstdc++.a(eh_terminate.o)
 .text._ZL23__gxx_exception_cleanup19_Unwind_Reason_CodeP21_Unwind_Control_Block
                0x020152d8       0x80 C:/devkitPro/devkitARM/bin/../lib/gcc/arm-none-eabi/14.2.0/../../../../arm-none-eabi/lib\libstdc++.a(eh_throw.o)
 .text.__cxa_init_primary_exception
                0x02015358       0x74 C:/devkitPro/devkitARM/bin/../lib/gcc/arm-none-eabi/14.2.0/../../../../arm-none-eabi/lib\libstdc++.a(eh_throw.o)
                0x02015358                __cxa_init_primary_exception
 .text.__cxa_throw
                0x020153cc       0x54 C:/devkitPro/devkitARM/bin/../lib/gcc/arm-none-eabi/14.2.0/../../../../arm-none-eabi/lib\libstdc++.a(eh_throw.o)
                0x020153cc                __cxa_throw
 .text.__cxa_rethrow
                0x02015420       0xb0 C:/devkitPro/devkitARM/bin/../lib/gcc/arm-none-eabi/14.2.0/../../../../arm-none-eabi/lib\libstdc++.a(eh_throw.o)
                0x02015420                __cxa_rethrow
 .text._ZSt15get_new_handlerv
                0x020154d0       0x60 C:/devkitPro/devkitARM/bin/../lib/gcc/arm-none-eabi/14.2.0/../../../../arm-none-eabi/lib\libstdc++.a(new_handler.o)
                0x020154d0                std::get_new_handler()
 .text.startup._GLOBAL__sub_I__ZSt7nothrow
                0x02015530       0x20 C:/devkitPro/devkitARM/bin/../lib/gcc/arm-none-eabi/14.2.0/../../../../arm-none-eabi/lib\libstdc++.a(new_handler.o)
 .text._ZN10__cxxabiv120__si_class_type_infoD2Ev
                0x02015550       0x24 C:/devkitPro/devkitARM/bin/../lib/gcc/arm-none-eabi/14.2.0/../../../../arm-none-eabi/lib\libstdc++.a(si_class_type_info.o)
                0x02015550                __cxxabiv1::__si_class_type_info::~__si_class_type_info()
                0x02015550                __cxxabiv1::__si_class_type_info::~__si_class_type_info()
 .text._ZN10__cxxabiv120__si_class_type_infoD0Ev
                0x02015574       0x30 C:/devkitPro/devkitARM/bin/../lib/gcc/arm-none-eabi/14.2.0/../../../../arm-none-eabi/lib\libstdc++.a(si_class_type_info.o)
                0x02015574                __cxxabiv1::__si_class_type_info::~__si_class_type_info()
 .text._ZNK10__cxxabiv120__si_class_type_info12__do_dyncastEiNS_17__class_type_info10__sub_kindEPKS1_PKvS4_S6_RNS1_16__dyncast_resultE
                0x020155a4      0x140 C:/devkitPro/devkitARM/bin/../lib/gcc/arm-none-eabi/14.2.0/../../../../arm-none-eabi/lib\libstdc++.a(si_class_type_info.o)
                0x020155a4                __cxxabiv1::__si_class_type_info::__do_dyncast(int, __cxxabiv1::__class_type_info::__sub_kind, __cxxabiv1::__class_type_info const*, void const*, __cxxabiv1::__class_type_info const*, void const*, __cxxabiv1::__class_type_info::__dyncast_result&) const
 .text._ZNK10__cxxabiv120__si_class_type_info20__do_find_public_srcEiPKvPKNS_17__class_type_infoES2_
                0x020156e4       0x8c C:/devkitPro/devkitARM/bin/../lib/gcc/arm-none-eabi/14.2.0/../../../../arm-none-eabi/lib\libstdc++.a(si_class_type_info.o)
                0x020156e4                __cxxabiv1::__si_class_type_info::__do_find_public_src(int, void const*, __cxxabiv1::__class_type_info const*, void const*) const
 .text._ZNK10__cxxabiv120__si_class_type_info11__do_upcastEPKNS_17__class_type_infoEPKvRNS1_15__upcast_resultE
                0x02015770       0x4c C:/devkitPro/devkitARM/bin/../lib/gcc/arm-none-eabi/14.2.0/../../../../arm-none-eabi/lib\libstdc++.a(si_class_type_info.o)
                0x02015770                __cxxabiv1::__si_class_type_info::__do_upcast(__cxxabiv1::__class_type_info const*, void const*, __cxxabiv1::__class_type_info::__upcast_result&) const
 .text._ZNSt9type_infoD2Ev
                0x020157bc        0x4 C:/devkitPro/devkitARM/bin/../lib/gcc/arm-none-eabi/14.2.0/../../../../arm-none-eabi/lib\libstdc++.a(tinfo.o)
                0x020157bc                std::type_info::~type_info()
                0x020157bc                std::type_info::~type_info()
 .text._ZNKSt9type_info14__is_pointer_pEv
                0x020157c0        0x8 C:/devkitPro/devkitARM/bin/../lib/gcc/arm-none-eabi/14.2.0/../../../../arm-none-eabi/lib\libstdc++.a(tinfo.o)
                0x020157c0                std::type_info::__is_pointer_p() const
                0x020157c0                std::type_info::__is_function_p() const
 .text._ZN9__gnu_cxx18__exchange_and_addEPVii
                0x020157c8       0xec C:/devkitPro/devkitARM/bin/../lib/gcc/arm-none-eabi/14.2.0/../../../../arm-none-eabi/lib\libstdc++.a(atomicity.o)
                0x020157c8                __gnu_cxx::__exchange_and_add(int volatile*, int)
 .text._ZNK10__cxxabiv117__class_type_info11__do_upcastEPKS0_PPv
                0x020158b4       0x64 C:/devkitPro/devkitARM/bin/../lib/gcc/arm-none-eabi/14.2.0/../../../../arm-none-eabi/lib\libstdc++.a(class_type_info.o)
                0x020158b4                __cxxabiv1::__class_type_info::__do_upcast(__cxxabiv1::__class_type_info const*, void**) const
 .text._ZNK10__cxxabiv117__class_type_info20__do_find_public_srcEiPKvPKS0_S2_
                0x02015918       0x14 C:/devkitPro/devkitARM/bin/../lib/gcc/arm-none-eabi/14.2.0/../../../../arm-none-eabi/lib\libstdc++.a(class_type_info.o)
                0x02015918                __cxxabiv1::__class_type_info::__do_find_public_src(int, void const*, __cxxabiv1::__class_type_info const*, void const*) const
 .text._ZN10__cxxabiv117__class_type_infoD2Ev
                0x0201592c       0x24 C:/devkitPro/devkitARM/bin/../lib/gcc/arm-none-eabi/14.2.0/../../../../arm-none-eabi/lib\libstdc++.a(class_type_info.o)
                0x0201592c                __cxxabiv1::__class_type_info::~__class_type_info()
                0x0201592c                __cxxabiv1::__class_type_info::~__class_type_info()
 .text._ZN10__cxxabiv117__class_type_infoD0Ev
                0x02015950       0x30 C:/devkitPro/devkitARM/bin/../lib/gcc/arm-none-eabi/14.2.0/../../../../arm-none-eabi/lib\libstdc++.a(class_type_info.o)
                0x02015950                __cxxabiv1::__class_type_info::~__class_type_info()
 .text._ZNK10__cxxabiv117__class_type_info11__do_upcastEPKS0_PKvRNS0_15__upcast_resultE
                0x02015980       0x6c C:/devkitPro/devkitARM/bin/../lib/gcc/arm-none-eabi/14.2.0/../../../../arm-none-eabi/lib\libstdc++.a(class_type_info.o)
                0x02015980                __cxxabiv1::__class_type_info::__do_upcast(__cxxabiv1::__class_type_info const*, void const*, __cxxabiv1::__class_type_info::__upcast_result&) const
 .text._ZNK10__cxxabiv117__class_type_info10__do_catchEPKSt9type_infoPPvj
                0x020159ec       0x84 C:/devkitPro/devkitARM/bin/../lib/gcc/arm-none-eabi/14.2.0/../../../../arm-none-eabi/lib\libstdc++.a(class_type_info.o)
                0x020159ec                __cxxabiv1::__class_type_info::__do_catch(std::type_info const*, void**, unsigned int) const
 .text._ZNK10__cxxabiv117__class_type_info12__do_dyncastEiNS0_10__sub_kindEPKS0_PKvS3_S5_RNS0_16__dyncast_resultE
                0x02015a70       0xdc C:/devkitPro/devkitARM/bin/../lib/gcc/arm-none-eabi/14.2.0/../../../../arm-none-eabi/lib\libstdc++.a(class_type_info.o)
                0x02015a70                __cxxabiv1::__class_type_info::__do_dyncast(int, __cxxabiv1::__class_type_info::__sub_kind, __cxxabiv1::__class_type_info const*, void const*, __cxxabiv1::__class_type_info const*, void const*, __cxxabiv1::__class_type_info::__dyncast_result&) const
 .text._ZdlPv   0x02015b4c       0x10 C:/devkitPro/devkitARM/bin/../lib/gcc/arm-none-eabi/14.2.0/../../../../arm-none-eabi/lib\libstdc++.a(del_op.o)
                0x02015b4c                operator delete(void*)
 .text.__cxa_end_cleanup
                0x02015b5c       0x10 C:/devkitPro/devkitARM/bin/../lib/gcc/arm-none-eabi/14.2.0/../../../../arm-none-eabi/lib\libstdc++.a(eh_arm.o)
                0x02015b5c                __cxa_end_cleanup
 .text.__cxa_type_match
                0x02015b6c      0x140 C:/devkitPro/devkitARM/bin/../lib/gcc/arm-none-eabi/14.2.0/../../../../arm-none-eabi/lib\libstdc++.a(eh_arm.o)
                0x02015b6c                __cxa_type_match
 .text.__cxa_begin_cleanup
                0x02015cac       0xbc C:/devkitPro/devkitARM/bin/../lib/gcc/arm-none-eabi/14.2.0/../../../../arm-none-eabi/lib\libstdc++.a(eh_arm.o)
                0x02015cac                __cxa_begin_cleanup
 .text.__gnu_end_cleanup
                0x02015d68       0xbc C:/devkitPro/devkitARM/bin/../lib/gcc/arm-none-eabi/14.2.0/../../../../arm-none-eabi/lib\libstdc++.a(eh_arm.o)
                0x02015d68                __gnu_end_cleanup
 .text.unlikely._ZN10__cxxabiv1L24__is_gxx_exception_classEPc
                0x02015e24       0x70 C:/devkitPro/devkitARM/bin/../lib/gcc/arm-none-eabi/14.2.0/../../../../arm-none-eabi/lib\libstdc++.a(eh_call.o)
 .text.unlikely.__cxa_call_terminate
                0x02015e94       0x28 C:/devkitPro/devkitARM/bin/../lib/gcc/arm-none-eabi/14.2.0/../../../../arm-none-eabi/lib\libstdc++.a(eh_call.o)
                0x02015e94                __cxa_call_terminate
 .text.unlikely.__cxa_call_unexpected
                0x02015ebc      0x140 C:/devkitPro/devkitARM/bin/../lib/gcc/arm-none-eabi/14.2.0/../../../../arm-none-eabi/lib\libstdc++.a(eh_call.o)
                0x02015ebc                __cxa_call_unexpected
 .text.__cxa_begin_catch
                0x02015ffc       0xd4 C:/devkitPro/devkitARM/bin/../lib/gcc/arm-none-eabi/14.2.0/../../../../arm-none-eabi/lib\libstdc++.a(eh_catch.o)
                0x02015ffc                __cxa_begin_catch
 .text.__cxa_end_catch
                0x020160d0       0xe0 C:/devkitPro/devkitARM/bin/../lib/gcc/arm-none-eabi/14.2.0/../../../../arm-none-eabi/lib\libstdc++.a(eh_catch.o)
                0x020160d0                __cxa_end_catch
 .text._ZL15eh_globals_dtorPv
                0x020161b0       0x40 C:/devkitPro/devkitARM/bin/../lib/gcc/arm-none-eabi/14.2.0/../../../../arm-none-eabi/lib\libstdc++.a(eh_globals.o)
 .text.__cxa_get_globals_fast
                0x020161f0       0x3c C:/devkitPro/devkitARM/bin/../lib/gcc/arm-none-eabi/14.2.0/../../../../arm-none-eabi/lib\libstdc++.a(eh_globals.o)
                0x020161f0                __cxa_get_globals_fast
 .text.__cxa_get_globals
                0x0201622c       0x78 C:/devkitPro/devkitARM/bin/../lib/gcc/arm-none-eabi/14.2.0/../../../../arm-none-eabi/lib\libstdc++.a(eh_globals.o)
                0x0201622c                __cxa_get_globals
 .text.startup._GLOBAL__sub_I__ZN17__eh_globals_init7_S_initE
                0x020162a4       0x44 C:/devkitPro/devkitARM/bin/../lib/gcc/arm-none-eabi/14.2.0/../../../../arm-none-eabi/lib\libstdc++.a(eh_globals.o)
 .text.exit._GLOBAL__sub_D__ZN17__eh_globals_init7_S_initE
                0x020162e8       0x38 C:/devkitPro/devkitARM/bin/../lib/gcc/arm-none-eabi/14.2.0/../../../../arm-none-eabi/lib\libstdc++.a(eh_globals.o)
 .text._ZNK9__gnu_cxx29__concurrence_broadcast_error4whatEv
                0x02016320        0xc C:/devkitPro/devkitARM/bin/../lib/gcc/arm-none-eabi/14.2.0/../../../../arm-none-eabi/lib\libstdc++.a(guard.o)
                0x02016320                __gnu_cxx::__concurrence_broadcast_error::what() const
 .text._ZNK9__gnu_cxx24__concurrence_wait_error4whatEv
                0x0201632c        0xc C:/devkitPro/devkitARM/bin/../lib/gcc/arm-none-eabi/14.2.0/../../../../arm-none-eabi/lib\libstdc++.a(guard.o)
                0x0201632c                __gnu_cxx::__concurrence_wait_error::what() const
 .text._ZN12_GLOBAL__N_1L4initEv
                0x02016338       0x3c C:/devkitPro/devkitARM/bin/../lib/gcc/arm-none-eabi/14.2.0/../../../../arm-none-eabi/lib\libstdc++.a(guard.o)
 .text._ZN12_GLOBAL__N_1L16init_static_condEv
                0x02016374       0x24 C:/devkitPro/devkitARM/bin/../lib/gcc/arm-none-eabi/14.2.0/../../../../arm-none-eabi/lib\libstdc++.a(guard.o)
 .text._ZN9__gnu_cxx24__concurrence_wait_errorD2Ev
                0x02016398       0x24 C:/devkitPro/devkitARM/bin/../lib/gcc/arm-none-eabi/14.2.0/../../../../arm-none-eabi/lib\libstdc++.a(guard.o)
                0x02016398                __gnu_cxx::__concurrence_wait_error::~__concurrence_wait_error()
                0x02016398                __gnu_cxx::__concurrence_wait_error::~__concurrence_wait_error()
 .text._ZN9__gnu_cxx24__concurrence_wait_errorD0Ev
                0x020163bc       0x30 C:/devkitPro/devkitARM/bin/../lib/gcc/arm-none-eabi/14.2.0/../../../../arm-none-eabi/lib\libstdc++.a(guard.o)
                0x020163bc                __gnu_cxx::__concurrence_wait_error::~__concurrence_wait_error()
 .text._ZN9__gnu_cxx29__concurrence_broadcast_errorD2Ev
                0x020163ec       0x24 C:/devkitPro/devkitARM/bin/../lib/gcc/arm-none-eabi/14.2.0/../../../../arm-none-eabi/lib\libstdc++.a(guard.o)
                0x020163ec                __gnu_cxx::__concurrence_broadcast_error::~__concurrence_broadcast_error()
                0x020163ec                __gnu_cxx::__concurrence_broadcast_error::~__concurrence_broadcast_error()
 .text._ZN9__gnu_cxx29__concurrence_broadcast_errorD0Ev
                0x02016410       0x30 C:/devkitPro/devkitARM/bin/../lib/gcc/arm-none-eabi/14.2.0/../../../../arm-none-eabi/lib\libstdc++.a(guard.o)
                0x02016410                __gnu_cxx::__concurrence_broadcast_error::~__concurrence_broadcast_error()
 .text.unlikely._ZN9__gnu_cxx35__throw_concurrence_broadcast_errorEv
                0x02016440       0x2c C:/devkitPro/devkitARM/bin/../lib/gcc/arm-none-eabi/14.2.0/../../../../arm-none-eabi/lib\libstdc++.a(guard.o)
                0x02016440                __gnu_cxx::__throw_concurrence_broadcast_error()
 .text.__cxa_guard_acquire
                0x0201646c      0x180 C:/devkitPro/devkitARM/bin/../lib/gcc/arm-none-eabi/14.2.0/../../../../arm-none-eabi/lib\libstdc++.a(guard.o)
                0x0201646c                __cxa_guard_acquire
 .text.__cxa_guard_release
                0x020165ec       0xbc C:/devkitPro/devkitARM/bin/../lib/gcc/arm-none-eabi/14.2.0/../../../../arm-none-eabi/lib\libstdc++.a(guard.o)
                0x020165ec                __cxa_guard_release
 .text._ZN9__gnu_cxx20recursive_init_errorD2Ev
                0x020166a8       0x24 C:/devkitPro/devkitARM/bin/../lib/gcc/arm-none-eabi/14.2.0/../../../../arm-none-eabi/lib\libstdc++.a(guard_error.o)
                0x020166a8                __gnu_cxx::recursive_init_error::~recursive_init_error()
                0x020166a8                __gnu_cxx::recursive_init_error::~recursive_init_error()
 .text._ZN9__gnu_cxx20recursive_init_errorD0Ev
                0x020166cc       0x30 C:/devkitPro/devkitARM/bin/../lib/gcc/arm-none-eabi/14.2.0/../../../../arm-none-eabi/lib\libstdc++.a(guard_error.o)
                0x020166cc                __gnu_cxx::recursive_init_error::~recursive_init_error()
 .text._ZN9__gnu_cxx20recursive_init_errorC2Ev
                0x020166fc       0x10 C:/devkitPro/devkitARM/bin/../lib/gcc/arm-none-eabi/14.2.0/../../../../arm-none-eabi/lib\libstdc++.a(guard_error.o)
                0x020166fc                __gnu_cxx::recursive_init_error::recursive_init_error()
                0x020166fc                __gnu_cxx::recursive_init_error::recursive_init_error()
 .text.__muldi3
                0x0201670c       0x18 C:/devkitPro/devkitARM/bin/../lib/gcc/arm-none-eabi/14.2.0\libgcc.a(_muldi3.o)
                0x0201670c                __muldi3
                0x0201670c                __aeabi_lmul
 .text.__udivmoddi4
                0x02016724      0x128 C:/devkitPro/devkitARM/bin/../lib/gcc/arm-none-eabi/14.2.0\libgcc.a(_udivmoddi4.o)
                0x02016724                __udivmoddi4
 .text.selfrel_offset31
                0x0201684c       0x18 C:/devkitPro/devkitARM/bin/../lib/gcc/arm-none-eabi/14.2.0\libgcc.a(unwind-arm.o)
 .text.search_EIT_table
                0x02016864       0x98 C:/devkitPro/devkitARM/bin/../lib/gcc/arm-none-eabi/14.2.0\libgcc.a(unwind-arm.o)
 .text.__gnu_unwind_get_pr_addr
                0x020168fc       0x40 C:/devkitPro/devkitARM/bin/../lib/gcc/arm-none-eabi/14.2.0\libgcc.a(unwind-arm.o)
 .text.get_eit_entry
                0x0201693c      0x118 C:/devkitPro/devkitARM/bin/../lib/gcc/arm-none-eabi/14.2.0\libgcc.a(unwind-arm.o)
 .text.restore_non_core_regs
                0x02016a54       0x90 C:/devkitPro/devkitARM/bin/../lib/gcc/arm-none-eabi/14.2.0\libgcc.a(unwind-arm.o)
 .text._Unwind_decode_typeinfo_ptr.constprop.0
                0x02016ae4       0x14 C:/devkitPro/devkitARM/bin/../lib/gcc/arm-none-eabi/14.2.0\libgcc.a(unwind-arm.o)
 .text._Unwind_DebugHook
                0x02016af8        0x4 C:/devkitPro/devkitARM/bin/../lib/gcc/arm-none-eabi/14.2.0\libgcc.a(unwind-arm.o)
 .text.unwind_phase2
                0x02016afc       0x68 C:/devkitPro/devkitARM/bin/../lib/gcc/arm-none-eabi/14.2.0\libgcc.a(unwind-arm.o)
 .text.unwind_phase2_forced
                0x02016b64      0x154 C:/devkitPro/devkitARM/bin/../lib/gcc/arm-none-eabi/14.2.0\libgcc.a(unwind-arm.o)
 .text.__gnu_Unwind_RaiseException
                0x02016cb8       0xac C:/devkitPro/devkitARM/bin/../lib/gcc/arm-none-eabi/14.2.0\libgcc.a(unwind-arm.o)
                0x02016cb8                __gnu_Unwind_RaiseException
 .text.__gnu_Unwind_ForcedUnwind
                0x02016d64       0x28 C:/devkitPro/devkitARM/bin/../lib/gcc/arm-none-eabi/14.2.0\libgcc.a(unwind-arm.o)
                0x02016d64                __gnu_Unwind_ForcedUnwind
 .text.__gnu_Unwind_Resume
                0x02016d8c       0x78 C:/devkitPro/devkitARM/bin/../lib/gcc/arm-none-eabi/14.2.0\libgcc.a(unwind-arm.o)
                0x02016d8c                __gnu_Unwind_Resume
 .text.__gnu_Unwind_Resume_or_Rethrow
                0x02016e04       0x2c C:/devkitPro/devkitARM/bin/../lib/gcc/arm-none-eabi/14.2.0\libgcc.a(unwind-arm.o)
                0x02016e04                __gnu_Unwind_Resume_or_Rethrow
 .text._Unwind_Complete
                0x02016e30        0x4 C:/devkitPro/devkitARM/bin/../lib/gcc/arm-none-eabi/14.2.0\libgcc.a(unwind-arm.o)
                0x02016e30                _Unwind_Complete
 .text._Unwind_DeleteException
                0x02016e34       0x18 C:/devkitPro/devkitARM/bin/../lib/gcc/arm-none-eabi/14.2.0\libgcc.a(unwind-arm.o)
                0x02016e34                _Unwind_DeleteException
 .text._Unwind_VRS_Get
                0x02016e4c       0x64 C:/devkitPro/devkitARM/bin/../lib/gcc/arm-none-eabi/14.2.0\libgcc.a(unwind-arm.o)
                0x02016e4c                _Unwind_VRS_Get
 .text._Unwind_GetGR
                0x02016eb0       0x30 C:/devkitPro/devkitARM/bin/../lib/gcc/arm-none-eabi/14.2.0\libgcc.a(unwind-arm.o)
 .text._Unwind_VRS_Set
                0x02016ee0       0x64 C:/devkitPro/devkitARM/bin/../lib/gcc/arm-none-eabi/14.2.0\libgcc.a(unwind-arm.o)
                0x02016ee0                _Unwind_VRS_Set
 .text._Unwind_SetGR
                0x02016f44       0x30 C:/devkitPro/devkitARM/bin/../lib/gcc/arm-none-eabi/14.2.0\libgcc.a(unwind-arm.o)
 .text.__gnu_Unwind_Backtrace
                0x02016f74       0xcc C:/devkitPro/devkitARM/bin/../lib/gcc/arm-none-eabi/14.2.0\libgcc.a(unwind-arm.o)
                0x02016f74                __gnu_Unwind_Backtrace
 .text.__gnu_unwind_pr_common
                0x02017040      0x41c C:/devkitPro/devkitARM/bin/../lib/gcc/arm-none-eabi/14.2.0\libgcc.a(unwind-arm.o)
 .text.__aeabi_unwind_cpp_pr0
                0x0201745c        0x8 C:/devkitPro/devkitARM/bin/../lib/gcc/arm-none-eabi/14.2.0\libgcc.a(unwind-arm.o)
                0x0201745c                __aeabi_unwind_cpp_pr0
 .text.__aeabi_unwind_cpp_pr1
                0x02017464        0x8 C:/devkitPro/devkitARM/bin/../lib/gcc/arm-none-eabi/14.2.0\libgcc.a(unwind-arm.o)
                0x02017464                __aeabi_unwind_cpp_pr1
 .text.__aeabi_unwind_cpp_pr2
                0x0201746c        0x8 C:/devkitPro/devkitARM/bin/../lib/gcc/arm-none-eabi/14.2.0\libgcc.a(unwind-arm.o)
                0x0201746c                __aeabi_unwind_cpp_pr2
 .text._Unwind_VRS_Pop
                0x02017474      0x45c C:/devkitPro/devkitARM/bin/../lib/gcc/arm-none-eabi/14.2.0\libgcc.a(unwind-arm.o)
                0x02017474                _Unwind_VRS_Pop
 .text.next_unwind_byte
                0x020178d0       0x60 C:/devkitPro/devkitARM/bin/../lib/gcc/arm-none-eabi/14.2.0\libgcc.a(pr-support.o)
 .text._Unwind_GetGR.constprop.0
                0x02017930       0x30 C:/devkitPro/devkitARM/bin/../lib/gcc/arm-none-eabi/14.2.0\libgcc.a(pr-support.o)
 .text.unwind_UCB_from_context
                0x02017960        0x4 C:/devkitPro/devkitARM/bin/../lib/gcc/arm-none-eabi/14.2.0\libgcc.a(pr-support.o)
 .text.__gnu_unwind_execute
                0x02017964      0x46c C:/devkitPro/devkitARM/bin/../lib/gcc/arm-none-eabi/14.2.0\libgcc.a(pr-support.o)
                0x02017964                __gnu_unwind_execute
 .text.__gnu_unwind_frame
                0x02017dd0       0x4c C:/devkitPro/devkitARM/bin/../lib/gcc/arm-none-eabi/14.2.0\libgcc.a(pr-support.o)
                0x02017dd0                __gnu_unwind_frame
 .text._Unwind_GetRegionStart
                0x02017e1c       0x14 C:/devkitPro/devkitARM/bin/../lib/gcc/arm-none-eabi/14.2.0\libgcc.a(pr-support.o)
                0x02017e1c                _Unwind_GetRegionStart
 .text._Unwind_GetLanguageSpecificData
                0x02017e30       0x20 C:/devkitPro/devkitARM/bin/../lib/gcc/arm-none-eabi/14.2.0\libgcc.a(pr-support.o)
                0x02017e30                _Unwind_GetLanguageSpecificData
 .text.unlikely._Unwind_GetDataRelBase
                0x02017e50        0x8 C:/devkitPro/devkitARM/bin/../lib/gcc/arm-none-eabi/14.2.0\libgcc.a(pr-support.o)
                0x02017e50                _Unwind_GetDataRelBase
 .text.unlikely._Unwind_GetTextRelBase
                0x02017e58        0x8 C:/devkitPro/devkitARM/bin/../lib/gcc/arm-none-eabi/14.2.0\libgcc.a(pr-support.o)
                0x02017e58                _Unwind_GetTextRelBase
 .text.strncmp  0x02017e60       0xe0 C:/devkitPro/devkitARM/bin/../lib/gcc/arm-none-eabi/14.2.0/../../../../arm-none-eabi/lib\libg.a(libc_a-strncmp.o)
                0x02017e60                strncmp
 .text.strchr   0x02017f40      0x13c C:/devkitPro/devkitARM/bin/../lib/gcc/arm-none-eabi/14.2.0/../../../../arm-none-eabi/lib\libg.a(libc_a-strchr.o)
                0x02017f40                strchr
 .text.getenv   0x0201807c       0x28 C:/devkitPro/devkitARM/bin/../lib/gcc/arm-none-eabi/14.2.0/../../../../arm-none-eabi/lib\libg.a(libc_a-getenv.o)
                0x0201807c                getenv
 .text.strlen   0x020180a4       0x60 C:/devkitPro/devkitARM/bin/../lib/gcc/arm-none-eabi/14.2.0/../../../../arm-none-eabi/lib\libg.a(libc_a-strlen-stub.o)
                0x020180a4                strlen
 .text.memmove  0x02018104      0x164 C:/devkitPro/devkitARM/bin/../lib/gcc/arm-none-eabi/14.2.0/../../../../arm-none-eabi/lib\libg.a(libc_a-memmove.o)
                0x02018104                memmove
 .text.__locale_mb_cur_max
                0x02018268       0x28 C:/devkitPro/devkitARM/bin/../lib/gcc/arm-none-eabi/14.2.0/../../../../arm-none-eabi/lib\libg.a(libc_a-locale.o)
                0x02018268                __locale_mb_cur_max
 .text.memcmp   0x02018290       0xdc C:/devkitPro/devkitARM/bin/../lib/gcc/arm-none-eabi/14.2.0/../../../../arm-none-eabi/lib\libg.a(libc_a-memcmp.o)
                0x02018290                memcmp
 .text._strtoul_l.isra.0
                0x0201836c      0x1e8 C:/devkitPro/devkitARM/bin/../lib/gcc/arm-none-eabi/14.2.0/../../../../arm-none-eabi/lib\libg.a(libc_a-strtoul.o)
 .text._strtoul_r
                0x02018554       0x30 C:/devkitPro/devkitARM/bin/../lib/gcc/arm-none-eabi/14.2.0/../../../../arm-none-eabi/lib\libg.a(libc_a-strtoul.o)
                0x02018554                _strtoul_r
 .text.strtoul  0x02018584       0x34 C:/devkitPro/devkitARM/bin/../lib/gcc/arm-none-eabi/14.2.0/../../../../arm-none-eabi/lib\libg.a(libc_a-strtoul.o)
                0x02018584                strtoul
 .text.__utf8_mbtowc
                0x020185b8      0x334 C:/devkitPro/devkitARM/bin/../lib/gcc/arm-none-eabi/14.2.0/../../../../arm-none-eabi/lib\libg.a(libc_a-mbtowc_r.o)
                0x020185b8                __utf8_mbtowc
 .text._fread_r
                0x020188ec      0x33c C:/devkitPro/devkitARM/bin/../lib/gcc/arm-none-eabi/14.2.0/../../../../arm-none-eabi/lib\libg.a(libc_a-fread.o)
                0x020188ec                _fread_r
 .text.fread    0x02018c28       0x3c C:/devkitPro/devkitARM/bin/../lib/gcc/arm-none-eabi/14.2.0/../../../../arm-none-eabi/lib\libg.a(libc_a-fread.o)
                0x02018c28                fread
 .text.calloc   0x02018c64       0x24 C:/devkitPro/devkitARM/bin/../lib/gcc/arm-none-eabi/14.2.0/../../../../arm-none-eabi/lib\libg.a(libc_a-calloc.o)
                0x02018c64                calloc
 .text.siscanf  0x02018c88       0x78 C:/devkitPro/devkitARM/bin/../lib/gcc/arm-none-eabi/14.2.0/../../../../arm-none-eabi/lib\libg.a(libc_a-siscanf.o)
                0x02018c88                siscanf
 .text.__sread  0x02018d00       0x4c C:/devkitPro/devkitARM/bin/../lib/gcc/arm-none-eabi/14.2.0/../../../../arm-none-eabi/lib\libg.a(libc_a-stdio.o)
                0x02018d00                __sread
 .text.__seofread
                0x02018d4c        0x8 C:/devkitPro/devkitARM/bin/../lib/gcc/arm-none-eabi/14.2.0/../../../../arm-none-eabi/lib\libg.a(libc_a-stdio.o)
                0x02018d4c                __seofread
 .text.__swrite
                0x02018d54       0x6c C:/devkitPro/devkitARM/bin/../lib/gcc/arm-none-eabi/14.2.0/../../../../arm-none-eabi/lib\libg.a(libc_a-stdio.o)
                0x02018d54                __swrite
 .text.__sseek  0x02018dc0       0x48 C:/devkitPro/devkitARM/bin/../lib/gcc/arm-none-eabi/14.2.0/../../../../arm-none-eabi/lib\libg.a(libc_a-stdio.o)
                0x02018dc0                __sseek
 .text.__sclose
                0x02018e08       0x14 C:/devkitPro/devkitARM/bin/../lib/gcc/arm-none-eabi/14.2.0/../../../../arm-none-eabi/lib\libg.a(libc_a-stdio.o)
                0x02018e08                __sclose
 .text.strrchr  0x02018e1c       0x58 C:/devkitPro/devkitARM/bin/../lib/gcc/arm-none-eabi/14.2.0/../../../../arm-none-eabi/lib\libg.a(libc_a-strrchr.o)
                0x02018e1c                strrchr
 .text.abort    0x02018e74       0x14 C:/devkitPro/devkitARM/bin/../lib/gcc/arm-none-eabi/14.2.0/../../../../arm-none-eabi/lib\libg.a(libc_a-abort.o)
                0x02018e74                abort
 .text.lflush   0x02018e88       0x3c C:/devkitPro/devkitARM/bin/../lib/gcc/arm-none-eabi/14.2.0/../../../../arm-none-eabi/lib\libg.a(libc_a-refill.o)
 .text.__srefill_r