Archive member included to satisfy reference by file (symbol)

C:/devkitPro/nflib/lib\libnflib.a(nf_2d.o)
                              NFInitialisation.o (NF_Set2D)
C:/devkitPro/nflib/lib\libnflib.a(nf_basic.o)
                              C:/devkitPro/nflib/lib\libnflib.a(nf_2d.o) (NF_Error)
C:/devkitPro/nflib/lib\libnflib.a(nf_sprite256.o)
                              NFInitialisation.o (NF_InitSpriteBuffers)
C:/devkitPro/nflib/lib\libnflib.a(nf_tiledbg.o)
                              NFInitialisation.o (NF_InitTiledBgBuffers)
C:/devkitPro/libnds/lib\libfilesystem.a(nitrofs.o)
                              NFInitialisation.o (nitroFSInit)
C:/devkitPro/libnds/lib\libfat.a(libfat.o)
                              C:/devkitPro/libnds/lib\libfilesystem.a(nitrofs.o) (fatInitDefault)
C:/devkitPro/libnds/lib\libfat.a(disc.o)
                              C:/devkitPro/libnds/lib\libfat.a(libfat.o) (_FAT_disc_interfaces)
C:/devkitPro/libnds/lib\libfat.a(fatfile.o)
                              C:/devkitPro/libnds/lib\libfat.a(libfat.o) (_FAT_open_r)
C:/devkitPro/libnds/lib\libfat.a(cache.o)
                              C:/devkitPro/libnds/lib\libfat.a(fatfile.o) (_FAT_cache_readSectors)
C:/devkitPro/libnds/lib\libfat.a(fatdir.o)
                              C:/devkitPro/libnds/lib\libfat.a(libfat.o) (_FAT_stat_r)
C:/devkitPro/libnds/lib\libfat.a(directory.o)
                              C:/devkitPro/libnds/lib\libfat.a(fatfile.o) (_FAT_directory_entryGetCluster)
C:/devkitPro/libnds/lib\libfat.a(partition.o)
                              C:/devkitPro/libnds/lib\libfat.a(libfat.o) (_FAT_partition_destructor)
C:/devkitPro/libnds/lib\libfat.a(lock.o)
                              C:/devkitPro/libnds/lib\libfat.a(partition.o) (_FAT_lock_init)
C:/devkitPro/libnds/lib\libfat.a(filetime.o)
                              C:/devkitPro/libnds/lib\libfat.a(fatfile.o) (_FAT_filetime_getTimeFromRTC)
C:/devkitPro/libnds/lib\libfat.a(file_allocation_table.o)
                              C:/devkitPro/libnds/lib\libfat.a(fatfile.o) (_FAT_fat_nextCluster)
C:/devkitPro/libnds/lib\libdswifi9.a(sgIP_Hub.o)
                              ControlRoomLevel.o (htons)
C:/devkitPro/libnds/lib\libdswifi9.a(sgIP_memblock.o)
                              C:/devkitPro/libnds/lib\libdswifi9.a(sgIP_Hub.o) (sgIP_memblock_free)
C:/devkitPro/libnds/lib\libdswifi9.a(sgIP_sockets.o)
                              ControlRoomLevel.o (socket)
C:/devkitPro/libnds/lib\libdswifi9.a(wifi_arm9.o)
                              C:/devkitPro/libnds/lib\libdswifi9.a(sgIP_sockets.o) (sgIP_IntrWaitEvent)
C:/devkitPro/libnds/lib\libdswifi9.a(sgIP_ARP.o)
                              C:/devkitPro/libnds/lib\libdswifi9.a(wifi_arm9.o) (sgIP_ARP_FlushInterface)
C:/devkitPro/libnds/lib\libdswifi9.a(sgIP.o)
                              C:/devkitPro/libnds/lib\libdswifi9.a(wifi_arm9.o) (sgIP_Init)
C:/devkitPro/libnds/lib\libdswifi9.a(sgIP_UDP.o)
                              C:/devkitPro/libnds/lib\libdswifi9.a(sgIP.o) (sgIP_UDP_Init)
C:/devkitPro/libnds/lib\libdswifi9.a(sgIP_DHCP.o)
                              C:/devkitPro/libnds/lib\libdswifi9.a(sgIP.o) (sgIP_DHCP_Init)
C:/devkitPro/libnds/lib\libdswifi9.a(spinlock.o)
                              C:/devkitPro/libnds/lib\libdswifi9.a(wifi_arm9.o) (SLasm_Acquire)
C:/devkitPro/libnds/lib\libdswifi9.a(sgIP_DNS.o)
                              C:/devkitPro/libnds/lib\libdswifi9.a(sgIP.o) (sgIP_DNS_Init)
C:/devkitPro/libnds/lib\libdswifi9.a(sgIP_TCP.o)
                              C:/devkitPro/libnds/lib\libdswifi9.a(sgIP.o) (sgIP_TCP_Init)
C:/devkitPro/libnds/lib\libdswifi9.a(sgIP_IP.o)
                              C:/devkitPro/libnds/lib\libdswifi9.a(sgIP.o) (sgIP_IP_ReceivePacket)
C:/devkitPro/libnds/lib\libdswifi9.a(sgIP_ICMP.o)
                              C:/devkitPro/libnds/lib\libdswifi9.a(sgIP_IP.o) (sgIP_ICMP_ReceivePacket)
C:/devkitPro/libnds/lib\libnds9.a(console.o)
                              main.o (consoleDemoInit)
C:/devkitPro/libnds/lib\libnds9.a(keys.o)
                              InputHandler.o (scanKeys)
C:/devkitPro/libnds/lib\libnds9.a(sprite.o)
                              C:/devkitPro/nflib/lib\libnflib.a(nf_sprite256.o) (oamInit)
C:/devkitPro/libnds/lib\libnds9.a(trig.o)
                              C:/devkitPro/libnds/lib\libnds9.a(sprite.o) (sinLerp)
C:/devkitPro/libnds/lib\libnds9.a(video.o)
                              C:/devkitPro/nflib/lib\libnflib.a(nf_basic.o) (setBrightness)
C:/devkitPro/libnds/lib\libnds9.a(dldi.o)
                              C:/devkitPro/libnds/lib\libfat.a(disc.o) (dldiGetInternal)
C:/devkitPro/libnds/lib\libnds9.a(sd.twl.o)
                              C:/devkitPro/libnds/lib\libnds9.a(dldi.o) (__io_dsisd)
C:/devkitPro/libnds/lib\libnds9.a(initSystem.o)
                              C:/devkitPro/devkitARM/bin/../lib/gcc/arm-none-eabi/14.2.0/../../../../arm-none-eabi/lib/ds_arm9_crt0.o (initSystem)
C:/devkitPro/libnds/lib\libnds9.a(securearea.o)
[...]
Memory Configuration

Name             Origin             Length             Attributes
ewram            0x02000000         0x00380000
dtcm             0x02ff0000         0x00004000
vectors          0x01000000         0x00000100
itcm             0x01000100         0x00007f00
*default*        0x00000000         0xffffffff

Linker script and memory map

                0x020087e4                        __sync_synchronize = __sync_synchronize_none
                0x02380000                        __ewram_end = (ORIGIN (ewram) + LENGTH (ewram))
                0x02380000                        __eheap_end = (ORIGIN (ewram) + LENGTH (ewram))
                0x02ff4000                        __dtcm_top = (ORIGIN (dtcm) + LENGTH (dtcm))
                0x02ff3ff8                        __irq_flags = (__dtcm_top - 0x8)
                0x02ff3ffc                        __irq_vector = (__dtcm_top - 0x4)
                0x02ff3f00                        __sp_svc = (__dtcm_top - 0x100)
                0x02ff3e00                        __sp_irq = (__sp_svc - 0x100)
                0x02ff3d00                        __sp_usr = (__sp_irq - 0x100)

.secure         0x02000000      0x800
 *(.secure)
 .secure        0x02000000      0x800 C:/devkitPro/libnds/lib\libnds9.a(securearea.o)
                0x02000000                __secure_area__

.crt0           0x02000800      0x300
                0x02000800                        __text_start = .
 *(.crt0)
 .crt0          0x02000800      0x300 C:/devkitPro/devkitARM/bin/../lib/gcc/arm-none-eabi/14.2.0/../../../../arm-none-eabi/lib/ds_arm9_crt0.o
                0x02000800                _start
                0x02000b00                        . = ALIGN (0x4)

.plt
 *(.plt)

.init           0x02000b00       0x18
 *(SORT_NONE(.init))
 .init          0x02000b00        0xc C:/devkitPro/devkitARM/bin/../lib/gcc/arm-none-eabi/14.2.0/crti.o
                0x02000b00                _init
 .init          0x02000b0c        0xc C:/devkitPro/devkitARM/bin/../lib/gcc/arm-none-eabi/14.2.0/crtn.o

.text           0x02000b40    0x2b950
 *(EXCLUDE_FILE(*.twl* *.vectors* *.itcm*) .text)
 .text          0x02000b40      0x1b4 ControlRoomLevel.o
                0x02000b40                ControlRoomLevel::postRender()
                0x02000b40                ControlRoomLevel::render()
                0x02000b40                ControlRoomLevel::update()
                0x02000b44                ControlRoomLevel::load()
                0x02000c38                ControlRoomLevel::handleInput(InputHandler&)
                0x02000c40                ControlRoomLevel::unload()
                0x02000c88                ControlRoomLevel::networkInit()
 .text          0x02000cf4       0x3c InputHandler.o
                0x02000cf4                InputHandler::updateKeys()
                0x02000d14                InputHandler::getKeysLastFrame()
                0x02000d1c                InputHandler::getKeysThisFrame()
                0x02000d24                InputHandler::getKeysPressed()
 .text          0x02000d30      0x258 IPKeypad.o
                0x02000d30                IPKeyPad::load(int, int, int, int, int, int, Vector2f)
                0x02000f84                IPKeyPad::unload()
 .text          0x02000f88       0x5c NFInitialisation.o
                0x02000f88                initGFX()
 .text          0x02000fe4      0x65c C:/devkitPro/nflib/lib\libnflib.a(nf_2d.o)
                0x02000fe4                NF_Set2D
                0x02001048                NF_ShowBg
                0x020010bc                NF_HideBg
                0x02001158                NF_ScrollBg
                0x02001454                NF_SpriteFrame
                0x0200150c                NF_EnableSpriteRotScale
                0x02001578                NF_DisableSpriteRotScale
                0x020015d4                NF_SpriteRotScale
 .text          0x02001640      0x624 C:/devkitPro/nflib/lib\libnflib.a(nf_basic.o)
                0x02001640                NF_Error
                0x02001928                NF_SetRootFolder
                0x02001b04                NF_DmaMemCopy
                0x02001b88                NF_FileLoad
                0x02001c34                NF_FileExists
 .text          0x02001c64      0xf6c C:/devkitPro/nflib/lib\libnflib.a(nf_sprite256.o)
                0x02001c64                NF_InitSpriteBuffers
                0x02001cc0                NF_ResetSpriteBuffers
                0x02001cf4                NF_InitSpriteSys
                0x02001ef8                NF_LoadSpriteGfx
                0x02001f90                NF_UnloadSpriteGfx
                0x02001ff4                NF_LoadSpritePal
                0x02002074                NF_UnloadSpritePal
                0x020020d0                NF_VramSpriteGfx
                0x02002368                NF_VramSpriteGfxDefrag
                0x02002584                NF_FreeSpriteGfx
                0x02002660                NF_VramSpritePal
                0x02002710                NF_CreateSprite
                0x020028d8                NF_DeleteSprite
                0x02002958                NF_SpriteOamSet
                0x02002a1c                NF_SpriteSetPalColor
                0x02002a9c                NF_SpriteEditPalColor
                0x02002af0                NF_SpriteUpdatePalette
                0x02002b78                NF_SpriteGetPalColor
 .text          0x02002bd0     0x154c C:/devkitPro/nflib/lib\libnflib.a(nf_tiledbg.o)
                0x02002bd0                NF_InitTiledBgBuffers
                0x02002c64                NF_ResetTiledBgBuffers
                0x02002cc0                NF_InitTiledBgSys
                0x02002e20                NF_LoadTiledBg
                0x02002fcc                NF_LoadTilesForBg
                0x020031a0                NF_UnloadTiledBg
                0x0200323c                NF_DeleteTiledBg
                0x020033c8                NF_CreateTiledBg
                0x02003934                NF_GetTileMapAddress
                0x020039bc                NF_GetTileOfMap
                0x020039f8                NF_SetTileOfMap
                0x02003a38                NF_UpdateVramMap
                0x02003b30                NF_BgSetPalColor
                0x02003bc4                NF_BgEditPalColor
                0x02003c30                NF_BgUpdatePalette
                0x02003cd4                NF_BgGetPalColor
                0x02003d44                NF_GetTilePal
                0x02003d78                NF_SetTilePal
                0x02003db8                NF_LoadExBgPal
                0x02003e18                NF_UnloadExBgPal
                0x02003e5c                NF_VramExBgPal
                0x02003ee8                NF_SetExBgPal
                0x02003fa8                NF_SetTileHflip
                0x02003fe0                NF_SetTileVflip
                0x02004018                NF_RotateTileGfx
 .text          0x0200411c       0x5c C:/devkitPro/libnds/lib\libdswifi9.a(spinlock.o)
                0x0200411c                SLasm_Acquire
                0x02004150                SLasm_Release
 *fill*         0x02004178        0x8 ff
 .text          0x02004180     0x4000 C:/devkitPro/libnds/lib\libnds9.a(dldi_stub.o)
                0x02004180                _io_dldi_stub
 .text          0x02008180       0x14 C:/devkitPro/devkitARM/bin/../lib/gcc/arm-none-eabi/14.2.0\libgcc.a(_thumb1_case_uqi.o)
                0x02008180                __gnu_thumb1_case_uqi
 .text          0x02008194       0x14 C:/devkitPro/devkitARM/bin/../lib/gcc/arm-none-eabi/14.2.0\libgcc.a(_thumb1_case_uhi.o)
                0x02008194                __gnu_thumb1_case_uhi
 .text          0x020081a8      0x114 C:/devkitPro/devkitARM/bin/../lib/gcc/arm-none-eabi/14.2.0\libgcc.a(_udivsi3.o)
                0x020081a8                __aeabi_uidiv
                0x020081a8                __udivsi3
                0x0200829c                __aeabi_uidivmod
 .text          0x020082bc      0x148 C:/devkitPro/devkitARM/bin/../lib/gcc/arm-none-eabi/14.2.0\libgcc.a(_divsi3.o)
                0x020082bc                __divsi3
                0x020082bc                __aeabi_idiv
                0x020083e4                __aeabi_idivmod
 .text          0x02008404        0x4 C:/devkitPro/devkitARM/bin/../lib/gcc/arm-none-eabi/14.2.0\libgcc.a(_dvmd_tls.o)
                0x02008404                __aeabi_idiv0
                0x02008404                __aeabi_ldiv0
 .text          0x02008408      0x2ac C:/devkitPro/devkitARM/bin/../lib/gcc/arm-none-eabi/14.2.0\libgcc.a(_arm_addsubsf3.o)
                0x02008408                __aeabi_frsub
                0x02008410                __subsf3
                0x02008410                __aeabi_fsub
                0x02008414                __aeabi_fadd
                0x02008414                __addsf3
                0x020085d0                __aeabi_ui2f
                0x020085d0                __floatunsisf
                0x020085d8                __aeabi_i2f
                0x020085d8                __floatsisf
                0x020085f8                __aeabi_ul2f
                0x020085f8                __floatundisf
                0x02008608                __aeabi_l2f
                0x02008608                __floatdisf
 .text          0x020086b4       0x5c C:/devkitPro/devkitARM/bin/../lib/gcc/arm-none-eabi/14.2.0\libgcc.a(_arm_fixsfsi.o)
                0x020086b4                __aeabi_f2iz
                0x020086b4                __fixsfsi
 .text          0x02008710       0xd4 C:/devkitPro/devkitARM/bin/../lib/gcc/arm-none-eabi/14.2.0\libgcc.a(_aeabi_ldivmod.o)
                0x02008710                __aeabi_ldivmod
 .text          0x020087e4        0x4 C:/devkitPro/devkitARM/bin/../lib/gcc/arm-none-eabi/14.2.0\libgcc.a(_sync_none.o)
                0x020087e4                __sync_synchronize_none
 .text          0x020087e8      0x1b0 C:/devkitPro/devkitARM/bin/../lib/gcc/arm-none-eabi/14.2.0\libgcc.a(libunwind.o)
                0x020087e8                __restore_core_regs
                0x020087e8                restore_core_regs
                0x02008804                __gnu_Unwind_Restore_VFP
                0x0200880c                __gnu_Unwind_Save_VFP
                0x02008814                __gnu_Unwind_Restore_VFP_D
                0x0200881c                __gnu_Unwind_Save_VFP_D
                0x02008824                __gnu_Unwind_Restore_VFP_D_16_to_31
                0x0200882c                __gnu_Unwind_Save_VFP_D_16_to_31
                0x02008834                __gnu_Unwind_Restore_WMMXD
                0x02008878                __gnu_Unwind_Save_WMMXD
                0x020088bc                __gnu_Unwind_Restore_WMMXC
                0x020088d0                __gnu_Unwind_Save_WMMXC
                0x020088e4                ___Unwind_RaiseException
                0x020088e4                _Unwind_RaiseException
                0x02008908                _Unwind_Resume
                0x02008908                ___Unwind_Resume
                0x0200892c                _Unwind_Resume_or_Rethrow
                0x0200892c                ___Unwind_Resume_or_Rethrow
                0x02008950                _Unwind_ForcedUnwind
                0x02008950                ___Unwind_ForcedUnwind
                0x02008974                ___Unwind_Backtrace
                0x02008974                _Unwind_Backtrace
 .text          0x02008998       0x28 C:/devkitPro/devkitARM/bin/../lib/gcc/arm-none-eabi/14.2.0\libgcc.a(_clzdi2.o)
                0x02008998                __clzdi2
 .text          0x020089c0       0x48 C:/devkitPro/devkitARM/bin/../lib/gcc/arm-none-eabi/14.2.0\libgcc.a(_clzsi2.o)
                0x020089c0                __clzsi2
 .text          0x02008a08      0x224 C:/devkitPro/devkitARM/bin/../lib/gcc/arm-none-eabi/14.2.0/../../../../arm-none-eabi/lib\libg.a(libc_a-strcmp.o)
                0x02008a08                strcmp
 .text          0x02008c2c      0x424 C:/devkitPro/devkitARM/bin/../lib/gcc/arm-none-eabi/14.2.0\libgcc.a(_arm_addsubdf3.o)
                0x02008c2c                __aeabi_drsub
                0x02008c34                __aeabi_dsub
                0x02008c34                __subdf3
                0x02008c38                __aeabi_dadd
                0x02008c38                __adddf3
                0x02008f48                __floatunsidf
                0x02008f48                __aeabi_ui2d
                0x02008f6c                __floatsidf
                0x02008f6c                __aeabi_i2d
                0x02008f94                __aeabi_f2d
                0x02008f94                __extendsfdf2
                0x02008fdc                __floatundidf
                0x02008fdc                __aeabi_ul2d
                0x02008ff0                __floatdidf
                0x02008ff0                __aeabi_l2d
 .text          0x02009050      0x49c C:/devkitPro/devkitARM/bin/../lib/gcc/arm-none-eabi/14.2.0\libgcc.a(_arm_muldivdf3.o)
                0x02009050                __aeabi_dmul
                0x02009050                __muldf3
                0x020092e0                __divdf3
                0x020092e0                __aeabi_ddiv
 .text          0x020094ec      0x144 C:/devkitPro/devkitARM/bin/../lib/gcc/arm-none-eabi/14.2.0\libgcc.a(_arm_cmpdf2.o)
                0x020094ec                __gtdf2
                0x020094ec                __gedf2
                0x020094f4                __ltdf2
                0x020094f4                __ledf2
                0x020094fc                __nedf2
                0x020094fc                __eqdf2
                0x020094fc                __cmpdf2
                0x02009584                __aeabi_cdrcmple
                0x020095a0                __aeabi_cdcmpeq
                0x020095a0                __aeabi_cdcmple
                0x020095b8                __aeabi_dcmpeq
                0x020095d0                __aeabi_dcmplt
                0x020095e8                __aeabi_dcmple
                0x02009600                __aeabi_dcmpge
                0x02009618                __aeabi_dcmpgt
 .text          0x02009630       0x38 C:/devkitPro/devkitARM/bin/../lib/gcc/arm-none-eabi/14.2.0\libgcc.a(_arm_unorddf2.o)
                0x02009630                __unorddf2
                0x02009630                __aeabi_dcmpun
 .text          0x02009668       0x5c C:/devkitPro/devkitARM/bin/../lib/gcc/arm-none-eabi/14.2.0\libgcc.a(_arm_fixdfsi.o)
                0x02009668                __aeabi_d2iz
                0x02009668                __fixdfsi
 .text          0x020096c4       0x3c C:/devkitPro/devkitARM/bin/../lib/gcc/arm-none-eabi/14.2.0\libgcc.a(_aeabi_uldivmod.o)
                0x020096c4                __aeabi_uldivmod
 *(EXCLUDE_FILE(*.twl* *.vectors* *.itcm*) .stub)
 *(EXCLUDE_FILE(*.twl* *.vectors* *.itcm*) .text.*)
 .text.__do_global_dtors_aux
                0x02009700       0x40 C:/devkitPro/devkitARM/bin/../lib/gcc/arm-none-eabi/14.2.0/crtbegin.o
 .text.frame_dummy
                0x02009740       0x30 C:/devkitPro/devkitARM/bin/../lib/gcc/arm-none-eabi/14.2.0/crtbegin.o
 .text.startup  0x02009770      0x100 main.o
                0x02009770                main
 .text.nitroFSDirClose
                0x02009870        0x4 C:/devkitPro/libnds/lib\libfilesystem.a(nitrofs.o)
 .text.nitroFSSeek
                0x02009874       0x78 C:/devkitPro/libnds/lib\libfilesystem.a(nitrofs.o)
 .text.nitroFSFstat
                0x020098ec       0x10 C:/devkitPro/libnds/lib\libfilesystem.a(nitrofs.o)
 .text.nitroSubReadBlock
                0x020098fc       0x54 C:/devkitPro/libnds/lib\libfilesystem.a(nitrofs.o)
 .text.nitroSubReadCard
                0x02009950       0xb0 C:/devkitPro/libnds/lib\libfilesystem.a(nitrofs.o)
 .text.nitroFSClose
                0x02009a00        0x4 C:/devkitPro/libnds/lib\libfilesystem.a(nitrofs.o)
 .text.nitroDirReset
                0x02009a04       0x9c C:/devkitPro/libnds/lib\libfilesystem.a(nitrofs.o)
 .text.nitroFSRead
                0x02009aa0       0xbc C:/devkitPro/libnds/lib\libfilesystem.a(nitrofs.o)
 .text.nitroFSDirNext
                0x02009b5c      0x30c C:/devkitPro/libnds/lib\libfilesystem.a(nitrofs.o)
 .text.nitroFSDirOpen
                0x02009e68       0xe0 C:/devkitPro/libnds/lib\libfilesystem.a(nitrofs.o)
 .text.nitroFSChdir
                0x02009f48       0x30 C:/devkitPro/libnds/lib\libfilesystem.a(nitrofs.o)
 .text.nitroFSOpen
                0x02009f78       0xc4 C:/devkitPro/libnds/lib\libfilesystem.a(nitrofs.o)
 .text.nitroFSstat
                0x0200a03c       0x68 C:/devkitPro/libnds/lib\libfilesystem.a(nitrofs.o)
 .text.nitroFSInit
                0x0200a0a4      0x12c C:/devkitPro/libnds/lib\libfilesystem.a(nitrofs.o)
                0x0200a0a4                nitroFSInit
 .text.fatMount.part.0
                0x0200a1d0       0xa0 C:/devkitPro/libnds/lib\libfat.a(libfat.o)
 .text.fatMount
                0x0200a270       0x3c C:/devkitPro/libnds/lib\libfat.a(libfat.o)
                0x0200a270                fatMount
 .text.fatInit  0x0200a2ac      0x130 C:/devkitPro/libnds/lib\libfat.a(libfat.o)
                0x0200a2ac                fatInit
 .text.fatInitDefault
                0x0200a3dc        0xc C:/devkitPro/libnds/lib\libfat.a(libfat.o)
                0x0200a3dc                fatInitDefault
 .text._FAT_check_position_for_next_cluster.part.0
                0x0200a3e8       0x68 C:/devkitPro/libnds/lib\libfat.a(fatfile.o)
 .text._FAT_syncToDisc.part.0
                0x0200a450       0xd4 C:/devkitPro/libnds/lib\libfat.a(fatfile.o)
 .text._FAT_file_extend_r
                0x0200a524      0x208 C:/devkitPro/libnds/lib\libfat.a(fatfile.o)
 .text._FAT_open_r
                0x0200a72c      0x2d4 C:/devkitPro/libnds/lib\libfat.a(fatfile.o)
                0x0200a72c                _FAT_open_r
 .text._FAT_close_r
                0x0200aa00       0x74 C:/devkitPro/libnds/lib\libfat.a(fatfile.o)
                0x0200aa00                _FAT_close_r
 .text._FAT_read_r
                0x0200aa74      0x398 C:/devkitPro/libnds/lib\libfat.a(fatfile.o)
                0x0200aa74                _FAT_read_r
 .text._FAT_write_r
                0x0200ae0c      0x53c C:/devkitPro/libnds/lib\libfat.a(fatfile.o)
                0x0200ae0c                _FAT_write_r
 .text._FAT_seek_r
                0x0200b348      0x194 C:/devkitPro/libnds/lib\libfat.a(fatfile.o)
                0x0200b348                _FAT_seek_r
 .text._FAT_fstat_r
                0x0200b4dc       0x8c C:/devkitPro/libnds/lib\libfat.a(fatfile.o)
                0x0200b4dc                _FAT_fstat_r
 .text._FAT_ftruncate_r
                0x0200b568      0x16c C:/devkitPro/libnds/lib\libfat.a(fatfile.o)
                0x0200b568                _FAT_ftruncate_r
 .text._FAT_fsync_r
                0x0200b6d4       0x44 C:/devkitPro/libnds/lib\libfat.a(fatfile.o)
                0x0200b6d4                _FAT_fsync_r
 .text._FAT_cache_getPage
                0x0200b718       0xf0 C:/devkitPro/libnds/lib\libfat.a(cache.o)
 .text._FAT_cache_constructor
                0x0200b808       0x90 C:/devkitPro/libnds/lib\libfat.a(cache.o)
                0x0200b808                _FAT_cache_constructor
 .text._FAT_cache_readSectors
                0x0200b898       0x60 C:/devkitPro/libnds/lib\libfat.a(cache.o)
                0x0200b898                _FAT_cache_readSectors
 .text._FAT_cache_readPartialSector
                0x0200b8f8       0x3c C:/devkitPro/libnds/lib\libfat.a(cache.o)
                0x0200b8f8                _FAT_cache_readPartialSector
 .text._FAT_cache_readLittleEndianValue
                0x0200b934       0x70 C:/devkitPro/libnds/lib\libfat.a(cache.o)
                0x0200b934                _FAT_cache_readLittleEndianValue
 .text._FAT_cache_writePartialSector
                0x0200b9a4       0x4c C:/devkitPro/libnds/lib\libfat.a(cache.o)
                0x0200b9a4                _FAT_cache_writePartialSector
 .text._FAT_cache_writeLittleEndianValue
                0x0200b9f0       0x8c C:/devkitPro/libnds/lib\libfat.a(cache.o)
                0x0200b9f0                _FAT_cache_writeLittleEndianValue
 .text._FAT_cache_eraseWritePartialSector
                0x0200ba7c       0x60 C:/devkitPro/libnds/lib\libfat.a(cache.o)
                0x0200ba7c                _FAT_cache_eraseWritePartialSector
 .text._FAT_cache_writeSectors
                0x0200badc       0x80 C:/devkitPro/libnds/lib\libfat.a(cache.o)
                0x0200badc                _FAT_cache_writeSectors
 .text._FAT_cache_flush
                0x0200bb5c       0x40 C:/devkitPro/libnds/lib\libfat.a(cache.o)
                0x0200bb5c                _FAT_cache_flush
 .text._FAT_stat_r
                0x0200bb9c       0x90 C:/devkitPro/libnds/lib\libfat.a(fatdir.o)
                0x0200bb9c                _FAT_stat_r
 .text._FAT_link_r
                0x0200bc2c        0xc C:/devkitPro/libnds/lib\libfat.a(fatdir.o)
                0x0200bc2c                _FAT_link_r
 .text._FAT_unlink_r
                0x0200bc38      0x184 C:/devkitPro/libnds/lib\libfat.a(fatdir.o)
                0x0200bc38                _FAT_unlink_r
 .text._FAT_chdir_r
                0x0200bdbc       0x70 C:/devkitPro/libnds/lib\libfat.a(fatdir.o)
                0x0200bdbc                _FAT_chdir_r
 .text._FAT_rename_r
                0x0200be2c      0x1c4 C:/devkitPro/libnds/lib\libfat.a(fatdir.o)
                0x0200be2c                _FAT_rename_r
 .text._FAT_mkdir_r
                0x0200bff0      0x244 C:/devkitPro/libnds/lib\libfat.a(fatdir.o)
                0x0200bff0                _FAT_mkdir_r
 .text._FAT_statvfs_r
                0x0200c234       0x78 C:/devkitPro/libnds/lib\libfat.a(fatdir.o)
                0x0200c234                _FAT_statvfs_r
 .text._FAT_diropen_r
                0x0200c2ac       0xb0 C:/devkitPro/libnds/lib\libfat.a(fatdir.o)
                0x0200c2ac                _FAT_diropen_r
 .text._FAT_dirreset_r
                0x0200c35c       0x4c C:/devkitPro/libnds/lib\libfat.a(fatdir.o)
                0x0200c35c                _FAT_dirreset_r
 .text._FAT_dirnext_r
                0x0200c3a8       0x7c C:/devkitPro/libnds/lib\libfat.a(fatdir.o)
                0x0200c3a8                _FAT_dirnext_r
 .text._FAT_dirclose_r
                0x0200c424       0x20 C:/devkitPro/libnds/lib\libfat.a(fatdir.o)
                0x0200c424                _FAT_dirclose_r
 .text._FAT_directory_entryGetAlias
                0x0200c444       0xc8 C:/devkitPro/libnds/lib\libfat.a(directory.o)
 .text._FAT_directory_incrementDirEntryPosition
                0x0200c50c       0x80 C:/devkitPro/libnds/lib\libfat.a(directory.o)
 .text._FAT_directory_mbsncasecmp
                0x0200c58c       0xa8 C:/devkitPro/libnds/lib\libfat.a(directory.o)
 .text._FAT_directory_ucs2tombs.constprop.0
                0x0200c634       0x90 C:/devkitPro/libnds/lib\libfat.a(directory.o)
 .text._FAT_directory_entryGetCluster
                0x0200c6c4       0x20 C:/devkitPro/libnds/lib\libfat.a(directory.o)
                0x0200c6c4                _FAT_directory_entryGetCluster
 .text._FAT_directory_getNextEntry
                0x0200c6e4      0x23c C:/devkitPro/libnds/lib\libfat.a(directory.o)
                0x0200c6e4                _FAT_directory_getNextEntry
 .text._FAT_directory_entryExists
                0x0200c920       0x80 C:/devkitPro/libnds/lib\libfat.a(directory.o)
 .text._FAT_directory_getFirstEntry
                0x0200c9a0       0x20 C:/devkitPro/libnds/lib\libfat.a(directory.o)
                0x0200c9a0                _FAT_directory_getFirstEntry
 .text._FAT_directory_getRootEntry
                0x0200c9c0       0x60 C:/devkitPro/libnds/lib\libfat.a(directory.o)
                0x0200c9c0                _FAT_directory_getRootEntry
 .text._FAT_directory_entryFromPosition
                0x0200ca20      0x150 C:/devkitPro/libnds/lib\libfat.a(directory.o)
                0x0200ca20                _FAT_directory_entryFromPosition
 .text._FAT_directory_entryFromPath
                0x0200cb70      0x248 C:/devkitPro/libnds/lib\libfat.a(directory.o)
                0x0200cb70                _FAT_directory_entryFromPath
 .text._FAT_directory_removeEntry
                0x0200cdb8       0xd8 C:/devkitPro/libnds/lib\libfat.a(directory.o)
                0x0200cdb8                _FAT_directory_removeEntry
 .text._FAT_directory_addEntry
                0x0200ce90      0x808 C:/devkitPro/libnds/lib\libfat.a(directory.o)
                0x0200ce90                _FAT_directory_addEntry
 .text._FAT_directory_chdir
                0x0200d698       0x3c C:/devkitPro/libnds/lib\libfat.a(directory.o)
                0x0200d698                _FAT_directory_chdir
 .text._FAT_directory_entryStat
                0x0200d6d4       0xe4 C:/devkitPro/libnds/lib\libfat.a(directory.o)
                0x0200d6d4                _FAT_directory_entryStat
 .text.isValidMBR
                0x0200d7b8       0x5c C:/devkitPro/libnds/lib\libfat.a(partition.o)
 .text._FAT_updateFS_INFO
                0x0200d814       0x54 C:/devkitPro/libnds/lib\libfat.a(partition.o)
 .text.FindFirstValidPartition_buf.part.0
                0x0200d868      0x11c C:/devkitPro/libnds/lib\libfat.a(partition.o)
 .text._FAT_partition_getPartitionFromPath
                0x0200d984       0x10 C:/devkitPro/libnds/lib\libfat.a(partition.o)
                0x0200d984                _FAT_partition_getPartitionFromPath
 .text._FAT_partition_createFSinfo
                0x0200d994       0x50 C:/devkitPro/libnds/lib\libfat.a(partition.o)
                0x0200d994                _FAT_partition_createFSinfo
 .text._FAT_partition_readFSinfo.part.0
                0x0200d9e4       0x74 C:/devkitPro/libnds/lib\libfat.a(partition.o)
 .text._FAT_partition_constructor_buf
                0x0200da58      0x2e8 C:/devkitPro/libnds/lib\libfat.a(partition.o)
                0x0200da58                _FAT_partition_constructor_buf
 .text._FAT_partition_constructor
                0x0200dd40       0x40 C:/devkitPro/libnds/lib\libfat.a(partition.o)
                0x0200dd40                _FAT_partition_constructor
 .text._FAT_partition_readFSinfo
                0x0200dd80       0x10 C:/devkitPro/libnds/lib\libfat.a(partition.o)
                0x0200dd80                _FAT_partition_readFSinfo
 .text._FAT_lock_init
                0x0200dd90        0x4 C:/devkitPro/libnds/lib\libfat.a(lock.o)
                0x0200dd90                _FAT_lock_init
 .text._FAT_lock
                0x0200dd94        0x4 C:/devkitPro/libnds/lib\libfat.a(lock.o)
                0x0200dd94                _FAT_lock
 .text._FAT_unlock
                0x0200dd98        0x4 C:/devkitPro/libnds/lib\libfat.a(lock.o)
                0x0200dd98                _FAT_unlock
 .text._FAT_filetime_getTimeFromRTC
                0x0200dd9c       0x44 C:/devkitPro/libnds/lib\libfat.a(filetime.o)
                0x0200dd9c                _FAT_filetime_getTimeFromRTC
 .text._FAT_filetime_getDateFromRTC
                0x0200dde0       0x44 C:/devkitPro/libnds/lib\libfat.a(filetime.o)
                0x0200dde0                _FAT_filetime_getDateFromRTC
 .text._FAT_filetime_to_time_t
                0x0200de24       0x38 C:/devkitPro/libnds/lib\libfat.a(filetime.o)
                0x0200de24                _FAT_filetime_to_time_t
 .text._FAT_fat_writeFatEntry.part.0.isra.0
                0x0200de5c      0x12c C:/devkitPro/libnds/lib\libfat.a(file_allocation_table.o)
 .text._FAT_fat_nextCluster
                0x0200df88      0x108 C:/devkitPro/libnds/lib\libfat.a(file_allocation_table.o)
                0x0200df88                _FAT_fat_nextCluster
 .text._FAT_fat_linkFreeCluster
                0x0200e090       0xac C:/devkitPro/libnds/lib\libfat.a(file_allocation_table.o)
                0x0200e090                _FAT_fat_linkFreeCluster
 .text._FAT_fat_linkFreeClusterCleared
                0x0200e13c       0x68 C:/devkitPro/libnds/lib\libfat.a(file_allocation_table.o)
                0x0200e13c                _FAT_fat_linkFreeClusterCleared
 .text._FAT_fat_clearLinks
                0x0200e1a4       0x7c C:/devkitPro/libnds/lib\libfat.a(file_allocation_table.o)
                0x0200e1a4                _FAT_fat_clearLinks
 .text._FAT_fat_trimChain
                0x0200e220       0x80 C:/devkitPro/libnds/lib\libfat.a(file_allocation_table.o)
                0x0200e220                _FAT_fat_trimChain
 .text._FAT_fat_lastCluster
                0x0200e2a0       0x34 C:/devkitPro/libnds/lib\libfat.a(file_allocation_table.o)
                0x0200e2a0                _FAT_fat_lastCluster
 .text._FAT_fat_freeClusterCount
                0x0200e2d4       0x2c C:/devkitPro/libnds/lib\libfat.a(file_allocation_table.o)
                0x0200e2d4                _FAT_fat_freeClusterCount
 .text.sgIP_Hub_Init
                0x0200e300       0x14 C:/devkitPro/libnds/lib\libdswifi9.a(sgIP_Hub.o)
                0x0200e300                sgIP_Hub_Init
 .text.sgIP_Hub_AddProtocolInterface
                0x0200e314       0x3c C:/devkitPro/libnds/lib\libdswifi9.a(sgIP_Hub.o)
                0x0200e314                sgIP_Hub_AddProtocolInterface
 .text.sgIP_Hub_AddHardwareInterface
                0x0200e350       0x3c C:/devkitPro/libnds/lib\libdswifi9.a(sgIP_Hub.o)
                0x0200e350                sgIP_Hub_AddHardwareInterface
 .text.sgIP_Hub_ReceiveHardwarePacket
                0x0200e38c       0x5c C:/devkitPro/libnds/lib\libdswifi9.a(sgIP_Hub.o)
                0x0200e38c                sgIP_Hub_ReceiveHardwarePacket
 .text.sgIP_Hub_SendProtocolPacket
                0x0200e3e8       0x40 C:/devkitPro/libnds/lib\libdswifi9.a(sgIP_Hub.o)
                0x0200e3e8                sgIP_Hub_SendProtocolPacket
 .text.sgIP_Hub_SendRawPacket
                0x0200e428       0x24 C:/devkitPro/libnds/lib\libdswifi9.a(sgIP_Hub.o)
                0x0200e428                sgIP_Hub_SendRawPacket
 .text.sgIP_Hub_IPMaxMessageSize
                0x0200e44c        0x8 C:/devkitPro/libnds/lib\libdswifi9.a(sgIP_Hub.o)
                0x0200e44c                sgIP_Hub_IPMaxMessageSize
 .text.sgIP_Hub_GetCompatibleIP
                0x0200e454       0x14 C:/devkitPro/libnds/lib\libdswifi9.a(sgIP_Hub.o)
                0x0200e454                sgIP_Hub_GetCompatibleIP
 .text.sgIP_Hub_GetDefaultInterface
                0x0200e468       0x14 C:/devkitPro/libnds/lib\libdswifi9.a(sgIP_Hub.o)
                0x0200e468                sgIP_Hub_GetDefaultInterface
 .text.htons    0x0200e47c        0xc C:/devkitPro/libnds/lib\libdswifi9.a(sgIP_Hub.o)
                0x0200e47c                htons
 .text.htonl    0x0200e488       0x1c C:/devkitPro/libnds/lib\libdswifi9.a(sgIP_Hub.o)
                0x0200e488                htonl
 .text.sgIP_memblock_Init
                0x0200e4a4        0x2 C:/devkitPro/libnds/lib\libdswifi9.a(sgIP_memblock.o)
                0x0200e4a4                sgIP_memblock_Init
 .text.sgIP_memblock_allocHW
                0x0200e4a6       0x24 C:/devkitPro/libnds/lib\libdswifi9.a(sgIP_memblock.o)
                0x0200e4a6                sgIP_memblock_allocHW
 .text.sgIP_memblock_alloc
                0x0200e4ca        0xc C:/devkitPro/libnds/lib\libdswifi9.a(sgIP_memblock.o)
                0x0200e4ca                sgIP_memblock_alloc
 *fill*         0x0200e4d6        0x2 ff
 .text.sgIP_memblock_free
                0x0200e4d8       0x28 C:/devkitPro/libnds/lib\libdswifi9.a(sgIP_memblock.o)
                0x0200e4d8                sgIP_memblock_free
 .text.sgIP_memblock_exposeheader
                0x0200e500       0x26 C:/devkitPro/libnds/lib\libdswifi9.a(sgIP_memblock.o)
                0x0200e500                sgIP_memblock_exposeheader
 .text.sgIP_memblock_trimsize
                0x0200e526       0x2e C:/devkitPro/libnds/lib\libdswifi9.a(sgIP_memblock.o)
                0x0200e526                sgIP_memblock_trimsize
 .text.sgIP_memblock_IPChecksum
                0x0200e554       0x92 C:/devkitPro/libnds/lib\libdswifi9.a(sgIP_memblock.o)
                0x0200e554                sgIP_memblock_IPChecksum
 .text.sgIP_memblock_CopyToLinear
                0x0200e5e6       0x5c C:/devkitPro/libnds/lib\libdswifi9.a(sgIP_memblock.o)
                0x0200e5e6                sgIP_memblock_CopyToLinear
 .text.sgIP_memblock_CopyFromLinear
                0x0200e642       0x5c C:/devkitPro/libnds/lib\libdswifi9.a(sgIP_memblock.o)
                0x0200e642                sgIP_memblock_CopyFromLinear
 *fill*         0x0200e69e        0x2 ff
 .text.sgIP_sockets_Init
                0x0200e6a0       0x18 C:/devkitPro/libnds/lib\libdswifi9.a(sgIP_sockets.o)
                0x0200e6a0                sgIP_sockets_Init
 .text.socket   0x0200e6b8       0x90 C:/devkitPro/libnds/lib\libdswifi9.a(sgIP_sockets.o)
                0x0200e6b8                socket
 .text.forceclosesocket
                0x0200e748       0x5c C:/devkitPro/libnds/lib\libdswifi9.a(sgIP_sockets.o)
                0x0200e748                forceclosesocket
 .text.sgIP_sockets_Timer1000ms
                0x0200e7a4       0x50 C:/devkitPro/libnds/lib\libdswifi9.a(sgIP_sockets.o)
                0x0200e7a4                sgIP_sockets_Timer1000ms
 .text.bind     0x0200e7f4       0x68 C:/devkitPro/libnds/lib\libdswifi9.a(sgIP_sockets.o)
                0x0200e7f4                bind
 .text.connect  0x0200e85c       0xb4 C:/devkitPro/libnds/lib\libdswifi9.a(sgIP_sockets.o)
                0x0200e85c                connect
 .text.sendto   0x0200e910       0x74 C:/devkitPro/libnds/lib\libdswifi9.a(sgIP_sockets.o)
                0x0200e910                sendto
 .text.recvfrom
                0x0200e984       0xac C:/devkitPro/libnds/lib\libdswifi9.a(sgIP_sockets.o)
                0x0200e984                recvfrom
 .text.shutdown
                0x0200ea30       0x5c C:/devkitPro/libnds/lib\libdswifi9.a(sgIP_sockets.o)
                0x0200ea30                shutdown
 .text.closesocket
                0x0200ea8c       0x94 C:/devkitPro/libnds/lib\libdswifi9.a(sgIP_sockets.o)
                0x0200ea8c                closesocket
 .text.ioctl    0x0200eb20       0xac C:/devkitPro/libnds/lib\libdswifi9.a(sgIP_sockets.o)
                0x0200eb20                ioctl
 .text.gethostbyname
                0x0200ebcc        0x8 C:/devkitPro/libnds/lib\libdswifi9.a(sgIP_sockets.o)
                0x0200ebcc                gethostbyname
 .text.Wifi_Interface_Init
                0x0200ebd4       0x4c C:/devkitPro/libnds/lib\libdswifi9.a(wifi_arm9.o)
                0x0200ebd4                Wifi_Interface_Init
 .text.arm9_synctoarm7
                0x0200ec20        0xc C:/devkitPro/libnds/lib\libdswifi9.a(wifi_arm9.o)
                0x0200ec20                arm9_synctoarm7
 .text.sgIP_IntrWaitEvent
                0x0200ec2c        0x2 C:/devkitPro/libnds/lib\libdswifi9.a(wifi_arm9.o)
                0x0200ec2c                sgIP_IntrWaitEvent
 *fill*         0x0200ec2e        0x2 ff
 .text.wHeapAllocInit
                0x0200ec30       0x2c C:/devkitPro/libnds/lib\libdswifi9.a(wifi_arm9.o)
                0x0200ec30                wHeapAllocInit
 .text.wHeapAlloc
                0x0200ec5c       0xac C:/devkitPro/libnds/lib\libdswifi9.a(wifi_arm9.o)
                0x0200ec5c                wHeapAlloc
 .text.wHeapFree
                0x0200ed08       0x1c C:/devkitPro/libnds/lib\libdswifi9.a(wifi_arm9.o)
                0x0200ed08                wHeapFree
 .text.sgIP_malloc
                0x0200ed24        0x8 C:/devkitPro/libnds/lib\libdswifi9.a(wifi_arm9.o)
                0x0200ed24                sgIP_malloc
 .text.sgIP_free
                0x0200ed2c        0x8 C:/devkitPro/libnds/lib\libdswifi9.a(wifi_arm9.o)
                0x0200ed2c                sgIP_free
 .text.erasemem
                0x0200ed34       0x10 C:/devkitPro/libnds/lib\libdswifi9.a(wifi_arm9.o)
                0x0200ed34                erasemem
 .text.Wifi_CmpMacAddr
                0x0200ed44       0x22 C:/devkitPro/libnds/lib\libdswifi9.a(wifi_arm9.o)
                0x0200ed44                Wifi_CmpMacAddr
 *fill*         0x0200ed66        0x2 ff
 .text.Wifi_TxBufferWordsAvailable
                0x0200ed68       0x28 C:/devkitPro/libnds/lib\libdswifi9.a(wifi_arm9.o)
                0x0200ed68                Wifi_TxBufferWordsAvailable
 .text.Wifi_TxBufferWrite
                0x0200ed90       0x4c C:/devkitPro/libnds/lib\libdswifi9.a(wifi_arm9.o)
                0x0200ed90                Wifi_TxBufferWrite
 .text.Wifi_TransmitFunction
                0x0200eddc      0x200 C:/devkitPro/libnds/lib\libdswifi9.a(wifi_arm9.o)
                0x0200eddc                Wifi_TransmitFunction
 .text.Wifi_RxRawReadPacket
                0x0200efdc       0x68 C:/devkitPro/libnds/lib\libdswifi9.a(wifi_arm9.o)
                0x0200efdc                Wifi_RxRawReadPacket
 .text.Wifi_RxReadOffset
                0x0200f044       0x2c C:/devkitPro/libnds/lib\libdswifi9.a(wifi_arm9.o)
                0x0200f044                Wifi_RxReadOffset
 .text.Wifi_GetNumAP
                0x0200f070       0x28 C:/devkitPro/libnds/lib\libdswifi9.a(wifi_arm9.o)
                0x0200f070                Wifi_GetNumAP
 .text.Wifi_GetAPData
                0x0200f098       0x88 C:/devkitPro/libnds/lib\libdswifi9.a(wifi_arm9.o)
                0x0200f098                Wifi_GetAPData
 .text.Wifi_FindMatchingAP
                0x0200f120       0xc6 C:/devkitPro/libnds/lib\libdswifi9.a(wifi_arm9.o)
                0x0200f120                Wifi_FindMatchingAP
 *fill*         0x0200f1e6        0x2 ff
 .text.Wifi_AutoConnect
                0x0200f1e8       0x2c C:/devkitPro/libnds/lib\libdswifi9.a(wifi_arm9.o)
                0x0200f1e8                Wifi_AutoConnect
 .text.Wifi_DisconnectAP
                0x0200f214       0x2c C:/devkitPro/libnds/lib\libdswifi9.a(wifi_arm9.o)
                0x0200f214                Wifi_DisconnectAP
 .text.Wifi_Init
                0x0200f240       0x7c C:/devkitPro/libnds/lib\libdswifi9.a(wifi_arm9.o)
                0x0200f240                Wifi_Init
 .text.Wifi_CheckInit
                0x0200f2bc       0x20 C:/devkitPro/libnds/lib\libdswifi9.a(wifi_arm9.o)
                0x0200f2bc                Wifi_CheckInit
 .text.Wifi_Update
                0x0200f2dc      0x238 C:/devkitPro/libnds/lib\libdswifi9.a(wifi_arm9.o)
                0x0200f2dc                Wifi_Update
 .text.Wifi_Timer
                0x0200f514       0x10 C:/devkitPro/libnds/lib\libdswifi9.a(wifi_arm9.o)
                0x0200f514                Wifi_Timer
 .text.Timer_50ms
                0x0200f524        0xa C:/devkitPro/libnds/lib\libdswifi9.a(wifi_arm9.o)
                0x0200f524                Timer_50ms
 *fill*         0x0200f52e        0x2 ff
 .text.Wifi_SetIP
                0x0200f530       0x24 C:/devkitPro/libnds/lib\libdswifi9.a(wifi_arm9.o)
                0x0200f530                Wifi_SetIP
 .text.Wifi_AssocStatus
                0x0200f554      0x30c C:/devkitPro/libnds/lib\libdswifi9.a(wifi_arm9.o)
                0x0200f554                Wifi_AssocStatus
 .text.Wifi_Sync
                0x0200f860       0x1c C:/devkitPro/libnds/lib\libdswifi9.a(wifi_arm9.o)
                0x0200f860                Wifi_Sync
 .text.wifiValue32Handler
                0x0200f87c        0xc C:/devkitPro/libnds/lib\libdswifi9.a(wifi_arm9.o)
                0x0200f87c                wifiValue32Handler
 .text.Wifi_InitDefault
                0x0200f888       0x8c C:/devkitPro/libnds/lib\libdswifi9.a(wifi_arm9.o)
                0x0200f888                Wifi_InitDefault
 .text.sgIP_FindArpSlot
                0x0200f914       0x2c C:/devkitPro/libnds/lib\libdswifi9.a(sgIP_ARP.o)
                0x0200f914                sgIP_FindArpSlot
 .text.sgIP_GetArpSlot
                0x0200f940       0x48 C:/devkitPro/libnds/lib\libdswifi9.a(sgIP_ARP.o)
                0x0200f940                sgIP_GetArpSlot
 .text.sgIP_ARP_Init
                0x0200f988       0x1c C:/devkitPro/libnds/lib\libdswifi9.a(sgIP_ARP.o)
                0x0200f988                sgIP_ARP_Init
 .text.sgIP_ARP_FlushInterface
                0x0200f9a4       0x24 C:/devkitPro/libnds/lib\libdswifi9.a(sgIP_ARP.o)
                0x0200f9a4                sgIP_ARP_FlushInterface
 .text.sgIP_ARP_SendARPResponse
                0x0200f9c8       0xd4 C:/devkitPro/libnds/lib\libdswifi9.a(sgIP_ARP.o)
                0x0200f9c8                sgIP_ARP_SendARPResponse
 .text.sgIP_ARP_SendGratARP
                0x0200fa9c       0xd4 C:/devkitPro/libnds/lib\libdswifi9.a(sgIP_ARP.o)
                0x0200fa9c                sgIP_ARP_SendGratARP
 .text.sgIP_ARP_SendARPRequest
                0x0200fb70       0xc0 C:/devkitPro/libnds/lib\libdswifi9.a(sgIP_ARP.o)
                0x0200fb70                sgIP_ARP_SendARPRequest
 .text.sgIP_ARP_Timer100ms
                0x0200fc30       0x58 C:/devkitPro/libnds/lib\libdswifi9.a(sgIP_ARP.o)
                0x0200fc30                sgIP_ARP_Timer100ms
 .text.sgIP_ARP_SendProtocolFrame
                0x0200fc88       0xe8 C:/devkitPro/libnds/lib\libdswifi9.a(sgIP_ARP.o)
                0x0200fc88                sgIP_ARP_SendProtocolFrame
 .text.sgIP_ARP_ProcessARPFrame
                0x0200fd70       0xdc C:/devkitPro/libnds/lib\libdswifi9.a(sgIP_ARP.o)
                0x0200fd70                sgIP_ARP_ProcessARPFrame
 .text.sgIP_Init
                0x0200fe4c       0x3c C:/devkitPro/libnds/lib\libdswifi9.a(sgIP.o)
                0x0200fe4c                sgIP_Init
 .text.sgIP_Timer
                0x0200fe88       0x6c C:/devkitPro/libnds/lib\libdswifi9.a(sgIP.o)
                0x0200fe88                sgIP_Timer
 .text.sgIP_UDP_Init
                0x0200fef4       0x1c C:/devkitPro/libnds/lib\libdswifi9.a(sgIP_UDP.o)
                0x0200fef4                sgIP_UDP_Init
 .text.sgIP_UDP_GetUnusedOutgoingPort
                0x0200ff10       0x58 C:/devkitPro/libnds/lib\libdswifi9.a(sgIP_UDP.o)
                0x0200ff10                sgIP_UDP_GetUnusedOutgoingPort
 .text.sgIP_UDP_CalcChecksum
                0x0200ff68       0x68 C:/devkitPro/libnds/lib\libdswifi9.a(sgIP_UDP.o)
                0x0200ff68                sgIP_UDP_CalcChecksum
 .text.sgIP_UDP_ReceivePacket
                0x0200ffd0       0x9c C:/devkitPro/libnds/lib\libdswifi9.a(sgIP_UDP.o)
                0x0200ffd0                sgIP_UDP_ReceivePacket
 .text.sgIP_UDP_SendPacket
                0x0201006c       0xd0 C:/devkitPro/libnds/lib\libdswifi9.a(sgIP_UDP.o)
                0x0201006c                sgIP_UDP_SendPacket
 .text.sgIP_UDP_AllocRecord
                0x0201013c       0x34 C:/devkitPro/libnds/lib\libdswifi9.a(sgIP_UDP.o)
                0x0201013c                sgIP_UDP_AllocRecord
 .text.sgIP_UDP_FreeRecord
                0x02010170       0x4c C:/devkitPro/libnds/lib\libdswifi9.a(sgIP_UDP.o)
                0x02010170                sgIP_UDP_FreeRecord
 .text.sgIP_UDP_Bind
                0x020101bc       0x38 C:/devkitPro/libnds/lib\libdswifi9.a(sgIP_UDP.o)
                0x020101bc                sgIP_UDP_Bind
 .text.sgIP_UDP_RecvFrom
                0x020101f4       0xc0 C:/devkitPro/libnds/lib\libdswifi9.a(sgIP_UDP.o)
                0x020101f4                sgIP_UDP_RecvFrom
 .text.sgIP_UDP_SendTo
                0x020102b4        0xe C:/devkitPro/libnds/lib\libdswifi9.a(sgIP_UDP.o)
                0x020102b4                sgIP_UDP_SendTo
 *fill*         0x020102c2        0x2 ff
 .text.sgIP_DHCP_Init
                0x020102c4       0x40 C:/devkitPro/libnds/lib\libdswifi9.a(sgIP_DHCP.o)
                0x020102c4                sgIP_DHCP_Init
 .text.sgIP_DHCP_SendDgram
                0x02010304       0x6c C:/devkitPro/libnds/lib\libdswifi9.a(sgIP_DHCP.o)
                0x02010304                sgIP_DHCP_SendDgram
 .text.sgIP_DHCP_BeginDgram
                0x02010370      0x1cc C:/devkitPro/libnds/lib\libdswifi9.a(sgIP_DHCP.o)
                0x02010370                sgIP_DHCP_BeginDgram
 .text.sgIP_DHCP_Terminate
                0x0201053c       0x34 C:/devkitPro/libnds/lib\libdswifi9.a(sgIP_DHCP.o)
                0x0201053c                sgIP_DHCP_Terminate
 .text.sgIP_DHCP_Start
                0x02010570       0xc0 C:/devkitPro/libnds/lib\libdswifi9.a(sgIP_DHCP.o)
                0x02010570                sgIP_DHCP_Start
 .text.sgIP_DHCP_Update
                0x02010630      0x3d8 C:/devkitPro/libnds/lib\libdswifi9.a(sgIP_DHCP.o)
                0x02010630                sgIP_DHCP_Update
 .text.gethostname
                0x02010a08       0x34 C:/devkitPro/libnds/lib\libdswifi9.a(sgIP_DHCP.o)
                0x02010a08                gethostname
 .text.sgIP_ntoa
                0x02010a3c       0x70 C:/devkitPro/libnds/lib\libdswifi9.a(sgIP_DNS.o)
 .text.sgIP_DNS_Init
                0x02010aac       0x38 C:/devkitPro/libnds/lib\libdswifi9.a(sgIP_DNS.o)
                0x02010aac                sgIP_DNS_Init
 .text.sgIP_DNS_Timer1000ms
                0x02010ae4       0x3c C:/devkitPro/libnds/lib\libdswifi9.a(sgIP_DNS.o)
                0x02010ae4                sgIP_DNS_Timer1000ms
 .text.sgIP_DNS_isipaddress
                0x02010b20      0x180 C:/devkitPro/libnds/lib\libdswifi9.a(sgIP_DNS.o)
                0x02010b20                sgIP_DNS_isipaddress
 .text.sgIP_DNS_FindDNSRecord
                0x02010ca0       0xbc C:/devkitPro/libnds/lib\libdswifi9.a(sgIP_DNS.o)
                0x02010ca0                sgIP_DNS_FindDNSRecord
 .text.sgIP_DNS_GetUnusedRecord
                0x02010d5c       0x88 C:/devkitPro/libnds/lib\libdswifi9.a(sgIP_DNS.o)
                0x02010d5c                sgIP_DNS_GetUnusedRecord
 .text.sgIP_DNS_GenerateHostent
                0x02010de4       0xb0 C:/devkitPro/libnds/lib\libdswifi9.a(sgIP_DNS.o)
                0x02010de4                sgIP_DNS_GenerateHostent
 .text.sgIP_DNS_CopyAliasAt
                0x02010e94       0x5c C:/devkitPro/libnds/lib\libdswifi9.a(sgIP_DNS.o)
                0x02010e94                sgIP_DNS_CopyAliasAt
 .text.sgIP_DNS_gethostbyname
                0x02010ef0      0x3b0 C:/devkitPro/libnds/lib\libdswifi9.a(sgIP_DNS.o)
                0x02010ef0                sgIP_DNS_gethostbyname
 .text.sgIP_TCP_Init
                0x020112a0       0x34 C:/devkitPro/libnds/lib\libdswifi9.a(sgIP_TCP.o)
                0x020112a0                sgIP_TCP_Init
 .text.sgIP_TCP_support_seqhash
                0x020112d4       0x58 C:/devkitPro/libnds/lib\libdswifi9.a(sgIP_TCP.o)
                0x020112d4                sgIP_TCP_support_seqhash
 .text.sgIP_TCP_GetUnusedOutgoingPort
                0x0201132c       0x60 C:/devkitPro/libnds/lib\libdswifi9.a(sgIP_TCP.o)
                0x0201132c                sgIP_TCP_GetUnusedOutgoingPort
 .text.sgIP_TCP_CalcChecksum
                0x0201138c       0x58 C:/devkitPro/libnds/lib\libdswifi9.a(sgIP_TCP.o)
                0x0201138c                sgIP_TCP_CalcChecksum
 .text.sgIP_TCP_GenHeader
                0x020113e4       0x98 C:/devkitPro/libnds/lib\libdswifi9.a(sgIP_TCP.o)
                0x020113e4                sgIP_TCP_GenHeader
 .text.sgIP_TCP_FixChecksum
                0x0201147c       0x60 C:/devkitPro/libnds/lib\libdswifi9.a(sgIP_TCP.o)
                0x0201147c                sgIP_TCP_FixChecksum
 .text.sgIP_TCP_SendPacket
                0x020114dc       0xc0 C:/devkitPro/libnds/lib\libdswifi9.a(sgIP_TCP.o)
                0x020114dc                sgIP_TCP_SendPacket
 .text.sgIP_TCP_SendSynReply
                0x0201159c       0x9c C:/devkitPro/libnds/lib\libdswifi9.a(sgIP_TCP.o)
                0x0201159c                sgIP_TCP_SendSynReply
 .text.sgIP_TCP_Timer
                0x02011638      0x1d0 C:/devkitPro/libnds/lib\libdswifi9.a(sgIP_TCP.o)
                0x02011638                sgIP_TCP_Timer
 .text.sgIP_TCP_AllocRecord
                0x02011808       0x48 C:/devkitPro/libnds/lib\libdswifi9.a(sgIP_TCP.o)
                0x02011808                sgIP_TCP_AllocRecord
 .text.sgIP_TCP_ReceivePacket
                0x02011850      0x4e8 C:/devkitPro/libnds/lib\libdswifi9.a(sgIP_TCP.o)
                0x02011850                sgIP_TCP_ReceivePacket
 .text.sgIP_TCP_FreeRecord
                0x02011d38       0xcc C:/devkitPro/libnds/lib\libdswifi9.a(sgIP_TCP.o)
                0x02011d38                sgIP_TCP_FreeRecord
 .text.sgIP_TCP_Bind
                0x02011e04       0x28 C:/devkitPro/libnds/lib\libdswifi9.a(sgIP_TCP.o)
                0x02011e04                sgIP_TCP_Bind
 .text.sgIP_TCP_Close
                0x02011e2c       0x30 C:/devkitPro/libnds/lib\libdswifi9.a(sgIP_TCP.o)
                0x02011e2c                sgIP_TCP_Close
 .text.sgIP_TCP_Connect
                0x02011e5c       0x7c C:/devkitPro/libnds/lib\libdswifi9.a(sgIP_TCP.o)
                0x02011e5c                sgIP_TCP_Connect
 .text.sgIP_IP_ReceivePacket
                0x02011ed8       0x94 C:/devkitPro/libnds/lib\libdswifi9.a(sgIP_IP.o)
                0x02011ed8                sgIP_IP_ReceivePacket
 .text.sgIP_IP_MaxContentsSize
                0x02011f6c        0xa C:/devkitPro/libnds/lib\libdswifi9.a(sgIP_IP.o)
                0x02011f6c                sgIP_IP_MaxContentsSize
 .text.sgIP_IP_RequiredHeaderSize
                0x02011f76        0x4 C:/devkitPro/libnds/lib\libdswifi9.a(sgIP_IP.o)
                0x02011f76                sgIP_IP_RequiredHeaderSize
 *fill*         0x02011f7a        0x2 ff
 .text.sgIP_IP_SendViaIP
                0x02011f7c       0x88 C:/devkitPro/libnds/lib\libdswifi9.a(sgIP_IP.o)
                0x02011f7c                sgIP_IP_SendViaIP
 .text.sgIP_IP_GetLocalBindAddr
                0x02012004        0xe C:/devkitPro/libnds/lib\libdswifi9.a(sgIP_IP.o)
                0x02012004                sgIP_IP_GetLocalBindAddr
 *fill*         0x02012012        0x2 ff
 .text.sgIP_ICMP_ReceivePacket
                0x02012014       0x58 C:/devkitPro/libnds/lib\libdswifi9.a(sgIP_ICMP.o)
                0x02012014                sgIP_ICMP_ReceivePacket
 .text.newRow   0x0201206c       0xdc C:/devkitPro/libnds/lib\libnds9.a(console.o)
 .text.consolePrintChar
                0x02012148       0xe0 C:/devkitPro/libnds/lib\libnds9.a(console.o)
                0x02012148                consolePrintChar
 .text.con_write
                0x02012228      0x320 C:/devkitPro/libnds/lib\libnds9.a(console.o)
                0x02012228                con_write
 .text.consoleLoadFont
                0x02012548      0x2a8 C:/devkitPro/libnds/lib\libnds9.a(console.o)
                0x02012548                consoleLoadFont
 .text.consoleInit
                0x020127f0      0x18c C:/devkitPro/libnds/lib\libnds9.a(console.o)
                0x020127f0                consoleInit
 .text.consoleDemoInit
                0x0201297c       0x40 C:/devkitPro/libnds/lib\libnds9.a(console.o)
                0x0201297c                consoleDemoInit
 .text.scanKeys
                0x020129bc       0x8c C:/devkitPro/libnds/lib\libnds9.a(keys.o)
                0x020129bc                scanKeys
 .text.keysCurrent
                0x02012a48       0x38 C:/devkitPro/libnds/lib\libnds9.a(keys.o)
                0x02012a48                keysCurrent
 .text.oamInit  0x02012a80      0x114 C:/devkitPro/libnds/lib\libnds9.a(sprite.o)
                0x02012a80                oamInit
 .text.oamGfxPtrToOffset
                0x02012b94       0x34 C:/devkitPro/libnds/lib\libnds9.a(sprite.o)
                0x02012b94                oamGfxPtrToOffset
 .text.oamSet   0x02012bc8      0x104 C:/devkitPro/libnds/lib\libnds9.a(sprite.o)
                0x02012bc8                oamSet
 .text.oamUpdate
                0x02012ccc       0x60 C:/devkitPro/libnds/lib\libnds9.a(sprite.o)
                0x02012ccc                oamUpdate
 .text.oamRotateScale
                0x02012d2c       0x4c C:/devkitPro/libnds/lib\libnds9.a(sprite.o)
                0x02012d2c                oamRotateScale
 .text.sinLutLookup
                0x02012d78       0x4c C:/devkitPro/libnds/lib\libnds9.a(trig.o)
                0x02012d78                sinLutLookup
 .text.sinLerp  0x02012dc4       0x38 C:/devkitPro/libnds/lib\libnds9.a(trig.o)
                0x02012dc4                sinLerp
 .text.cosLerp  0x02012dfc       0x48 C:/devkitPro/libnds/lib\libnds9.a(trig.o)
                0x02012dfc                cosLerp
 .text.setBrightness
                0x02012e44       0x40 C:/devkitPro/libnds/lib\libnds9.a(video.o)
                0x02012e44                setBrightness
 .text.vramDefault
                0x02012e84       0xd0 C:/devkitPro/libnds/lib\libnds9.a(video.o)
                0x02012e84                vramDefault
 .text.dldiGetInternal
                0x02012f54       0x34 C:/devkitPro/libnds/lib\libnds9.a(dldi.o)
                0x02012f54                dldiGetInternal
 .text.get_io_dsisd
                0x02012f88       0x24 C:/devkitPro/libnds/lib\libnds9.a(dldi.o)
                0x02012f88                get_io_dsisd
 .text.__syscall_gettod_r
                0x02012fac       0x28 C:/devkitPro/libnds/lib\libnds9.a(initSystem.o)
                0x02012fac                __syscall_gettod_r
 .text.__syscall_exit
                0x02012fd4        0x8 C:/devkitPro/libnds/lib\libnds9.a(initSystem.o)
                0x02012fd4                __syscall_exit
 .text.initSystem
                0x02012fdc      0x180 C:/devkitPro/libnds/lib\libnds9.a(initSystem.o)
                0x02012fdc                initSystem
 .text.cardPolledTransfer
                0x0201315c       0x54 C:/devkitPro/libnds/lib\libnds9.a(card.o)
                0x0201315c                cardPolledTransfer
 .text.cardParamCommand
                0x020131b0       0x30 C:/devkitPro/libnds/lib\libnds9.a(card.o)
                0x020131b0                cardParamCommand
 .text.fifo_queueBlock
                0x020131e0       0x40 C:/devkitPro/libnds/lib\libnds9.a(fifosystem.o)
 .text.fifo_waitBlock
                0x02013220       0x7c C:/devkitPro/libnds/lib\libnds9.a(fifosystem.o)
 .text.fifoInternalSend.part.0
                0x0201329c       0xcc C:/devkitPro/libnds/lib\libnds9.a(fifosystem.o)
 .text.fifoInternalSendInterrupt
                0x02013368       0xb0 C:/devkitPro/libnds/lib\libnds9.a(fifosystem.o)
 .text.fifoSetValue32Handler
                0x02013418       0xd4 C:/devkitPro/libnds/lib\libnds9.a(fifosystem.o)
                0x02013418                fifoSetValue32Handler
 .text.fifoSendAddress
                0x020134ec       0x3c C:/devkitPro/libnds/lib\libnds9.a(fifosystem.o)
                0x020134ec                fifoSendAddress
 .text.fifoSendValue32
                0x02013528       0x58 C:/devkitPro/libnds/lib\libnds9.a(fifosystem.o)
                0x02013528                fifoSendValue32
 .text.fifoSendDatamsg
                0x02013580       0x94 C:/devkitPro/libnds/lib\libnds9.a(fifosystem.o)
                0x02013580                fifoSendDatamsg
 .text.fifoGetValue32
                0x02013614       0x70 C:/devkitPro/libnds/lib\libnds9.a(fifosystem.o)
                0x02013614                fifoGetValue32
 .text.fifoGetDatamsg
                0x02013684       0xfc C:/devkitPro/libnds/lib\libnds9.a(fifosystem.o)
                0x02013684                fifoGetDatamsg
 .text.fifoInternalRecvInterrupt
                0x02013780      0x37c C:/devkitPro/libnds/lib\libnds9.a(fifosystem.o)
 .text.fifoSetDatamsgHandler
                0x02013afc       0x9c C:/devkitPro/libnds/lib\libnds9.a(fifosystem.o)
                0x02013afc                fifoSetDatamsgHandler
 .text.fifoCheckValue32
                0x02013b98       0x24 C:/devkitPro/libnds/lib\libnds9.a(fifosystem.o)
                0x02013b98                fifoCheckValue32
 .text.fifoInit
                0x02013bbc      0x114 C:/devkitPro/libnds/lib\libnds9.a(fifosystem.o)
                0x02013bbc                fifoInit
 .text.irqDummy
                0x02013cd0        0x4 C:/devkitPro/libnds/lib\libnds9.a(interrupts.o)
                0x02013cd0                irqDummy
 .text.irqSet   0x02013cd4       0x78 C:/devkitPro/libnds/lib\libnds9.a(interrupts.o)
                0x02013cd4                irqSet
 .text.irqInit  0x02013d4c       0x50 C:/devkitPro/libnds/lib\libnds9.a(interrupts.o)
                0x02013d4c                irqInit
 .text.irqEnable
                0x02013d9c       0x64 C:/devkitPro/libnds/lib\libnds9.a(interrupts.o)
                0x02013d9c                irqEnable
 .text.systemErrorExit
                0x02013e00        0x4 C:/devkitPro/libnds/lib\libnds9.a(libnds_exit.arm.o)
                0x02013e00                systemErrorExit
 .text.__libnds_exit
                0x02013e04       0x5c C:/devkitPro/libnds/lib\libnds9.a(libnds_exit.arm.o)
                0x02013e04                __libnds_exit
 .text.DC_FlushAll
                0x02013e60       0x2c C:/devkitPro/libnds/lib\libnds9.a(dcache.o)
                0x02013e60                DC_FlushAll
 .text.DC_FlushRange
                0x02013e8c       0x24 C:/devkitPro/libnds/lib\libnds9.a(dcache.o)
                0x02013e8c                DC_FlushRange
 .text.DC_InvalidateRange
                0x02013eb0       0x2c C:/devkitPro/libnds/lib\libnds9.a(dcache.o)
                0x02013eb0                DC_InvalidateRange
 .text.setCpuClock
                0x02013edc       0x50 C:/devkitPro/libnds/lib\libnds9.a(cpu_clock.o)
                0x02013edc                setCpuClock
 .text.swiWaitForVBlank
                0x02013f2c        0x8 C:/devkitPro/libnds/lib\libnds9.a(IntrWait.o)
                0x02013f2c                swiWaitForVBlank
 .text.swiIntrWait
                0x02013f34       0x70 C:/devkitPro/libnds/lib\libnds9.a(IntrWait.o)
                0x02013f34                swiIntrWait
 .text.__libnds_mpu_setup
                0x02013fa4      0x174 C:/devkitPro/libnds/lib\libnds9.a(mpu_setup.o)
                0x02013fa4                __libnds_mpu_setup
 .text.memUncached
                0x02014118       0x20 C:/devkitPro/libnds/lib\libnds9.a(mpu_setup.o)
                0x02014118                memUncached
 .text.swiDelay
                0x02014138        0x4 C:/devkitPro/libnds/lib\libnds9.a(biosCalls.o)
                0x02014138                swiDelay
 .text.swiSoftReset
                0x0201413c       0x2c C:/devkitPro/libnds/lib\libnds9.a(swiSoftReset.o)
                0x0201413c                swiSoftReset
 .text.checkIfText
                0x02014168       0x6c C:/devkitPro/libnds/lib\libnds9.a(background.o)
                0x02014168                checkIfText
 .text.bgUpdate
                0x020141d4       0xf4 C:/devkitPro/libnds/lib\libnds9.a(background.o)
                0x020141d4                bgUpdate
 .text.bgInit_call
                0x020142c8       0xb0 C:/devkitPro/libnds/lib\libnds9.a(background.o)
                0x020142c8                bgInit_call
 .text.bgInitSub_call
                0x02014378       0xb8 C:/devkitPro/libnds/lib\libnds9.a(background.o)
                0x02014378                bgInitSub_call
 .text.oamAllocReset
                0x02014430       0x1c C:/devkitPro/libnds/lib\libnds9.a(sprite_alloc.o)
                0x02014430                oamAllocReset
 .text.systemValueHandler
                0x0201444c       0x48 C:/devkitPro/libnds/lib\libnds9.a(system.o)
                0x0201444c                systemValueHandler
 .text.systemMsgHandler
                0x02014494       0x50 C:/devkitPro/libnds/lib\libnds9.a(system.o)
                0x02014494                systemMsgHandler
 .text.powerOn  0x020144e4       0x2c C:/devkitPro/libnds/lib\libnds9.a(system.o)
                0x020144e4                powerOn
 .text._Znwj    0x02014510       0x68 C:/devkitPro/devkitARM/bin/../lib/gcc/arm-none-eabi/14.2.0/../../../../arm-none-eabi/lib\libstdc++.a(new_op.o)
                0x02014510                operator new(unsigned int)
 .text._ZNKSt9bad_alloc4whatEv
                0x02014578        0xc C:/devkitPro/devkitARM/bin/../lib/gcc/arm-none-eabi/14.2.0/../../../../arm-none-eabi/lib\libstdc++.a(bad_alloc.o)
                0x02014578                std::bad_alloc::what() const
 .text._ZNSt9bad_allocD2Ev
                0x02014584       0x24 C:/devkitPro/devkitARM/bin/../lib/gcc/arm-none-eabi/14.2.0/../../../../arm-none-eabi/lib\libstdc++.a(bad_alloc.o)
                0x02014584                std::bad_alloc::~bad_alloc()
                0x02014584                std::bad_alloc::~bad_alloc()
 .text._ZNSt9bad_allocD0Ev
                0x020145a8       0x30 C:/devkitPro/devkitARM/bin/../lib/gcc/arm-none-eabi/14.2.0/../../../../arm-none-eabi/lib\libstdc++.a(bad_alloc.o)
                0x020145a8                std::bad_alloc::~bad_alloc()
 .text._ZdlPvj  0x020145d8       0x10 C:/devkitPro/devkitARM/bin/../lib/gcc/arm-none-eabi/14.2.0/../../../../arm-none-eabi/lib\libstdc++.a(del_ops.o)
                0x020145d8                operator delete(void*, unsigned int)
 .text._ZNK9__gnu_cxx24__concurrence_lock_error4whatEv
                0x020145e8        0xc C:/devkitPro/devkitARM/bin/../lib/gcc/arm-none-eabi/14.2.0/../../../../arm-none-eabi/lib\libstdc++.a(eh_alloc.o)
                0x020145e8                __gnu_cxx::__concurrence_lock_error::what() const
 .text._ZNK9__gnu_cxx26__concurrence_unlock_error4whatEv
                0x020145f4        0xc C:/devkitPro/devkitARM/bin/../lib/gcc/arm-none-eabi/14.2.0/../../../../arm-none-eabi/lib\libstdc++.a(eh_alloc.o)
                0x020145f4                __gnu_cxx::__concurrence_unlock_error::what() const
 .text._ZN9__gnu_cxx24__concurrence_lock_errorD2Ev
                0x02014600       0x24 C:/devkitPro/devkitARM/bin/../lib/gcc/arm-none-eabi/14.2.0/../../../../arm-none-eabi/lib\libstdc++.a(eh_alloc.o)
                0x02014600                __gnu_cxx::__concurrence_lock_error::~__concurrence_lock_error()
                0x02014600                __gnu_cxx::__concurrence_lock_error::~__concurrence_lock_error()
 .text._ZN9__gnu_cxx24__concurrence_lock_errorD0Ev
                0x02014624       0x30 C:/devkitPro/devkitARM/bin/../lib/gcc/arm-none-eabi/14.2.0/../../../../arm-none-eabi/lib\libstdc++.a(eh_alloc.o)
                0x02014624                __gnu_cxx::__concurrence_lock_error::~__concurrence_lock_error()
 .text._ZN9__gnu_cxx26__concurrence_unlock_errorD2Ev
                0x02014654       0x24 C:/devkitPro/devkitARM/bin/../lib/gcc/arm-none-eabi/14.2.0/../../../../arm-none-eabi/lib\libstdc++.a(eh_alloc.o)
                0x02014654                __gnu_cxx::__concurrence_unlock_error::~__concurrence_unlock_error()
                0x02014654                __gnu_cxx::__concurrence_unlock_error::~__concurrence_unlock_error()
 .text._ZN9__gnu_cxx26__concurrence_unlock_errorD0Ev
                0x02014678       0x30 C:/devkitPro/devkitARM/bin/../lib/gcc/arm-none-eabi/14.2.0/../../../../arm-none-eabi/lib\libstdc++.a(eh_alloc.o)
                0x02014678                __gnu_cxx::__concurrence_unlock_error::~__concurrence_unlock_error()
 .text.unlikely._ZN9__gnu_cxx30__throw_concurrence_lock_errorEv
                0x020146a8       0x2c C:/devkitPro/devkitARM/bin/../lib/gcc/arm-none-eabi/14.2.0/../../../../arm-none-eabi/lib\libstdc++.a(eh_alloc.o)
                0x020146a8                __gnu_cxx::__throw_concurrence_lock_error()
 .text.unlikely._ZN9__gnu_cxx32__throw_concurrence_unlock_errorEv
                0x020146d4       0x2c C:/devkitPro/devkitARM/bin/../lib/gcc/arm-none-eabi/14.2.0/../../../../arm-none-eabi/lib\libstdc++.a(eh_alloc.o)
                0x020146d4                __gnu_cxx::__throw_concurrence_unlock_error()
 .text._ZN12_GLOBAL__N_14pool4freeEPv.constprop.0
                0x02014700      0x124 C:/devkitPro/devkitARM/bin/../lib/gcc/arm-none-eabi/14.2.0/../../../../arm-none-eabi/lib\libstdc++.a(eh_alloc.o)
 .text._ZN12_GLOBAL__N_14pool8allocateEj.constprop.0
                0x02014824       0xdc C:/devkitPro/devkitARM/bin/../lib/gcc/arm-none-eabi/14.2.0/../../../../arm-none-eabi/lib\libstdc++.a(eh_alloc.o)
 .text.__cxa_allocate_exception
                0x02014900       0x48 C:/devkitPro/devkitARM/bin/../lib/gcc/arm-none-eabi/14.2.0/../../../../arm-none-eabi/lib\libstdc++.a(eh_alloc.o)
                0x02014900                __cxa_allocate_exception
 .text.__cxa_free_exception
                0x02014948       0x38 C:/devkitPro/devkitARM/bin/../lib/gcc/arm-none-eabi/14.2.0/../../../../arm-none-eabi/lib\libstdc++.a(eh_alloc.o)
                0x02014948                __cxa_free_exception
 .text.startup._GLOBAL__sub_I__ZN9__gnu_cxx9__freeresEv
                0x02014980      0x1b8 C:/devkitPro/devkitARM/bin/../lib/gcc/arm-none-eabi/14.2.0/../../../../arm-none-eabi/lib\libstdc++.a(eh_alloc.o)
 .text._ZNSt9exceptionD2Ev
                0x02014b38        0x4 C:/devkitPro/devkitARM/bin/../lib/gcc/arm-none-eabi/14.2.0/../../../../arm-none-eabi/lib\libstdc++.a(eh_exception.o)
                0x02014b38                std::exception::~exception()
                0x02014b38                std::exception::~exception()
 .text._ZNSt13bad_exceptionD2Ev
                0x02014b3c        0x4 C:/devkitPro/devkitARM/bin/../lib/gcc/arm-none-eabi/14.2.0/../../../../arm-none-eabi/lib\libstdc++.a(eh_exception.o)
                0x02014b3c                std::bad_exception::~bad_exception()
                0x02014b3c                std::bad_exception::~bad_exception()
 .text._ZNKSt9exception4whatEv
                0x02014b40        0xc C:/devkitPro/devkitARM/bin/../lib/gcc/arm-none-eabi/14.2.0/../../../../arm-none-eabi/lib\libstdc++.a(eh_exception.o)
                0x02014b40                std::exception::what() const
                0x02014b40                transaction clone for std::exception::what() const
 .text._ZNKSt13bad_exception4whatEv
                0x02014b4c        0xc C:/devkitPro/devkitARM/bin/../lib/gcc/arm-none-eabi/14.2.0/../../../../arm-none-eabi/lib\libstdc++.a(eh_exception.o)
                0x02014b4c                std::bad_exception::what() const
                0x02014b4c                transaction clone for std::bad_exception::what() const
 .text._ZNSt13bad_exceptionD0Ev
                0x02014b58       0x1c C:/devkitPro/devkitARM/bin/../lib/gcc/arm-none-eabi/14.2.0/../../../../arm-none-eabi/lib\libstdc++.a(eh_exception.o)
                0x02014b58                std::bad_exception::~bad_exception()
 .text._ZL28read_encoded_value_with_basehjPKhPj
                0x02014b74      0x150 C:/devkitPro/devkitARM/bin/../lib/gcc/arm-none-eabi/14.2.0/../../../../arm-none-eabi/lib\libstdc++.a(eh_personality.o)
 .text._ZL21base_of_encoded_valuehP15_Unwind_Context
                0x02014cc4       0x7c C:/devkitPro/devkitARM/bin/../lib/gcc/arm-none-eabi/14.2.0/../../../../arm-none-eabi/lib\libstdc++.a(eh_personality.o)
 .text._ZL17parse_lsda_headerP15_Unwind_ContextPKhP16lsda_header_info
                0x02014d40       0xd8 C:/devkitPro/devkitARM/bin/../lib/gcc/arm-none-eabi/14.2.0/../../../../arm-none-eabi/lib\libstdc++.a(eh_personality.o)
 .text.__gxx_personality_v0
                0x02014e18      0x71c C:/devkitPro/devkitARM/bin/../lib/gcc/arm-none-eabi/14.2.0/../../../../arm-none-eabi/lib\libstdc++.a(eh_personality.o)
                0x02014e18                __gxx_personality_v0
 .text._ZN10__cxxabiv111__terminateEPFvvE
                0x02015534       0x18 C:/devkitPro/devkitARM/bin/../lib/gcc/arm-none-eabi/14.2.0/../../../../arm-none-eabi/lib\libstdc++.a(eh_terminate.o)
                0x02015534                __cxxabiv1::__terminate(void (*)())
 .text._ZSt13get_terminatev
                0x0201554c       0x60 C:/devkitPro/devkitARM/bin/../lib/gcc/arm-none-eabi/14.2.0/../../../../arm-none-eabi/lib\libstdc++.a(eh_terminate.o)
                0x0201554c                std::get_terminate()
 .text.unlikely._ZSt9terminatev
                0x020155ac        0xc C:/devkitPro/devkitARM/bin/../lib/gcc/arm-none-eabi/14.2.0/../../../../arm-none-eabi/lib\libstdc++.a(eh_terminate.o)
                0x020155ac                std::terminate()
 .text._ZN10__cxxabiv112__unexpectedEPFvvE
                0x020155b8       0x10 C:/devkitPro/devkitARM/bin/../lib/gcc/arm-none-eabi/14.2.0/../../../../arm-none-eabi/lib\libstdc++.a(eh_terminate.o)
                0x020155b8                __cxxabiv1::__unexpected(void (*)())
 .text._ZSt14get_unexpectedv
                0x020155c8       0x60 C:/devkitPro/devkitARM/bin/../lib/gcc/arm-none-eabi/14.2.0/../../../../arm-none-eabi/lib\libstdc++.a(eh_terminate.o)
                0x020155c8                std::get_unexpected()
 .text.unlikely._ZSt10unexpectedv
                0x02015628        0xc C:/devkitPro/devkitARM/bin/../lib/gcc/arm-none-eabi/14.2.0/../../../../arm-none-eabi/lib\libstdc++.a(eh_terminate.o)
                0x02015628                std::unexpected()
 .text.startup._GLOBAL__sub_I__ZN10__cxxabiv111__terminateEPFvvE
                0x02015634       0x20 C:/devkitPro/devkitARM/bin/../lib/gcc/arm-none-eabi/14.2.0/../../../../arm-none-eabi/lib\libstdc++.a(eh_terminate.o)
 .text._ZL23__gxx_exception_cleanup19_Unwind_Reason_CodeP21_Unwind_Control_Block
                0x02015654       0x80 C:/devkitPro/devkitARM/bin/../lib/gcc/arm-none-eabi/14.2.0/../../../../arm-none-eabi/lib\libstdc++.a(eh_throw.o)
 .text.__cxa_init_primary_exception
                0x020156d4       0x74 C:/devkitPro/devkitARM/bin/../lib/gcc/arm-none-eabi/14.2.0/../../../../arm-none-eabi/lib\libstdc++.a(eh_throw.o)
                0x020156d4                __cxa_init_primary_exception
 .text.__cxa_throw
                0x02015748       0x54 C:/devkitPro/devkitARM/bin/../lib/gcc/arm-none-eabi/14.2.0/../../../../arm-none-eabi/lib\libstdc++.a(eh_throw.o)
                0x02015748                __cxa_throw
 .text.__cxa_rethrow
                0x0201579c       0xb0 C:/devkitPro/devkitARM/bin/../lib/gcc/arm-none-eabi/14.2.0/../../../../arm-none-eabi/lib\libstdc++.a(eh_throw.o)
                0x0201579c                __cxa_rethrow
 .text._ZSt15get_new_handlerv
                0x0201584c       0x60 C:/devkitPro/devkitARM/bin/../lib/gcc/arm-none-eabi/14.2.0/../../../../arm-none-eabi/lib\libstdc++.a(new_handler.o)
                0x0201584c                std::get_new_handler()
 .text.startup._GLOBAL__sub_I__ZSt7nothrow
                0x020158ac       0x20 C:/devkitPro/devkitARM/bin/../lib/gcc/arm-none-eabi/14.2.0/../../../../arm-none-eabi/lib\libstdc++.a(new_handler.o)
 .text._ZN10__cxxabiv120__si_class_type_infoD2Ev
                0x020158cc       0x24 C:/devkitPro/devkitARM/bin/../lib/gcc/arm-none-eabi/14.2.0/../../../../arm-none-eabi/lib\libstdc++.a(si_class_type_info.o)
                0x020158cc                __cxxabiv1::__si_class_type_info::~__si_class_type_info()
                0x020158cc                __cxxabiv1::__si_class_type_info::~__si_class_type_info()
 .text._ZN10__cxxabiv120__si_class_type_infoD0Ev
                0x020158f0       0x30 C:/devkitPro/devkitARM/bin/../lib/gcc/arm-none-eabi/14.2.0/../../../../arm-none-eabi/lib\libstdc++.a(si_class_type_info.o)
                0x020158f0                __cxxabiv1::__si_class_type_info::~__si_class_type_info()
 .text._ZNK10__cxxabiv120__si_class_type_info12__do_dyncastEiNS_17__class_type_info10__sub_kindEPKS1_PKvS4_S6_RNS1_16__dyncast_resultE
                0x02015920      0x140 C:/devkitPro/devkitARM/bin/../lib/gcc/arm-none-eabi/14.2.0/../../../../arm-none-eabi/lib\libstdc++.a(si_class_type_info.o)
                0x02015920                __cxxabiv1::__si_class_type_info::__do_dyncast(int, __cxxabiv1::__class_type_info::__sub_kind, __cxxabiv1::__class_type_info const*, void const*, __cxxabiv1::__class_type_info const*, void const*, __cxxabiv1::__class_type_info::__dyncast_result&) const
 .text._ZNK10__cxxabiv120__si_class_type_info20__do_find_public_srcEiPKvPKNS_17__class_type_infoES2_
                0x02015a60       0x8c C:/devkitPro/devkitARM/bin/../lib/gcc/arm-none-eabi/14.2.0/../../../../arm-none-eabi/lib\libstdc++.a(si_class_type_info.o)
                0x02015a60                __cxxabiv1::__si_class_type_info::__do_find_public_src(int, void const*, __cxxabiv1::__class_type_info const*, void const*) const
 .text._ZNK10__cxxabiv120__si_class_type_info11__do_upcastEPKNS_17__class_type_infoEPKvRNS1_15__upcast_resultE
                0x02015aec       0x4c C:/devkitPro/devkitARM/bin/../lib/gcc/arm-none-eabi/14.2.0/../../../../arm-none-eabi/lib\libstdc++.a(si_class_type_info.o)
                0x02015aec                __cxxabiv1::__si_class_type_info::__do_upcast(__cxxabiv1::__class_type_info const*, void const*, __cxxabiv1::__class_type_info::__upcast_result&) const
 .text._ZNSt9type_infoD2Ev
                0x02015b38        0x4 C:/devkitPro/devkitARM/bin/../lib/gcc/arm-none-eabi/14.2.0/../../../../arm-none-eabi/lib\libstdc++.a(tinfo.o)
                0x02015b38                std::type_info::~type_info()
                0x02015b38                std::type_info::~type_info()
 .text._ZNKSt9type_info14__is_pointer_pEv
                0x02015b3c        0x8 C:/devkitPro/devkitARM/bin/../lib/gcc/arm-none-eabi/14.2.0/../../../../arm-none-eabi/lib\libstdc++.a(tinfo.o)
                0x02015b3c                std::type_info::__is_pointer_p() const
                0x02015b3c                std::type_info::__is_function_p() const
 .text._ZN9__gnu_cxx18__exchange_and_addEPVii
                0x02015b44       0xec C:/devkitPro/devkitARM/bin/../lib/gcc/arm-none-eabi/14.2.0/../../../../arm-none-eabi/lib\libstdc++.a(atomicity.o)
                0x02015b44                __gnu_cxx::__exchange_and_add(int volatile*, int)
 .text._ZNK10__cxxabiv117__class_type_info11__do_upcastEPKS0_PPv
                0x02015c30       0x64 C:/devkitPro/devkitARM/bin/../lib/gcc/arm-none-eabi/14.2.0/../../../../arm-none-eabi/lib\libstdc++.a(class_type_info.o)
                0x02015c30                __cxxabiv1::__class_type_info::__do_upcast(__cxxabiv1::__class_type_info const*, void**) const
 .text._ZNK10__cxxabiv117__class_type_info20__do_find_public_srcEiPKvPKS0_S2_
                0x02015c94       0x14 C:/devkitPro/devkitARM/bin/../lib/gcc/arm-none-eabi/14.2.0/../../../../arm-none-eabi/lib\libstdc++.a(class_type_info.o)
                0x02015c94                __cxxabiv1::__class_type_info::__do_find_public_src(int, void const*, __cxxabiv1::__class_type_info const*, void const*) const
 .text._ZN10__cxxabiv117__class_type_infoD2Ev
                0x02015ca8       0x24 C:/devkitPro/devkitARM/bin/../lib/gcc/arm-none-eabi/14.2.0/../../../../arm-none-eabi/lib\libstdc++.a(class_type_info.o)
                0x02015ca8                __cxxabiv1::__class_type_info::~__class_type_info()
                0x02015ca8                __cxxabiv1::__class_type_info::~__class_type_info()
 .text._ZN10__cxxabiv117__class_type_infoD0Ev
                0x02015ccc       0x30 C:/devkitPro/devkitARM/bin/../lib/gcc/arm-none-eabi/14.2.0/../../../../arm-none-eabi/lib\libstdc++.a(class_type_info.o)
                0x02015ccc                __cxxabiv1::__class_type_info::~__class_type_info()
 .text._ZNK10__cxxabiv117__class_type_info11__do_upcastEPKS0_PKvRNS0_15__upcast_resultE
                0x02015cfc       0x6c C:/devkitPro/devkitARM/bin/../lib/gcc/arm-none-eabi/14.2.0/../../../../arm-none-eabi/lib\libstdc++.a(class_type_info.o)
                0x02015cfc                __cxxabiv1::__class_type_info::__do_upcast(__cxxabiv1::__class_type_info const*, void const*, __cxxabiv1::__class_type_info::__upcast_result&) const
 .text._ZNK10__cxxabiv117__class_type_info10__do_catchEPKSt9type_infoPPvj
                0x02015d68       0x84 C:/devkitPro/devkitARM/bin/../lib/gcc/arm-none-eabi/14.2.0/../../../../arm-none-eabi/lib\libstdc++.a(class_type_info.o)
                0x02015d68                __cxxabiv1::__class_type_info::__do_catch(std::type_info const*, void**, unsigned int) const
 .text._ZNK10__cxxabiv117__class_type_info12__do_dyncastEiNS0_10__sub_kindEPKS0_PKvS3_S5_RNS0_16__dyncast_resultE
                0x02015dec       0xdc C:/devkitPro/devkitARM/bin/../lib/gcc/arm-none-eabi/14.2.0/../../../../arm-none-eabi/lib\libstdc++.a(class_type_info.o)
                0x02015dec                __cxxabiv1::__class_type_info::__do_dyncast(int, __cxxabiv1::__class_type_info::__sub_kind, __cxxabiv1::__class_type_info const*, void const*, __cxxabiv1::__class_type_info const*, void const*, __cxxabiv1::__class_type_info::__dyncast_result&) const
 .text._ZdlPv   0x02015ec8       0x10 C:/devkitPro/devkitARM/bin/../lib/gcc/arm-none-eabi/14.2.0/../../../../arm-none-eabi/lib\libstdc++.a(del_op.o)
                0x02015ec8                operator delete(void*)
 .text.__cxa_end_cleanup
                0x02015ed8       0x10 C:/devkitPro/devkitARM/bin/../lib/gcc/arm-none-eabi/14.2.0/../../../../arm-none-eabi/lib\libstdc++.a(eh_arm.o)
                0x02015ed8                __cxa_end_cleanup
 .text.__cxa_type_match
                0x02015ee8      0x140 C:/devkitPro/devkitARM/bin/../lib/gcc/arm-none-eabi/14.2.0/../../../../arm-none-eabi/lib\libstdc++.a(eh_arm.o)
                0x02015ee8                __cxa_type_match
 .text.__cxa_begin_cleanup
                0x02016028       0xbc C:/devkitPro/devkitARM/bin/../lib/gcc/arm-none-eabi/14.2.0/../../../../arm-none-eabi/lib\libstdc++.a(eh_arm.o)
                0x02016028                __cxa_begin_cleanup
 .text.__gnu_end_cleanup
                0x020160e4       0xbc C:/devkitPro/devkitARM/bin/../lib/gcc/arm-none-eabi/14.2.0/../../../../arm-none-eabi/lib\libstdc++.a(eh_arm.o)
                0x020160e4                __gnu_end_cleanup
 .text.unlikely._ZN10__cxxabiv1L24__is_gxx_exception_classEPc
                0x020161a0       0x70 C:/devkitPro/devkitARM/bin/../lib/gcc/arm-none-eabi/14.2.0/../../../../arm-none-eabi/lib\libstdc++.a(eh_call.o)
 .text.unlikely.__cxa_call_terminate
                0x02016210       0x28 C:/devkitPro/devkitARM/bin/../lib/gcc/arm-none-eabi/14.2.0/../../../../arm-none-eabi/lib\libstdc++.a(eh_call.o)
                0x02016210                __cxa_call_terminate
 .text.unlikely.__cxa_call_unexpected
                0x02016238      0x140 C:/devkitPro/devkitARM/bin/../lib/gcc/arm-none-eabi/14.2.0/../../../../arm-none-eabi/lib\libstdc++.a(eh_call.o)
                0x02016238                __cxa_call_unexpected
 .text.__cxa_begin_catch
                0x02016378       0xd4 C:/devkitPro/devkitARM/bin/../lib/gcc/arm-none-eabi/14.2.0/../../../../arm-none-eabi/lib\libstdc++.a(eh_catch.o)
                0x02016378                __cxa_begin_catch
 .text.__cxa_end_catch
                0x0201644c       0xe0 C:/devkitPro/devkitARM/bin/../lib/gcc/arm-none-eabi/14.2.0/../../../../arm-none-eabi/lib\libstdc++.a(eh_catch.o)
                0x0201644c                __cxa_end_catch
 .text._ZL15eh_globals_dtorPv
                0x0201652c       0x40 C:/devkitPro/devkitARM/bin/../lib/gcc/arm-none-eabi/14.2.0/../../../../arm-none-eabi/lib\libstdc++.a(eh_globals.o)
 .text.__cxa_get_globals_fast
                0x0201656c       0x3c C:/devkitPro/devkitARM/bin/../lib/gcc/arm-none-eabi/14.2.0/../../../../arm-none-eabi/lib\libstdc++.a(eh_globals.o)
                0x0201656c                __cxa_get_globals_fast
 .text.__cxa_get_globals
                0x020165a8       0x78 C:/devkitPro/devkitARM/bin/../lib/gcc/arm-none-eabi/14.2.0/../../../../arm-none-eabi/lib\libstdc++.a(eh_globals.o)
                0x020165a8                __cxa_get_globals
 .text.startup._GLOBAL__sub_I__ZN17__eh_globals_init7_S_initE
                0x02016620       0x44 C:/devkitPro/devkitARM/bin/../lib/gcc/arm-none-eabi/14.2.0/../../../../arm-none-eabi/lib\libstdc++.a(eh_globals.o)
 .text.exit._GLOBAL__sub_D__ZN17__eh_globals_init7_S_initE
                0x02016664       0x38 C:/devkitPro/devkitARM/bin/../lib/gcc/arm-none-eabi/14.2.0/../../../../arm-none-eabi/lib\libstdc++.a(eh_globals.o)
 .text._ZNK9__gnu_cxx29__concurrence_broadcast_error4whatEv
                0x0201669c        0xc C:/devkitPro/devkitARM/bin/../lib/gcc/arm-none-eabi/14.2.0/../../../../arm-none-eabi/lib\libstdc++.a(guard.o)
                0x0201669c                __gnu_cxx::__concurrence_broadcast_error::what() const
 .text._ZNK9__gnu_cxx24__concurrence_wait_error4whatEv
                0x020166a8        0xc C:/devkitPro/devkitARM/bin/../lib/gcc/arm-none-eabi/14.2.0/../../../../arm-none-eabi/lib\libstdc++.a(guard.o)
                0x020166a8                __gnu_cxx::__concurrence_wait_error::what() const
 .text._ZN12_GLOBAL__N_1L4initEv
                0x020166b4       0x3c C:/devkitPro/devkitARM/bin/../lib/gcc/arm-none-eabi/14.2.0/../../../../arm-none-eabi/lib\libstdc++.a(guard.o)
 .text._ZN12_GLOBAL__N_1L16init_static_condEv
                0x020166f0       0x24 C:/devkitPro/devkitARM/bin/../lib/gcc/arm-none-eabi/14.2.0/../../../../arm-none-eabi/lib\libstdc++.a(guard.o)
 .text._ZN9__gnu_cxx24__concurrence_wait_errorD2Ev
                0x02016714       0x24 C:/devkitPro/devkitARM/bin/../lib/gcc/arm-none-eabi/14.2.0/../../../../arm-none-eabi/lib\libstdc++.a(guard.o)
                0x02016714                __gnu_cxx::__concurrence_wait_error::~__concurrence_wait_error()
                0x02016714                __gnu_cxx::__concurrence_wait_error::~__concurrence_wait_error()
 .text._ZN9__gnu_cxx24__concurrence_wait_errorD0Ev
                0x02016738       0x30 C:/devkitPro/devkitARM/bin/../lib/gcc/arm-none-eabi/14.2.0/../../../../arm-none-eabi/lib\libstdc++.a(guard.o)
                0x02016738                __gnu_cxx::__concurrence_wait_error::~__concurrence_wait_error()
 .text._ZN9__gnu_cxx29__concurrence_broadcast_errorD2Ev
                0x02016768       0x24 C:/devkitPro/devkitARM/bin/../lib/gcc/arm-none-eabi/14.2.0/../../../../arm-none-eabi/lib\libstdc++.a(guard.o)
                0x02016768                __gnu_cxx::__concurrence_broadcast_error::~__concurrence_broadcast_error()
                0x02016768                __gnu_cxx::__concurrence_broadcast_error::~__concurrence_broadcast_error()
 .text._ZN9__gnu_cxx29__concurrence_broadcast_errorD0Ev
                0x0201678c       0x30 C:/devkitPro/devkitARM/bin/../lib/gcc/arm-none-eabi/14.2.0/../../../../arm-none-eabi/lib\libstdc++.a(guard.o)
                0x0201678c                __gnu_cxx::__concurrence_broadcast_error::~__concurrence_broadcast_error()
 .text.unlikely._ZN9__gnu_cxx35__throw_concurrence_broadcast_errorEv
                0x020167bc       0x2c C:/devkitPro/devkitARM/bin/../lib/gcc/arm-none-eabi/14.2.0/../../../../arm-none-eabi/lib\libstdc++.a(guard.o)
                0x020167bc                __gnu_cxx::__throw_concurrence_broadcast_error()
 .text.__cxa_guard_acquire
                0x020167e8      0x180 C:/devkitPro/devkitARM/bin/../lib/gcc/arm-none-eabi/14.2.0/../../../../arm-none-eabi/lib\libstdc++.a(guard.o)
                0x020167e8                __cxa_guard_acquire
 .text.__cxa_guard_release
                0x02016968       0xbc C:/devkitPro/devkitARM/bin/../lib/gcc/arm-none-eabi/14.2.0/../../../../arm-none-eabi/lib\libstdc++.a(guard.o)
                0x02016968                __cxa_guard_release
 .text._ZN9__gnu_cxx20recursive_init_errorD2Ev
                0x02016a24       0x24 C:/devkitPro/devkitARM/bin/../lib/gcc/arm-none-eabi/14.2.0/../../../../arm-none-eabi/lib\libstdc++.a(guard_error.o)
                0x02016a24                __gnu_cxx::recursive_init_error::~recursive_init_error()
                0x02016a24                __gnu_cxx::recursive_init_error::~recursive_init_error()
 .text._ZN9__gnu_cxx20recursive_init_errorD0Ev
                0x02016a48       0x30 C:/devkitPro/devkitARM/bin/../lib/gcc/arm-none-eabi/14.2.0/../../../../arm-none-eabi/lib\libstdc++.a(guard_error.o)
                0x02016a48                __gnu_cxx::recursive_init_error::~recursive_init_error()
 .text._ZN9__gnu_cxx20recursive_init_errorC2Ev
                0x02016a78       0x10 C:/devkitPro/devkitARM/bin/../lib/gcc/arm-none-eabi/14.2.0/../../../../arm-none-eabi/lib\libstdc++.a(guard_error.o)
                0x02016a78                __gnu_cxx::recursive_init_error::recursive_init_error()
                0x02016a78                __gnu_cxx::recursive_init_error::recursive_init_error()
 .text.__muldi3
                0x02016a88       0x18 C:/devkitPro/devkitARM/bin/../lib/gcc/arm-none-eabi/14.2.0\libgcc.a(_muldi3.o)
                0x02016a88                __muldi3
                0x02016a88                __aeabi_lmul
 .text.__udivmoddi4
                0x02016aa0      0x128 C:/devkitPro/devkitARM/bin/../lib/gcc/arm-none-eabi/14.2.0\libgcc.a(_udivmoddi4.o)
                0x02016aa0                __udivmoddi4
 .text.selfrel_offset31
                0x02016bc8       0x18 C:/devkitPro/devkitARM/bin/../lib/gcc/arm-none-eabi/14.2.0\libgcc.a(unwind-arm.o)
 .text.search_EIT_table
                0x02016be0       0x98 C:/devkitPro/devkitARM/bin/../lib/gcc/arm-none-eabi/14.2.0\libgcc.a(unwind-arm.o)
 .text.__gnu_unwind_get_pr_addr
                0x02016c78       0x40 C:/devkitPro/devkitARM/bin/../lib/gcc/arm-none-eabi/14.2.0\libgcc.a(unwind-arm.o)
 .text.get_eit_entry
                0x02016cb8      0x118 C:/devkitPro/devkitARM/bin/../lib/gcc/arm-none-eabi/14.2.0\libgcc.a(unwind-arm.o)
 .text.restore_non_core_regs
                0x02016dd0       0x90 C:/devkitPro/devkitARM/bin/../lib/gcc/arm-none-eabi/14.2.0\libgcc.a(unwind-arm.o)
 .text._Unwind_decode_typeinfo_ptr.constprop.0
                0x02016e60       0x14 C:/devkitPro/devkitARM/bin/../lib/gcc/arm-none-eabi/14.2.0\libgcc.a(unwind-arm.o)
 .text._Unwind_DebugHook
                0x02016e74        0x4 C:/devkitPro/devkitARM/bin/../lib/gcc/arm-none-eabi/14.2.0\libgcc.a(unwind-arm.o)
 .text.unwind_phase2
                0x02016e78       0x68 C:/devkitPro/devkitARM/bin/../lib/gcc/arm-none-eabi/14.2.0\libgcc.a(unwind-arm.o)
 .text.unwind_phase2_forced
                0x02016ee0      0x154 C:/devkitPro/devkitARM/bin/../lib/gcc/arm-none-eabi/14.2.0\libgcc.a(unwind-arm.o)
 .text.__gnu_Unwind_RaiseException
                0x02017034       0xac C:/devkitPro/devkitARM/bin/../lib/gcc/arm-none-eabi/14.2.0\libgcc.a(unwind-arm.o)
                0x02017034                __gnu_Unwind_RaiseException
 .text.__gnu_Unwind_ForcedUnwind
                0x020170e0       0x28 C:/devkitPro/devkitARM/bin/../lib/gcc/arm-none-eabi/14.2.0\libgcc.a(unwind-arm.o)
                0x020170e0                __gnu_Unwind_ForcedUnwind
 .text.__gnu_Unwind_Resume
                0x02017108       0x78 C:/devkitPro/devkitARM/bin/../lib/gcc/arm-none-eabi/14.2.0\libgcc.a(unwind-arm.o)
                0x02017108                __gnu_Unwind_Resume
 .text.__gnu_Unwind_Resume_or_Rethrow
                0x02017180       0x2c C:/devkitPro/devkitARM/bin/../lib/gcc/arm-none-eabi/14.2.0\libgcc.a(unwind-arm.o)
                0x02017180                __gnu_Unwind_Resume_or_Rethrow
 .text._Unwind_Complete
                0x020171ac        0x4 C:/devkitPro/devkitARM/bin/../lib/gcc/arm-none-eabi/14.2.0\libgcc.a(unwind-arm.o)
                0x020171ac                _Unwind_Complete
 .text._Unwind_DeleteException
                0x020171b0       0x18 C:/devkitPro/devkitARM/bin/../lib/gcc/arm-none-eabi/14.2.0\libgcc.a(unwind-arm.o)
                0x020171b0                _Unwind_DeleteException
 .text._Unwind_VRS_Get
                0x020171c8       0x64 C:/devkitPro/devkitARM/bin/../lib/gcc/arm-none-eabi/14.2.0\libgcc.a(unwind-arm.o)
                0x020171c8                _Unwind_VRS_Get
 .text._Unwind_GetGR
                0x0201722c       0x30 C:/devkitPro/devkitARM/bin/../lib/gcc/arm-none-eabi/14.2.0\libgcc.a(unwind-arm.o)
 .text._Unwind_VRS_Set
                0x0201725c       0x64 C:/devkitPro/devkitARM/bin/../lib/gcc/arm-none-eabi/14.2.0\libgcc.a(unwind-arm.o)
                0x0201725c                _Unwind_VRS_Set
 .text._Unwind_SetGR
                0x020172c0       0x30 C:/devkitPro/devkitARM/bin/../lib/gcc/arm-none-eabi/14.2.0\libgcc.a(unwind-arm.o)
 .text.__gnu_Unwind_Backtrace
                0x020172f0       0xcc C:/devkitPro/devkitARM/bin/../lib/gcc/arm-none-eabi/14.2.0\libgcc.a(unwind-arm.o)
                0x020172f0                __gnu_Unwind_Backtrace
 .text.__gnu_unwind_pr_common
                0x020173bc      0x41c C:/devkitPro/devkitARM/bin/../lib/gcc/arm-none-eabi/14.2.0\libgcc.a(unwind-arm.o)
 .text.__aeabi_unwind_cpp_pr0
                0x020177d8        0x8 C:/devkitPro/devkitARM/bin/../lib/gcc/arm-none-eabi/14.2.0\libgcc.a(unwind-arm.o)
                0x020177d8                __aeabi_unwind_cpp_pr0
 .text.__aeabi_unwind_cpp_pr1
                0x020177e0        0x8 C:/devkitPro/devkitARM/bin/../lib/gcc/arm-none-eabi/14.2.0\libgcc.a(unwind-arm.o)
                0x020177e0                __aeabi_unwind_cpp_pr1
 .text.__aeabi_unwind_cpp_pr2
                0x020177e8        0x8 C:/devkitPro/devkitARM/bin/../lib/gcc/arm-none-eabi/14.2.0\libgcc.a(unwind-arm.o)
                0x020177e8                __aeabi_unwind_cpp_pr2
 .text._Unwind_VRS_Pop
                0x020177f0      0x45c C:/devkitPro/devkitARM/bin/../lib/gcc/arm-none-eabi/14.2.0\libgcc.a(unwind-arm.o)
                0x020177f0                _Unwind_VRS_Pop
 .text.next_unwind_byte
                0x02017c4c       0x60 C:/devkitPro/devkitARM/bin/../lib/gcc/arm-none-eabi/14.2.0\libgcc.a(pr-support.o)
 .text._Unwind_GetGR.constprop.0
                0x02017cac       0x30 C:/devkitPro/devkitARM/bin/../lib/gcc/arm-none-eabi/14.2.0\libgcc.a(pr-support.o)
 .text.unwind_UCB_from_context
                0x02017cdc        0x4 C:/devkitPro/devkitARM/bin/../lib/gcc/arm-none-eabi/14.2.0\libgcc.a(pr-support.o)
 .text.__gnu_unwind_execute
                0x02017ce0      0x46c C:/devkitPro/devkitARM/bin/../lib/gcc/arm-none-eabi/14.2.0\libgcc.a(pr-support.o)
                0x02017ce0                __gnu_unwind_execute
 .text.__gnu_unwind_frame
                0x0201814c       0x4c C:/devkitPro/devkitARM/bin/../lib/gcc/arm-none-eabi/14.2.0\libgcc.a(pr-support.o)
                0x0201814c                __gnu_unwind_frame
 .text._Unwind_GetRegionStart
                0x02018198       0x14 C:/devkitPro/devkitARM/bin/../lib/gcc/arm-none-eabi/14.2.0\libgcc.a(pr-support.o)
                0x02018198                _Unwind_GetRegionStart
 .text._Unwind_GetLanguageSpecificData
                0x020181ac       0x20 C:/devkitPro/devkitARM/bin/../lib/gcc/arm-none-eabi/14.2.0\libgcc.a(pr-support.o)
                0x020181ac                _Unwind_GetLanguageSpecificData
 .text.unlikely._Unwind_GetDataRelBase
                0x020181cc        0x8 C:/devkitPro/devkitARM/bin/../lib/gcc/arm-none-eabi/14.2.0\libgcc.a(pr-support.o)
                0x020181cc                _Unwind_GetDataRelBase
 .text.unlikely._Unwind_GetTextRelBase
                0x020181d4        0x8 C:/devkitPro/devkitARM/bin/../lib/gcc/arm-none-eabi/14.2.0\libgcc.a(pr-support.o)
                0x020181d4                _Unwind_GetTextRelBase
 .text.strncmp  0x020181dc       0xe0 C:/devkitPro/devkitARM/bin/../lib/gcc/arm-none-eabi/14.2.0/../../../../arm-none-eabi/lib\libg.a(libc_a-strncmp.o)
                0x020181dc                strncmp
 .text.strchr   0x020182bc      0x13c C:/devkitPro/devkitARM/bin/../lib/gcc/arm-none-eabi/14.2.0/../../../../arm-none-eabi/lib\libg.a(libc_a-strchr.o)
                0x020182bc                strchr
 .text.getenv   0x020183f8       0x28 C:/devkitPro/devkitARM/bin/../lib/gcc/arm-none-eabi/14.2.0/../../../../arm-none-eabi/lib\libg.a(libc_a-getenv.o)
                0x020183f8                getenv
 .text.strlen   0x02018420       0x60 C:/devkitPro/devkitARM/bin/../lib/gcc/arm-none-eabi/14.2.0/../../../../arm-none-eabi/lib\libg.a(libc_a-strlen-stub.o)
                0x02018420                strlen
 .text.memmove  0x02018480      0x164 C:/devkitPro/devkitARM/bin/../lib/gcc/arm-none-eabi/14.2.0/../../../../arm-none-eabi/lib\libg.a(libc_a-memmove.o)
                0x02018480                memmove
 .text.__locale_mb_cur_max
                0x020185e4       0x28 C:/devkitPro/devkitARM/bin/../lib/gcc/arm-none-eabi/14.2.0/../../../../arm-none-eabi/lib\libg.a(libc_a-locale.o)
                0x020185e4                __locale_mb_cur_max
 .text.memcmp   0x0201860c       0xdc C:/devkitPro/devkitARM/bin/../lib/gcc/arm-none-eabi/14.2.0/../../../../arm-none-eabi/lib\libg.a(libc_a-memcmp.o)
                0x0201860c                memcmp
 .text._strtoul_l.isra.0
                0x020186e8      0x1e8 C:/devkitPro/devkitARM/bin/../lib/gcc/arm-none-eabi/14.2.0/../../../../arm-none-eabi/lib\libg.a(libc_a-strtoul.o)
 .text._strtoul_r
                0x020188d0       0x30 C:/devkitPro/devkitARM/bin/../lib/gcc/arm-none-eabi/14.2.0/../../../../arm-none-eabi/lib\libg.a(libc_a-strtoul.o)
                0x020188d0                _strtoul_r
 .text.strtoul  0x02018900       0x34 C:/devkitPro/devkitARM/bin/../lib/gcc/arm-none-eabi/14.2.0/../../../../arm-none-eabi/lib\libg.a(libc_a-strtoul.o)
                0x02018900                strtoul
 .text.__utf8_mbtowc
                0x02018934      0x334 C:/devkitPro/devkitARM/bin/../lib/gcc/arm-none-eabi/14.2.0/../../../../arm-none-eabi/lib\libg.a(libc_a-mbtowc_r.o)
                0x02018934                __utf8_mbtowc
 .text._fread_r
                0x02018c68      0x33c C:/devkitPro/devkitARM/bin/../lib/gcc/arm-none-eabi/14.2.0/../../../../arm-none-eabi/lib\libg.a(libc_a-fread.o)
                0x02018c68                _fread_r
 .text.fread    0x02018fa4       0x3c C:/devkitPro/devkitARM/bin/../lib/gcc/arm-none-eabi/14.2.0/../../../../arm-none-eabi/lib\libg.a(libc_a-fread.o)
                0x02018fa4                fread
 .text.calloc   0x02018fe0       0x24 C:/devkitPro/devkitARM/bin/../lib/gcc/arm-none-eabi/14.2.0/../../../../arm-none-eabi/lib\libg.a(libc_a-calloc.o)
                0x02018fe0                calloc
 .text.siscanf  0x02019004       0x78 C:/devkitPro/devkitARM/bin/../lib/gcc/arm-none-eabi/14.2.0/../../../../arm-none-eabi/lib\libg.a(libc_a-siscanf.o)
                0x02019004                siscanf
 .text.__sread  0x0201907c       0x4c C:/devkitPro/devkitARM/bin/../lib/gcc/arm-none-eabi/14.2.0/../../../../arm-none-eabi/lib\libg.a(libc_a-stdio.o)
                0x0201907c                __sread
 .text.__seofread
                0x020190c8        0x8 C:/devkitPro/devkitARM/bin/../lib/gcc/arm-none-eabi/14.2.0/../../../../arm-none-eabi/lib\libg.a(libc_a-stdio.o)
                0x020190c8                __seofread
 .text.__swrite
                0x020190d0       0x6c C:/devkitPro/devkitARM/bin/../lib/gcc/arm-none-eabi/14.2.0/../../../../arm-none-eabi/lib\libg.a(libc_a-stdio.o)
                0x020190d0                __swrite